 PSINS

 Timestamp is 69e96aa8 (Thu Apr 23 08:41:12 2026)

 Preferred load address is 00400000

 Start         Length     Name                   Class
 0001:00000000 0006212aH .text                   CODE
 0001:00062130 00000813H .text$x                 CODE
 0002:00000000 00002bb4H .rdata                  DATA
 0002:00002bb8 0000017cH .rdata$r                DATA
 0002:00002d38 00000a88H .xdata$x                DATA
 0002:000037c0 00000699H .edata                  DATA
 0003:00000000 00000004H .CRT$XCA                DATA
 0003:00000004 00000034H .CRT$XCU                DATA
 0003:00000038 00000004H .CRT$XCZ                DATA
 0003:0000003c 00000004H .CRT$XIA                DATA
 0003:00000040 00000010H .CRT$XIC                DATA
 0003:00000050 00000004H .CRT$XIY                DATA
 0003:00000054 00000004H .CRT$XIZ                DATA
 0003:00000058 00000004H .CRT$XPA                DATA
 0003:0000005c 00000008H .CRT$XPX                DATA
 0003:00000064 00000004H .CRT$XPZ                DATA
 0003:00000068 00000004H .CRT$XTA                DATA
 0003:0000006c 00000004H .CRT$XTB                DATA
 0003:00000070 00000004H .CRT$XTZ                DATA
 0003:00000080 0000432cH .data                   DATA
 0003:000043b0 00002098H .bss                    DATA
 0004:00000000 0000003cH .idata$2                DATA
 0004:0000003c 00000014H .idata$3                DATA
 0004:00000050 000001c4H .idata$4                DATA
 0004:00000214 000001c4H .idata$5                DATA
 0004:000003d8 000007faH .idata$6                DATA

  Address         Publics by Value              Rva+Base     Lib:Object

 0001:00000000       ??0CKFApp@@QAE@N@Z         00401000 f   KFApp.obj
 0001:00000060       ?Init@CKFApp@@UAEXABVCSINS@@H@Z 00401060 f   KFApp.obj
 0001:000004a0       ?RTOutput@CSINSTDKF@@UAEXXZ 004014a0 f i KFApp.obj
 0001:000004d0       ?Miscellanous@CSINSTDKF@@UAEXXZ 004014d0 f i KFApp.obj
 0001:00000500       ?SecretAttitude@CSINSTDKF@@UAEXXZ 00401500 f i KFApp.obj
 0001:00000530       ?SetMeas@CSINSGNSS@@UAEXXZ 00401530 f i KFApp.obj
 0001:000005a0       ?id@?$ctype@G@std@@$D      004015a0 f i KFApp.obj
 0001:00000620       ?id@?$ctype@G@std@@$E      00401620 f i KFApp.obj
 0001:00000640       ??0CSerialPort@itas109@@QAE@ABV01@@Z 00401640 f i KFApp.obj
 0001:000007d0       ??0?$list@UserialPortBuffer@@V?$allocator@UserialPortBuffer@@@std@@@std@@QAE@ABV01@@Z 004017d0 f i KFApp.obj
 0001:00000860       ?begin@?$list@UserialPortBuffer@@V?$allocator@UserialPortBuffer@@@std@@@std@@QAE?AViterator@12@XZ 00401860 f i KFApp.obj
 0001:000008c0       ?begin@?$list@UserialPortBuffer@@V?$allocator@UserialPortBuffer@@@std@@@std@@QBE?AVconst_iterator@12@XZ 004018c0 f i KFApp.obj
 0001:00000920       ?end@?$list@UserialPortBuffer@@V?$allocator@UserialPortBuffer@@@std@@@std@@QBE?AVconst_iterator@12@XZ 00401920 f i KFApp.obj
 0001:00000970       ?insert@?$list@UserialPortBuffer@@V?$allocator@UserialPortBuffer@@@std@@@std@@QAEXViterator@12@Vconst_iterator@12@1@Z 00401970 f i KFApp.obj
 0001:000009e0       ?_Buynode@?$list@UserialPortBuffer@@V?$allocator@UserialPortBuffer@@@std@@@std@@IAEPAU_Node@12@PAU312@0@Z 004019e0 f i KFApp.obj
 0001:00000a70       ??Dconst_iterator@?$list@UserialPortBuffer@@V?$allocator@UserialPortBuffer@@@std@@@std@@QBEABUserialPortBuffer@@XZ 00401a70 f i KFApp.obj
 0001:00000ab0       ??Econst_iterator@?$list@UserialPortBuffer@@V?$allocator@UserialPortBuffer@@@std@@@std@@QAEAAV012@XZ 00401ab0 f i KFApp.obj
 0001:00000b00       ??9const_iterator@?$list@UserialPortBuffer@@V?$allocator@UserialPortBuffer@@@std@@@std@@QBE_NABV012@@Z 00401b00 f i KFApp.obj
 0001:00000b50       ?insert@?$list@UserialPortBuffer@@V?$allocator@UserialPortBuffer@@@std@@@std@@QAE?AViterator@12@V312@ABUserialPortBuffer@@@Z 00401b50 f i KFApp.obj
 0001:00000c30       ?_Next@_Acc@?$list@UserialPortBuffer@@V?$allocator@UserialPortBuffer@@@std@@@std@@SAAAPAU_Node@23@PAU423@@Z 00401c30 f i KFApp.obj
 0001:00000c60       ?_Prev@_Acc@?$list@UserialPortBuffer@@V?$allocator@UserialPortBuffer@@@std@@@std@@SAAAPAU_Node@23@PAU423@@Z 00401c60 f i KFApp.obj
 0001:00000c90       ?_Value@_Acc@?$list@UserialPortBuffer@@V?$allocator@UserialPortBuffer@@@std@@@std@@SAAAUserialPortBuffer@@PAU_Node@23@@Z 00401c90 f i KFApp.obj
 0001:00000cc0       ?_Charalloc@?$allocator@UserialPortBuffer@@@std@@QAEPADI@Z 00401cc0 f i KFApp.obj
 0001:00000d00       ??0const_iterator@?$list@UserialPortBuffer@@V?$allocator@UserialPortBuffer@@@std@@@std@@QAE@PAU_Node@12@@Z 00401d00 f i KFApp.obj
 0001:00000d40       ??8const_iterator@?$list@UserialPortBuffer@@V?$allocator@UserialPortBuffer@@@std@@@std@@QBE_NABV012@@Z 00401d40 f i KFApp.obj
 0001:00000d80       ??0iterator@?$list@UserialPortBuffer@@V?$allocator@UserialPortBuffer@@@std@@@std@@QAE@PAU_Node@12@@Z 00401d80 f i KFApp.obj
 0001:00000dc0       ?construct@?$allocator@UserialPortBuffer@@@std@@QAEXPAUserialPortBuffer@@ABU3@@Z 00401dc0 f i KFApp.obj
 0001:00000e00       ?_Mynode@const_iterator@?$list@UserialPortBuffer@@V?$allocator@UserialPortBuffer@@@std@@@std@@QBEPAU_Node@23@XZ 00401e00 f i KFApp.obj
 0001:00000e30       ?_Allocate@std@@YAPADHPAD@Z 00401e30 f i KFApp.obj
 0001:00000e80       ?_Construct@std@@YAXPAUserialPortBuffer@@ABU2@@Z 00401e80 f i KFApp.obj
 0001:00000ee0       ??2@YAPAXIPAX@Z            00401ee0 f i KFApp.obj
 0001:00000f10       ??4CSerialPort@itas109@@QAEAAV01@ABV01@@Z 00401f10 f i KFApp.obj
 0001:000010b0       ??4?$list@UserialPortBuffer@@V?$allocator@UserialPortBuffer@@@std@@@std@@QAEAAV01@ABV01@@Z 004020b0 f i KFApp.obj
 0001:000011c0       ?end@?$list@UserialPortBuffer@@V?$allocator@UserialPortBuffer@@@std@@@std@@QAE?AViterator@12@XZ 004021c0 f i KFApp.obj
 0001:00001210       ?erase@?$list@UserialPortBuffer@@V?$allocator@UserialPortBuffer@@@std@@@std@@QAE?AViterator@12@V312@0@Z 00402210 f i KFApp.obj
 0001:00001280       ??Diterator@?$list@UserialPortBuffer@@V?$allocator@UserialPortBuffer@@@std@@@std@@QBEAAUserialPortBuffer@@XZ 00402280 f i KFApp.obj
 0001:000012c0       ??Eiterator@?$list@UserialPortBuffer@@V?$allocator@UserialPortBuffer@@@std@@@std@@QAEAAV012@XZ 004022c0 f i KFApp.obj
 0001:00001310       ??9iterator@?$list@UserialPortBuffer@@V?$allocator@UserialPortBuffer@@@std@@@std@@QBE_NABV012@@Z 00402310 f i KFApp.obj
 0001:00001360       ?erase@?$list@UserialPortBuffer@@V?$allocator@UserialPortBuffer@@@std@@@std@@QAE?AViterator@12@V312@@Z 00402360 f i KFApp.obj
 0001:00001440       ?_Freenode@?$list@UserialPortBuffer@@V?$allocator@UserialPortBuffer@@@std@@@std@@IAEXPAU_Node@12@@Z 00402440 f i KFApp.obj
 0001:00001480       ?deallocate@?$allocator@UserialPortBuffer@@@std@@QAEXPAXI@Z 00402480 f i KFApp.obj
 0001:000014c0       ??Eiterator@?$list@UserialPortBuffer@@V?$allocator@UserialPortBuffer@@@std@@@std@@QAE?AV012@H@Z 004024c0 f i KFApp.obj
 0001:00001510       ??8iterator@?$list@UserialPortBuffer@@V?$allocator@UserialPortBuffer@@@std@@@std@@QBE_NABV012@@Z 00402510 f i KFApp.obj
 0001:00001550       ?destroy@?$allocator@UserialPortBuffer@@@std@@QAEXPAUserialPortBuffer@@@Z 00402550 f i KFApp.obj
 0001:00001590       ?_Destroy@std@@YAXPAUserialPortBuffer@@@Z 00402590 f i KFApp.obj
 0001:000015b0       ??_GCSerialPort@itas109@@UAEPAXI@Z 004025b0 f i KFApp.obj
 0001:00001610       ??_ECSerialPort@itas109@@UAEPAXI@Z 00402610 f i KFApp.obj
 0001:000016b0       ??4CSerialPortInfo@itas109@@QAEAAV01@ABV01@@Z 004026b0 f i KFApp.obj
 0001:000016f0       _main                      004026f0 f   Main_SinsGps.obj
 0001:00001950       ?main1@@YAXXZ              00402950 f   Main_SinsGps.obj
 0001:00001d90       ??1CFileRdSr@@QAE@XZ       00402d90 f i Main_SinsGps.obj
 0001:00001e50       ?load@CFileRdSr@@QAEHH@Z   00402e50 f i Main_SinsGps.obj
 0001:00002420       ??0CGLV@@QAE@NNN@Z         00403420 f   PSINS.obj
 0001:00002740       ?toc@CGLV@@QAEHH@Z         00403740 f   PSINS.obj
 0001:000027b0       ??1CGLV@@QAE@XZ            004037b0 f   PSINS.obj
 0001:000027f0       ??0CVect3@@QAE@XZ          004037f0 f   PSINS.obj
 0001:00002820       ??0CVect3@@QAE@N@Z         00403820 f   PSINS.obj
 0001:00002880       ??0CVect3@@QAE@NNN@Z       00403880 f   PSINS.obj
 0001:000028e0       ??0CVect3@@QAE@PBN@Z       004038e0 f   PSINS.obj
 0001:00002950       ??0CVect3@@QAE@PBM@Z       00403950 f   PSINS.obj
 0001:000029b0       ??0CVect3@@QAE@PBHN@Z      004039b0 f   PSINS.obj
 0001:00002a20       ?IsZero@@YAHABVCVect3@@N@Z 00403a20 f   PSINS.obj
 0001:00002ac0       ?IsZeroXY@@YAHABVCVect3@@N@Z 00403ac0 f   PSINS.obj
 0001:00002b40       ?IsNaN@@YAHABVCVect3@@@Z   00403b40 f   PSINS.obj
 0001:00002b70       ?IsRad@@YAHABVCVect3@@H@Z  00403b70 f   PSINS.obj
 0001:00002bf0       ?AccScale@@YANABVCVect3@@NN@Z 00403bf0 f   PSINS.obj
 0001:00002c40       ??HCVect3@@QBE?AV0@ABV0@@Z 00403c40 f   PSINS.obj
 0001:00002cc0       ??GCVect3@@QBE?AV0@ABV0@@Z 00403cc0 f   PSINS.obj
 0001:00002d40       ??DCVect3@@QBE?AV0@ABV0@@Z 00403d40 f   PSINS.obj
 0001:00002df0       ??DCVect3@@QBE?AV0@N@Z     00403df0 f   PSINS.obj
 0001:00002e70       ??DCVect3@@QBE?AV0@ABVCMat3@@@Z 00403e70 f   PSINS.obj
 0001:00002f40       ??KCVect3@@QBE?AV0@N@Z     00403f40 f   PSINS.obj
 0001:00002fc0       ??KCVect3@@QBE?AV0@ABV0@@Z 00403fc0 f   PSINS.obj
 0001:00003040       ??4CVect3@@QAEAAV0@N@Z     00404040 f   PSINS.obj
 0001:000030a0       ??4CVect3@@QAEAAV0@PBN@Z   004040a0 f   PSINS.obj
 0001:00003110       ??YCVect3@@QAEAAV0@ABV0@@Z 00404110 f   PSINS.obj
 0001:00003170       ??ZCVect3@@QAEAAV0@ABV0@@Z 00404170 f   PSINS.obj
 0001:000031d0       ??XCVect3@@QAEAAV0@N@Z     004041d0 f   PSINS.obj
 0001:00003230       ??_0CVect3@@QAEAAV0@N@Z    00404230 f   PSINS.obj
 0001:00003290       ??_0CVect3@@QAEAAV0@ABV0@@Z 00404290 f   PSINS.obj
 0001:000032f0       ??D@YA?AVCVect3@@NABV0@@Z  004042f0 f   PSINS.obj
 0001:00003360       ??G@YA?AVCVect3@@ABV0@@Z   00404360 f   PSINS.obj
 0001:000033d0       ??RCVect3@@QAEAANH@Z       004043d0 f   PSINS.obj
 0001:00003400       ?crossXY@@YANABVCVect3@@0@Z 00404400 f   PSINS.obj
 0001:00003440       ?vxv@@YA?AVCMat3@@ABVCVect3@@0@Z 00404440 f   PSINS.obj
 0001:00003530       ?sqrt@@YA?AVCVect3@@ABV1@@Z 00404530 f   PSINS.obj
 0001:000035b0       ?pow@@YA?AVCVect3@@ABV1@H@Z 004045b0 f   PSINS.obj
 0001:00003630       ?abs@@YA?AVCVect3@@ABV1@@Z 00404630 f   PSINS.obj
 0001:00003720       ?absp@@YA?AVCVect3@@ABV1@@Z 00404720 f   PSINS.obj
 0001:000037a0       ?absp@@YANN@Z              004047a0 f i PSINS.obj
 0001:000037f0       ?maxabs@@YA?AVCVect3@@ABV1@0@Z 004047f0 f   PSINS.obj
 0001:000039f0       ?norm@@YANABVCVect3@@@Z    004049f0 f   PSINS.obj
 0001:00003a50       ?normlize@@YANPAVCVect3@@@Z 00404a50 f   PSINS.obj
 0001:00003ac0       ?normInf@@YANABVCVect3@@@Z 00404ac0 f   PSINS.obj
 0001:00003c00       ?normXY@@YANABVCVect3@@@Z  00404c00 f   PSINS.obj
 0001:00003c50       ?normXYInf@@YANABVCVect3@@@Z 00404c50 f   PSINS.obj
 0001:00003d10       ?dot@@YANABVCVect3@@0@Z    00404d10 f   PSINS.obj
 0001:00003d60       ?dotmul@@YA?AVCVect3@@ABV1@0@Z 00404d60 f   PSINS.obj
 0001:00003de0       ?dotdiv@@YA?AVCVect3@@ABV1@0@Z 00404de0 f   PSINS.obj
 0001:00003e60       ?rv2q@@YA?AVCQuat@@ABVCVect3@@@Z 00404e60 f   PSINS.obj
 0001:00003fb0       ?rv2m@@YA?AVCMat3@@ABVCVect3@@@Z 00404fb0 f   PSINS.obj
 0001:00004010       ?askew@@YA?AVCMat3@@ABVCVect3@@@Z 00405010 f   PSINS.obj
 0001:000040b0       ?pos2Cen@@YA?AVCMat3@@ABVCVect3@@@Z 004050b0 f   PSINS.obj
 0001:000041b0       ?pp2vn@@YA?AVCVect3@@ABV1@0NPAVCEarth@@@Z 004051b0 f   PSINS.obj
 0001:00004300       ?pp2att@@YA?AVCVect3@@ABV1@0@Z 00405300 f   PSINS.obj
 0001:00004370       ?sinAng@@YANABVCVect3@@00@Z 00405370 f   PSINS.obj
 0001:00004460       ?MagYaw@@YANABVCVect3@@0N@Z 00405460 f   PSINS.obj
 0001:00004550       ?xyz2blh@@YA?AVCVect3@@ABV1@@Z 00405550 f   PSINS.obj
 0001:00004710       ?blh2xyz@@YA?AVCVect3@@ABV1@@Z 00405710 f   PSINS.obj
 0001:00004820       ?Vxyz2enu@@YA?AVCVect3@@ABV1@0@Z 00405820 f   PSINS.obj
 0001:00004880       ?v2double@@YA?AVCVect3@@N@Z 00405880 f   PSINS.obj
 0001:00004950       ?v3double@@YA?AVCVect3@@N@Z 00405950 f   PSINS.obj
 0001:00004a50       ?v5double@@YAXNAAVCVect3@@0@Z 00405a50 f   PSINS.obj
 0001:00004b40       ?v2flt@@YAXPAMPBVCVect3@@ZZ 00405b40 f   PSINS.obj
 0001:00004bd0       ?sort@@YA?AVCVect3@@ABV1@@Z 00405bd0 f   PSINS.obj
 0001:00004ca0       ?median@@YANABN00@Z        00405ca0 f   PSINS.obj
 0001:00004d00       ?median@@YANABVCVect3@@@Z  00405d00 f   PSINS.obj
 0001:00004de0       ?dm2r@@YA?AVCVect3@@ABV1@H@Z 00405de0 f   PSINS.obj
 0001:00004eb0       ?v3mmm@@YA?AVCVect3@@ABV1@00PAV1@H0@Z 00405eb0 f   PSINS.obj
 0001:00005130       ?fopp@@YA?AVCVect3@@ABV1@00@Z 00406130 f   PSINS.obj
 0001:00005230       ?fopp@@YA?AVCVect3@@ABV1@000@Z 00406230 f   PSINS.obj
 0001:00005380       ?tp2att@@YA?AVCVect3@@ABV1@00@Z 00406380 f   PSINS.obj
 0001:00005510       ?addw@@YA?AVCVect3@@ABV1@0NN@Z 00406510 f   PSINS.obj
 0001:000055c0       ?attract@@YA?AVCVect3@@ABV1@00@Z 004065c0 f   PSINS.obj
 0001:00005720       ?ff2muxy@@YA?AVCVect3@@ABV1@0PBD1@Z 00406720 f   PSINS.obj
 0001:00005830       ?ff2mu@@YA?AVCVect3@@ABV1@0N@Z 00406830 f   PSINS.obj
 0001:00005930       ??0CQuat@@QAE@XZ           00406930 f   PSINS.obj
 0001:00005960       ??0CQuat@@QAE@NABVCVect3@@@Z 00406960 f   PSINS.obj
 0001:000059d0       ??0CQuat@@QAE@NNNN@Z       004069d0 f   PSINS.obj
 0001:00005a40       ??0CQuat@@QAE@PBN@Z        00406a40 f   PSINS.obj
 0001:00005ad0       ??HCQuat@@QBE?AV0@ABVCVect3@@@Z 00406ad0 f   PSINS.obj
 0001:00005b60       ??GCQuat@@QBE?AV0@ABVCVect3@@@Z 00406b60 f   PSINS.obj
 0001:00005be0       ??GCQuat@@QBE?AVCVect3@@ABV0@@Z 00406be0 f   PSINS.obj
 0001:00005d20       ??DCQuat@@QBE?AV0@ABV0@@Z  00406d20 f   PSINS.obj
 0001:00005e50       ??XCQuat@@QAEAAV0@ABV0@@Z  00406e50 f   PSINS.obj
 0001:00005ea0       ??ZCQuat@@QAEAAV0@ABVCVect3@@@Z 00406ea0 f   PSINS.obj
 0001:00005f20       ??S@YA?AVCQuat@@ABV0@@Z    00406f20 f   PSINS.obj
 0001:00005fa0       ??DCQuat@@QBE?AVCVect3@@ABV1@@Z 00406fa0 f   PSINS.obj
 0001:00006130       ?SetYaw@CQuat@@QAEXN@Z     00407130 f   PSINS.obj
 0001:000061b0       ?normlize@@YANPAVCQuat@@@Z 004071b0 f   PSINS.obj
 0001:00006260       ?q2rv@@YA?AVCVect3@@ABVCQuat@@@Z 00407260 f   PSINS.obj
 0001:00006390       ?qq2phi@@YA?AVCVect3@@ABVCQuat@@0@Z 00407390 f   PSINS.obj
 0001:00006400       ?addmu@@YA?AVCQuat@@ABV1@ABVCVect3@@@Z 00407400 f   PSINS.obj
 0001:00006460       ?UpDown@@YA?AVCQuat@@ABV1@@Z 00407460 f   PSINS.obj
 0001:000064f0       ??0CMat3@@QAE@XZ           004074f0 f   PSINS.obj
 0001:00006520       ??0CMat3@@QAE@N@Z          00407520 f   PSINS.obj
 0001:000065d0       ??0CMat3@@QAE@PBN@Z        004075d0 f   PSINS.obj
 0001:000066e0       ??0CMat3@@QAE@PBM@Z        004076e0 f   PSINS.obj
 0001:000067c0       ??0CMat3@@QAE@NNN@Z        004077c0 f   PSINS.obj
 0001:00006880       ??0CMat3@@QAE@NNNNNNNNN@Z  00407880 f   PSINS.obj
 0001:00006930       ??0CMat3@@QAE@ABVCVect3@@00H@Z 00407930 f   PSINS.obj
 0001:00006ab0       ?sv2att@@YA?AVCVect3@@ABV1@N0@Z 00407ab0 f   PSINS.obj
 0001:00006c00       ?dv2att@@YA?AVCVect3@@ABV1@000@Z 00407c00 f   PSINS.obj
 0001:00006e90       ?mv2att@@YA?AVCVect3@@HPBV1@0ZZ 00407e90 f   PSINS.obj
 0001:00006f90       ?vn2att@@YA?AVCVect3@@ABV1@@Z 00407f90 f   PSINS.obj
 0001:00007050       ?atss@@YA?AVCVect3@@AAV1@0@Z 00408050 f   PSINS.obj
 0001:00007120       ??G@YA?AVCMat3@@ABV0@@Z    00408120 f   PSINS.obj
 0001:000071f0       ??S@YA?AVCMat3@@ABV0@@Z    004081f0 f   PSINS.obj
 0001:000072a0       ??DCMat3@@QBE?AV0@ABV0@@Z  004082a0 f   PSINS.obj
 0001:00007470       ??HCMat3@@QBE?AV0@ABV0@@Z  00408470 f   PSINS.obj
 0001:00007550       ??YCMat3@@QAEAAV0@ABV0@@Z  00408550 f   PSINS.obj
 0001:00007620       ??HCMat3@@QBE?AV0@ABVCVect3@@@Z 00408620 f   PSINS.obj
 0001:00007690       ??YCMat3@@QAEAAV0@ABVCVect3@@@Z 00408690 f   PSINS.obj
 0001:000076f0       ??GCMat3@@QBE?AV0@ABV0@@Z  004086f0 f   PSINS.obj
 0001:000077d0       ??DCMat3@@QBE?AV0@N@Z      004087d0 f   PSINS.obj
 0001:000078b0       ??RCMat3@@QAEAANHH@Z       004088b0 f   PSINS.obj
 0001:000078f0       ?SetRow@CMat3@@QAEXHABVCVect3@@@Z 004088f0 f   PSINS.obj
 0001:00007960       ?SetClm@CMat3@@QAEXHABVCVect3@@@Z 00408960 f   PSINS.obj
 0001:000079d0       ?GetRow@CMat3@@QBE?AVCVect3@@H@Z 004089d0 f   PSINS.obj
 0001:00007a50       ?GetClm@CMat3@@QBE?AVCVect3@@H@Z 00408a50 f   PSINS.obj
 0001:00007ad0       ?Rot@@YA?AVCMat3@@ND@Z     00408ad0 f   PSINS.obj
 0001:00007c50       ?rotz@@YA?AVCVect3@@ABV1@N@Z 00408c50 f   PSINS.obj
 0001:00007d00       ?rcijk@@YA?AVCMat3@@ABV1@H@Z 00408d00 f   PSINS.obj
 0001:000080e0       ?symmetry@@YAXAAVCMat3@@@Z 004090e0 f   PSINS.obj
 0001:00008180       ??D@YA?AVCMat3@@NABV0@@Z   00409180 f   PSINS.obj
 0001:00008250       ??DCMat3@@QBE?AVCVect3@@ABV1@@Z 00409250 f   PSINS.obj
 0001:00008320       ?dotmul@@YA?AVCMat3@@ABV1@0@Z 00409320 f   PSINS.obj
 0001:000083f0       ?det@@YANABVCMat3@@@Z      004093f0 f   PSINS.obj
 0001:00008480       ?trace@@YANABVCMat3@@@Z    00409480 f   PSINS.obj
 0001:000084b0       ?pow@@YA?AVCMat3@@ABV1@H@Z 004094b0 f   PSINS.obj
 0001:00008540       ?a2qua@@YA?AVCQuat@@NNN@Z  00409540 f   PSINS.obj
 0001:00008680       ?a2qua@@YA?AVCQuat@@ABVCVect3@@@Z 00409680 f   PSINS.obj
 0001:000086f0       ?a2mat@@YA?AVCMat3@@NNN@Z  004096f0 f   PSINS.obj
 0001:00008830       ?a2mat@@YA?AVCMat3@@ABVCVect3@@@Z 00409830 f   PSINS.obj
 0001:000088a0       ?ar2mat@@YA?AVCMat3@@ABVCVect3@@@Z 004098a0 f   PSINS.obj
 0001:000089f0       ?ar2qua@@YA?AVCQuat@@ABVCVect3@@@Z 004099f0 f   PSINS.obj
 0001:00008a50       ?m2att@@YA?AVCVect3@@ABVCMat3@@@Z 00409a50 f   PSINS.obj
 0001:00008b90       ?m2att1@@YA?AVCVect3@@ABVCMat3@@@Z 00409b90 f   PSINS.obj
 0001:00008c50       ?q2att1@@YA?AVCVect3@@ABVCQuat@@@Z 00409c50 f   PSINS.obj
 0001:00008cb0       ?m2attr@@YA?AVCVect3@@ABVCMat3@@@Z 00409cb0 f   PSINS.obj
 0001:00008d70       ?q2attr@@YA?AVCVect3@@ABVCQuat@@@Z 00409d70 f   PSINS.obj
 0001:00008dd0       ?m2rv@@YA?AVCVect3@@ABVCMat3@@@Z 00409dd0 f   PSINS.obj
 0001:00008ee0       ?m2qua@@YA?AVCQuat@@ABVCMat3@@@Z 00409ee0 f   PSINS.obj
 0001:000091b0       ?q2att@@YA?AVCVect3@@ABVCQuat@@@Z 0040a1b0 f   PSINS.obj
 0001:00009320       ?q2mat@@YA?AVCMat3@@ABVCQuat@@@Z 0040a320 f   PSINS.obj
 0001:00009480       ?Ka2Cba@@YA?AVCMat3@@ABV1@AAVCVect3@@@Z 0040a480 f   PSINS.obj
 0001:00009580       ?Cba2Ka@@YA?AVCMat3@@ABV1@ABVCVect3@@@Z 0040a580 f   PSINS.obj
 0001:00009620       ?Ka22Kpn@@YAXABVCVect3@@0AAV1@1@Z 0040a620 f   PSINS.obj
 0001:000096e0       ?Kpn2Ka2@@YAXABVCVect3@@0AAV1@1@Z 0040a6e0 f   PSINS.obj
 0001:00009790       ?KgMdf@@YAXAAVCMat3@@PBNH@Z 0040a790 f   PSINS.obj
 0001:00009b10       ?KaMdf@@YAXAAVCMat3@@PBNH@Z 0040ab10 f   PSINS.obj
 0001:00009d90       ?adj@@YA?AVCMat3@@ABV1@@Z  0040ad90 f   PSINS.obj
 0001:00009ef0       ?inv@@YA?AVCMat3@@ABV1@@Z  0040aef0 f   PSINS.obj
 0001:00009f90       ?diag@@YA?AVCVect3@@ABVCMat3@@@Z 0040af90 f   PSINS.obj
 0001:00009ff0       ?diag@@YA?AVCMat3@@ABVCVect3@@@Z 0040aff0 f   PSINS.obj
 0001:0000a080       ?diag@@YA?AVCMat3@@NNN@Z   0040b080 f   PSINS.obj
 0001:0000a140       ?askew@@YA?AVCMat3@@ABV1@H@Z 0040b140 f   PSINS.obj
 0001:0000a270       ?MMT@@YA?AVCMat3@@ABV1@0@Z 0040b270 f   PSINS.obj
 0001:0000a400       ?trMMT@@YANABVCMat3@@0@Z   0040b400 f   PSINS.obj
 0001:0000a4c0       ?norm@@YANABVCMat3@@@Z     0040b4c0 f   PSINS.obj
 0001:0000a510       ?sfoam@@YA?AVCMat3@@ABV1@H@Z 0040b510 f   PSINS.obj
 0001:0000ac20       ??0CMat@@QAE@XZ            0040bc20 f   PSINS.obj
 0001:0000ac50       ??0CMat@@QAE@HH@Z          0040bc50 f   PSINS.obj
 0001:0000acb0       ??0CMat@@QAE@HHN@Z         0040bcb0 f   PSINS.obj
 0001:0000ad40       ??0CMat@@QAA@HHNNZZ        0040bd40 f   PSINS.obj
 0001:0000adf0       ??0CMat@@QAE@HHPBN@Z       0040bdf0 f   PSINS.obj
 0001:0000ae70       ??0CMat@@QAA@HPBVCVect@@ZZ 0040be70 f   PSINS.obj
 0001:0000af10       ?Reset@CMat@@QAEXHH@Z      0040bf10 f   PSINS.obj
 0001:0000af60       ?Clear@CMat@@QAEXN@Z       0040bf60 f   PSINS.obj
 0001:0000afd0       ?ClearRow@CMat@@QAEXHN@Z   0040bfd0 f   PSINS.obj
 0001:0000b040       ?ClearClm@CMat@@QAEXHN@Z   0040c040 f   PSINS.obj
 0001:0000b0b0       ?ClearRC@CMat@@QAEXHHN@Z   0040c0b0 f   PSINS.obj
 0001:0000b120       ??DCMat@@QBE?AV0@ABV0@@Z   0040c120 f   PSINS.obj
 0001:0000b310       ??DCMat@@QBE?AV0@ABVCMat3@@@Z 0040c310 f   PSINS.obj
 0001:0000b3a0       ??DCMat@@QBE?AVCVect@@ABV1@@Z 0040c3a0 f   PSINS.obj
 0001:0000b4f0       ??HCMat@@QBE?AV0@ABV0@@Z   0040c4f0 f   PSINS.obj
 0001:0000b5f0       ??YCMat@@QAEAAV0@ABVCVect@@@Z 0040c5f0 f   PSINS.obj
 0001:0000b680       ??GCMat@@QBE?AV0@ABV0@@Z   0040c680 f   PSINS.obj
 0001:0000b780       ??DCMat@@QBE?AV0@N@Z       0040c780 f   PSINS.obj
 0001:0000b860       ??4CMat@@QAEAAV0@N@Z       0040c860 f   PSINS.obj
 0001:0000b8d0       ??YCMat@@QAEAAV0@ABV0@@Z   0040c8d0 f   PSINS.obj
 0001:0000b950       ??ZCMat@@QAEAAV0@ABV0@@Z   0040c950 f   PSINS.obj
 0001:0000b9d0       ??XCMat@@QAEAAV0@N@Z       0040c9d0 f   PSINS.obj
 0001:0000ba40       ??ECMat@@QAEAAV0@XZ        0040ca40 f   PSINS.obj
 0001:0000bac0       ??S@YA?AVCMat@@ABV0@@Z     0040cac0 f   PSINS.obj
 0001:0000bbc0       ?symmetry@@YAXAAVCMat@@@Z  0040cbc0 f   PSINS.obj
 0001:0000bcb0       ?trace@@YANABVCMat@@@Z     0040ccb0 f   PSINS.obj
 0001:0000bd30       ?dotmul@@YA?AVCMat@@ABV1@0@Z 0040cd30 f   PSINS.obj
 0001:0000be20       ??RCMat@@QAEAANHH@Z        0040ce20 f   PSINS.obj
 0001:0000be70       ?SetRow@CMat@@QAAXHNZZ     0040ce70 f   PSINS.obj
 0001:0000bf00       ?SetRow@CMat@@QAEXHABVCVect@@@Z 0040cf00 f   PSINS.obj
 0001:0000bf80       ?SetClm@CMat@@QAAXHNZZ     0040cf80 f   PSINS.obj
 0001:0000c010       ?SetClm@CMat@@QAEXHABVCVect@@@Z 0040d010 f   PSINS.obj
 0001:0000c090       ?SetClmVect3@CMat@@QAEXHHABVCVect3@@@Z 0040d090 f   PSINS.obj
 0001:0000c120       ?SetClmVect3@CMat@@QAEXHHABVCVect3@@0@Z 0040d120 f   PSINS.obj
 0001:0000c1f0       ?SetClmVect3@CMat@@QAEXHHABVCVect3@@00@Z 0040d1f0 f   PSINS.obj
 0001:0000c2f0       ?SetRowVect3@CMat@@QAEXHHABVCVect3@@@Z 0040d2f0 f   PSINS.obj
 0001:0000c340       ?SetRowVect3@CMat@@QAEXHHABVCVect3@@0@Z 0040d340 f   PSINS.obj
 0001:0000c3a0       ?SetRowVect3@CMat@@QAEXHHABVCVect3@@00@Z 0040d3a0 f   PSINS.obj
 0001:0000c420       ?GetRowVect3@CMat@@QBE?AVCVect3@@HH@Z 0040d420 f   PSINS.obj
 0001:0000c470       ?GetClmVect3@CMat@@QBE?AVCVect3@@HH@Z 0040d470 f   PSINS.obj
 0001:0000c520       ?SetDiagVect3@CMat@@QAEXHHABVCVect3@@@Z 0040d520 f   PSINS.obj
 0001:0000c5b0       ?GetDiagVect3@CMat@@QBE?AVCVect3@@HH@Z 0040d5b0 f   PSINS.obj
 0001:0000c670       ?GetDiagf@CMat@@QBEXHHPAN@Z 0040d670 f   PSINS.obj
 0001:0000c700       ?SetDiagf@CMat@@QAEXHHPAN@Z 0040d700 f   PSINS.obj
 0001:0000c790       ?SetAskew@CMat@@QAEXHHABVCVect3@@@Z 0040d790 f   PSINS.obj
 0001:0000c880       ?SetMat3@CMat@@QAEXHHABVCMat3@@@Z 0040d880 f   PSINS.obj
 0001:0000c910       ?SetMat3@CMat@@QAEXHHABVCMat3@@0@Z 0040d910 f   PSINS.obj
 0001:0000c9d0       ?SetMat3@CMat@@QAEXHHABVCMat3@@00@Z 0040d9d0 f   PSINS.obj
 0001:0000cad0       ?GetMat3@CMat@@QBE?AVCMat3@@HH@Z 0040dad0 f   PSINS.obj
 0001:0000cb90       ?SubAddMat3@CMat@@QAEXHHABVCMat3@@@Z 0040db90 f   PSINS.obj
 0001:0000cc20       ?GetRow@CMat@@QBE?AVCVect@@H@Z 0040dc20 f   PSINS.obj
 0001:0000cd00       ?GetRow@CMat@@QAEXAAVCVect@@H@Z 0040dd00 f   PSINS.obj
 0001:0000cdb0       ?GetClm@CMat@@QBE?AVCVect@@H@Z 0040ddb0 f   PSINS.obj
 0001:0000ce90       ?GetClm@CMat@@QBA?AV1@HHZZ 0040de90 f   PSINS.obj
 0001:0000d010       ?GetClm@CMat@@QAEXAAVCVect@@H@Z 0040e010 f   PSINS.obj
 0001:0000d0b0       ?ZeroRow@CMat@@QAEXH@Z     0040e0b0 f   PSINS.obj
 0001:0000d120       ?ZeroClm@CMat@@QAEXH@Z     0040e120 f   PSINS.obj
 0001:0000d190       ?ZeroRC@CMat@@QAEXHH@Z     0040e190 f   PSINS.obj
 0001:0000d1f0       ?SetDiag@CMat@@QAAXNZZ     0040e1f0 f   PSINS.obj
 0001:0000d2d0       ?SetDiag2@CMat@@QAAXNZZ    0040e2d0 f   PSINS.obj
 0001:0000d3b0       ?SetAscend@CMat@@QAEXNN@Z  0040e3b0 f   PSINS.obj
 0001:0000d420       ?norm1@@YANABVCMat@@@Z     0040e420 f   PSINS.obj
 0001:0000d460       ?normInf@@YANABVCMat@@@Z   0040e460 f   PSINS.obj
 0001:0000d4a0       ?diag@@YA?AVCVect@@ABVCMat@@@Z 0040e4a0 f   PSINS.obj
 0001:0000d580       ?eye@@YA?AVCMat@@H@Z       0040e580 f   PSINS.obj
 0001:0000d640       ?MatExam@@YA?AVCMat@@HH@Z  0040e640 f   PSINS.obj
 0001:0000d6d0       ?inv4@@YA?AVCMat@@ABV1@@Z  0040e6d0 f   PSINS.obj
 0001:0000d9b0       ?inv6@@YA?AVCMat@@ABV1@@Z  0040e9b0 f   PSINS.obj
 0001:0000dc60       ?lss@@YA?AVCVect@@ABVCMat@@ABV1@@Z 0040ec60 f   PSINS.obj
 0001:0000dda0       ?RowMul@@YAXAAVCMat@@ABV1@1HH@Z 0040eda0 f   PSINS.obj
 0001:0000dec0       ?RowMulT@@YAXAAVCMat@@ABV1@1HH@Z 0040eec0 f   PSINS.obj
 0001:0000dfe0       ?diag@@YA?AVCMat@@ABVCVect@@@Z 0040efe0 f   PSINS.obj
 0001:0000e0f0       ?DVMDVafa@@YAXABVCVect@@AAVCMat@@N@Z 0040f0f0 f   PSINS.obj
 0001:0000e1e0       ??0CVect@@QAE@XZ           0040f1e0 f   PSINS.obj
 0001:0000e210       ??0CVect@@QAE@HH@Z         0040f210 f   PSINS.obj
 0001:0000e280       ??0CVect@@QAE@HN@Z         0040f280 f   PSINS.obj
 0001:0000e300       ??0CVect@@QAE@HPBN@Z       0040f300 f   PSINS.obj
 0001:0000e380       ??0CVect@@QAA@HNNZZ        0040f380 f   PSINS.obj
 0001:0000e460       ??0CVect@@QAE@ABVCVect3@@@Z 0040f460 f   PSINS.obj
 0001:0000e4f0       ??0CVect@@QAE@ABVCVect3@@V1@@Z 0040f4f0 f   PSINS.obj
 0001:0000e5a0       ?Clear@CVect@@QAEXXZ       0040f5a0 f   PSINS.obj
 0001:0000e600       ?Reset@CVect@@QAEXHH@Z     0040f600 f   PSINS.obj
 0001:0000e670       ??G@YA?AVCVect@@ABV0@@Z    0040f670 f   PSINS.obj
 0001:0000e710       ??S@YA?AVCVect@@ABV0@@Z    0040f710 f   PSINS.obj
 0001:0000e770       ??DCVect@@QBE?AV0@ABVCMat@@@Z 0040f770 f   PSINS.obj
 0001:0000e8d0       ??DCVect@@QBE?AVCMat@@ABV0@@Z 0040f8d0 f   PSINS.obj
 0001:0000ea90       ??HCVect@@QBE?AV0@ABV0@@Z  0040fa90 f   PSINS.obj
 0001:0000eb70       ??GCVect@@QBE?AV0@ABV0@@Z  0040fb70 f   PSINS.obj
 0001:0000ec50       ??DCVect@@QBE?AV0@N@Z      0040fc50 f   PSINS.obj
 0001:0000ed30       ??4CVect@@QAEAAV0@N@Z      0040fd30 f   PSINS.obj
 0001:0000eda0       ??4CVect@@QAEAAV0@PBN@Z    0040fda0 f   PSINS.obj
 0001:0000ee10       ??4CVect@@QAEAAV0@ABVCMat3@@@Z 0040fe10 f   PSINS.obj
 0001:0000ee80       ??YCVect@@QAEAAV0@ABV0@@Z  0040fe80 f   PSINS.obj
 0001:0000ef00       ??ZCVect@@QAEAAV0@ABV0@@Z  0040ff00 f   PSINS.obj
 0001:0000ef80       ??XCVect@@QAEAAV0@N@Z      0040ff80 f   PSINS.obj
 0001:0000eff0       ?dot@@YANABVCVect@@0@Z     0040fff0 f   PSINS.obj
 0001:0000f070       ?dotmul@@YA?AVCVect@@ABV1@0@Z 00410070 f   PSINS.obj
 0001:0000f160       ?pow@@YA?AVCVect@@ABV1@H@Z 00410160 f   PSINS.obj
 0001:0000f250       ?abs@@YA?AVCVect@@ABV1@@Z  00410250 f   PSINS.obj
 0001:0000f360       ?neg@@YAXAAVCVect@@QBHH@Z  00410360 f   PSINS.obj
 0001:0000f3f0       ?enlarge@@YAXAAVCVect@@NQBHH@Z 004103f0 f   PSINS.obj
 0001:0000f480       ?norm@@YANABVCVect@@@Z     00410480 f   PSINS.obj
 0001:0000f4c0       ?norm1@@YANABVCVect@@@Z    004104c0 f   PSINS.obj
 0001:0000f500       ?normInf@@YANABVCVect@@@Z  00410500 f   PSINS.obj
 0001:0000f540       ??RCVect@@QAEAANH@Z        00410540 f   PSINS.obj
 0001:0000f570       ?Set@CVect@@QAAXNZZ        00410570 f   PSINS.obj
 0001:0000f600       ?Set2@CVect@@QAAXNZZ       00410600 f   PSINS.obj
 0001:0000f690       ?SetVect3@CVect@@QAEXHABVCVect3@@@Z 00410690 f   PSINS.obj
 0001:0000f6d0       ?Set2Vect3@CVect@@QAEXHABVCVect3@@@Z 004106d0 f   PSINS.obj
 0001:0000f750       ?SetAscend@CVect@@QAEXNN@Z 00410750 f   PSINS.obj
 0001:0000f7c0       ?SetBit@CVect@@QAEXIN@Z    004107c0 f   PSINS.obj
 0001:0000f830       ?SetBit@CVect@@QAEXIABVCVect3@@@Z 00410830 f   PSINS.obj
 0001:0000f8c0       ?Seti2j@CVect@@QAEXHHN@Z   004108c0 f   PSINS.obj
 0001:0000f940       ?GetVect3@CVect@@QBE?AVCVect3@@H@Z 00410940 f   PSINS.obj
 0001:0000f980       ?mean@@YANABVCVect@@@Z     00410980 f   PSINS.obj
 0001:0000f9f0       ?sort@@YA?AVCVect@@ABV1@@Z 004109f0 f   PSINS.obj
 0001:0000fb10       ??0CPolyfit@@QAE@XZ        00410b10 f   PSINS.obj
 0001:0000fb40       ?Init@CPolyfit@@UAEXNHN@Z  00410b40 f   PSINS.obj
 0001:0000fc80       ?SetP@CPolyfit@@QAAXNZZ    00410c80 f   PSINS.obj
 0001:0000fd00       ?SetUD@CPolyfit@@QAAXNZZ   00410d00 f   PSINS.obj
 0001:0000fdf0       ?SetHk@CPolyfit@@QAAXNZZ   00410df0 f   PSINS.obj
 0001:0000fe70       ?UpdateP@CPolyfit@@QAEXN@Z 00410e70 f   PSINS.obj
 0001:000100f0       ?Update@CPolyfit@@QAEXNN@Z 004110f0 f   PSINS.obj
 0001:00010210       ?eval@CPolyfit@@QAENN@Z    00411210 f   PSINS.obj
 0001:000102e0       ??0CPolyfit3@@QAE@XZ       004112e0 f   PSINS.obj
 0001:00010340       ??_H@YGXPAXIHP6EX0@Z@Z     00411340 f i PSINS.obj
 0001:000103a0       ?Init@CPolyfit3@@UAEXNHN@Z 004113a0 f   PSINS.obj
 0001:00010430       ?Update@CPolyfit3@@QAEXABVCVect3@@N@Z 00411430 f   PSINS.obj
 0001:00010590       ?eval@CPolyfit3@@QAE?AVCVect3@@N@Z 00411590 f   PSINS.obj
 0001:000106b0       ??0CIIR@@QAE@XZ            004116b0 f   PSINS.obj
 0001:000106e0       ??0CIIR@@QAE@PAN0H@Z       004116e0 f   PSINS.obj
 0001:000107a0       ?Update@CIIR@@QAENN@Z      004117a0 f   PSINS.obj
 0001:000108b0       ??0CIIRV3@@QAE@XZ          004118b0 f   PSINS.obj
 0001:00010920       ??0CIIRV3@@QAE@PAN0H00H00H@Z 00411920 f   PSINS.obj
 0001:00010a40       ?Update@CIIRV3@@QAE?AVCVect3@@ABV2@@Z 00411a40 f   PSINS.obj
 0001:00010b00       ??0CRAvar@@QAE@XZ          00411b00 f   PSINS.obj
 0001:00010b30       ??0CRAvar@@QAE@HH@Z        00411b30 f   PSINS.obj
 0001:00010bb0       ?set@CRAvar@@QAEXNNNNH@Z   00411bb0 f   PSINS.obj
 0001:00010cd0       ?set@CRAvar@@QAEXABVCVect3@@000@Z 00411cd0 f   PSINS.obj
 0001:00010d90       ?set@CRAvar@@QAEXABVCVect@@000@Z 00411d90 f   PSINS.obj
 0001:00010e60       ?Update@CRAvar@@QAEXNNH@Z  00411e60 f   PSINS.obj
 0001:00011060       ?Update@CRAvar@@QAEXABVCVect3@@N@Z 00412060 f   PSINS.obj
 0001:000110e0       ?Update@CRAvar@@QAEXABVCVect@@N@Z 004120e0 f   PSINS.obj
 0001:00011160       ??RCRAvar@@QBENH@Z         00412160 f   PSINS.obj
 0001:000111e0       ??0CVAR@@QAE@HN@Z          004121e0 f   PSINS.obj
 0001:000112a0       ?Update@CVAR@@QAENNH@Z     004122a0 f   PSINS.obj
 0001:00011420       ??0CVARn@@QAE@XZ           00412420 f   PSINS.obj
 0001:00011460       ??0CVARn@@QAE@HH@Z         00412460 f   PSINS.obj
 0001:000115e0       ??1CVARn@@QAE@XZ           004125e0 f   PSINS.obj
 0001:00011670       ?Reset@CVARn@@QAEXXZ       00412670 f   PSINS.obj
 0001:00011700       ?Update@CVARn@@QAEHPBN@Z   00412700 f   PSINS.obj
 0001:00011940       ?Update@CVARn@@QAAHNZZ     00412940 f   PSINS.obj
 0001:000119d0       ??0CContLarge@@QAE@XZ      004129d0 f   PSINS.obj
 0001:00011a00       ??0CContLarge@@QAE@NNH@Z   00412a00 f   PSINS.obj
 0001:00011a70       ?Update@CContLarge@@QAEHNN@Z 00412a70 f   PSINS.obj
 0001:00011b30       ??0CAbnomalCnt@@QAE@XZ     00412b30 f   PSINS.obj
 0001:00011b60       ??0CAbnomalCnt@@QAE@HNNN@Z 00412b60 f   PSINS.obj
 0001:00011c10       ?Update@CAbnomalCnt@@QAEHNN@Z 00412c10 f   PSINS.obj
 0001:00011cd0       ??0CWzhold@@QAE@XZ         00412cd0 f   PSINS.obj
 0001:00011d00       ?Init@CWzhold@@QAEXNNNH@Z  00412d00 f   PSINS.obj
 0001:00011dc0       ?Reset@CWzhold@@QAEXXZ     00412dc0 f   PSINS.obj
 0001:00011e30       ?Update@CWzhold@@QAEHN@Z   00412e30 f   PSINS.obj
 0001:00012170       ??0CMaxMin@@QAE@HHM@Z      00413170 f   PSINS.obj
 0001:000121c0       ?Init@CMaxMin@@QAEXHHM@Z   004131c0 f   PSINS.obj
 0001:000122f0       ?Restart@CMaxMin@@QAEXXZ   004132f0 f   PSINS.obj
 0001:00012340       ?Update@CMaxMin@@QAEHM@Z   00413340 f   PSINS.obj
 0001:00012520       ??0CMaxMinn@@QAE@HHHM@Z    00413520 f   PSINS.obj
 0001:00012580       ??_FCMaxMin@@QAEXXZ        00413580 f i PSINS.obj
 0001:000125c0       ?Init@CMaxMinn@@QAEXHHHM@Z 004135c0 f   PSINS.obj
 0001:00012660       ?Restart@CMaxMinn@@QAEXXZ  00413660 f   PSINS.obj
 0001:000126d0       ?Update@CMaxMinn@@QAAHMZZ  004136d0 f   PSINS.obj
 0001:00012770       ?Update@CMaxMinn@@QAEHABVCVect3@@@Z 00413770 f   PSINS.obj
 0001:00012800       ?Update@CMaxMinn@@QAEHABVCVect3@@0@Z 00413800 f   PSINS.obj
 0001:000128e0       ?Update@CMaxMinn@@QAEHABVCVect3@@00@Z 004138e0 f   PSINS.obj
 0001:00012a10       ?Update@CMaxMinn@@QAEHABVCVect3@@000@Z 00413a10 f   PSINS.obj
 0001:00012b90       ?Update@CMaxMinn@@QAEHABVCVect3@@0000@Z 00413b90 f   PSINS.obj
 0001:00012d70       ?ResFloat@CMaxMinn@@QAEMHH@Z 00413d70 f   PSINS.obj
 0001:00012df0       ?ResVect3@CMaxMinn@@QAE?AVCVect3@@HH@Z 00413df0 f   PSINS.obj
 0001:00012fc0       ??0CKalman@@QAE@XZ         00413fc0 f   PSINS.obj
 0001:00013220       ??0CKalman@@QAE@HH@Z       00414220 f   PSINS.obj
 0001:000134a0       ?Init@CKalman@@QAEXHH@Z    004144a0 f   PSINS.obj
 0001:00013a90       ?SetRmmbt@CKalman@@QAEXNNNN@Z 00414a90 f   PSINS.obj
 0001:00013b90       ?SetRmaxcount@CKalman@@QAEXH@Z 00414b90 f   PSINS.obj
 0001:00013c00       ?SetInnoMaxcount@CKalman@@QAEXH@Z 00414c00 f   PSINS.obj
 0001:00013c70       ?SetZmm@CKalman@@QAEXHHNH@Z 00414c70 f   PSINS.obj
 0001:00013cf0       ?SetZmmVn@CKalman@@QAEXABVCVect3@@H@Z 00414cf0 f   PSINS.obj
 0001:00013d70       ?SetZmmPos@CKalman@@QAEXABVCVect3@@H@Z 00414d70 f   PSINS.obj
 0001:00013df0       ?TimeUpdate@CKalman@@QAEXNH@Z 00414df0 f   PSINS.obj
 0001:00014010       ?SetStatMask@CKalman@@QAEXIHIHI@Z 00415010 f   PSINS.obj
 0001:00014240       ?SetMeasMask@CKalman@@QAEXIH@Z 00415240 f   PSINS.obj
 0001:00014300       ?SetMeasFlag@CKalman@@QAEXIH@Z 00415300 f   PSINS.obj
 0001:00014370       ?SetMeasStop@CKalman@@QAEXIN@Z 00415370 f   PSINS.obj
 0001:00014410       ?SetRadptStop@CKalman@@QAEXIN@Z 00415410 f   PSINS.obj
 0001:00014460       ?MeasUpdate@CKalman@@QAEHN@Z 00415460 f   PSINS.obj
 0001:00014800       ?MeasUD@@YAXQAN0QBNN0H@Z   00415800 f   PSINS.obj
 0001:00014b30       ?RAdaptive@CKalman@@QAEHHNN@Z 00415b30 f   PSINS.obj
 0001:00014d50       ?RPkFading@CKalman@@QAEXH@Z 00415d50 f   PSINS.obj
 0001:00014e40       ?ZmmPkSet@CKalman@@QAEXH@Z 00415e40 f   PSINS.obj
 0001:00014f10       ?XPConstrain@CKalman@@QAEXXZ 00415f10 f   PSINS.obj
 0001:00015250       ?PmaxPminCheck@CKalman@@QAEXXZ 00416250 f   PSINS.obj
 0001:00015350       ?Feedback@CKalman@@UAEXHN@Z 00416350 f   PSINS.obj
 0001:000155a0       ?FeedbackAll@CKalman@@QAEXXZ 004165a0 f   PSINS.obj
 0001:000156d0       ?RtFading@CKalman@@QAEXHN@Z 004166d0 f   PSINS.obj
 0001:00015820       ?fusion@@YAXPAN0PBN1H00@Z  00416820 f   PSINS.obj
 0001:000159d0       ?fusion@@YAXAAVCVect3@@0V1@1@Z 004169d0 f   PSINS.obj
 0001:00015a20       ?fusion@@YAXAAVCVect3@@0V1@100@Z 00416a20 f   PSINS.obj
 0001:00015a70       ??0CSINSTDKF@@QAE@XZ       00416a70 f   PSINS.obj
 0001:00015b50       ??0CSINSTDKF@@QAE@HH@Z     00416b50 f   PSINS.obj
 0001:00015c70       ?Init@CSINSTDKF@@QAEXABVCSINS@@@Z 00416c70 f   PSINS.obj
 0001:00015e90       ?TDReset@CSINSTDKF@@QAEXXZ 00416e90 f   PSINS.obj
 0001:00015f00       ?Innovationi@CSINSTDKF@@QAENH@Z 00416f00 f   PSINS.obj
 0001:00015fb0       ?TDUpdate@CSINSTDKF@@QAEHPBVCVect3@@0HNH@Z 00416fb0 f   PSINS.obj
 0001:00016df0       ?MeasUpdate@CSINSTDKF@@QAEXABVCVect@@NN@Z 00417df0 f   PSINS.obj
 0001:00016fb0       ?MarkovGyro@CSINSTDKF@@QAEXABVCVect3@@0H@Z 00417fb0 f   PSINS.obj
 0001:00017030       ?MarkovAcc@CSINSTDKF@@QAEXABVCVect3@@0H@Z 00418030 f   PSINS.obj
 0001:000170b0       ?SetYaw@CSINSTDKF@@QAEXNHH@Z 004180b0 f   PSINS.obj
 0001:000172b0       ?PSetVertCh@CSINSTDKF@@QAEXNNN@Z 004182b0 f   PSINS.obj
 0001:00017390       ?SetCalcuBurden@CSINSTDKF@@QAENIH@Z 00418390 f   PSINS.obj
 0001:00017510       ??0CSINSGNSS@@QAE@XZ       00418510 f   PSINS.obj
 0001:00017570       ??0CSINSGNSS@@QAE@HHNH@Z   00418570 f   PSINS.obj
 0001:000178a0       ?Init@CSINSGNSS@@QAEXABVCSINS@@H@Z 004188a0 f   PSINS.obj
 0001:00018c40       ?SetFt@CSINSGNSS@@UAEXH@Z  00419c40 f   PSINS.obj
 0001:00019490       ?SetHk@CSINSGNSS@@UAEXH@Z  0041a490 f   PSINS.obj
 0001:000195f0       ?Feedback@CSINSGNSS@@UAEXHN@Z 0041a5f0 f   PSINS.obj
 0001:00019c50       ?SetMeasGNSS@CSINSGNSS@@QAEXABVCVect3@@0N@Z 0041ac50 f   PSINS.obj
 0001:00019e20       ?MeasGNSSZvStop@CSINSGNSS@@QAEXAAVCVect3@@N@Z 0041ae20 f   PSINS.obj
 0001:00019ee0       ?MeasGNSSZpStop@CSINSGNSS@@QAEXAAVCVect3@@N@Z 0041aee0 f   PSINS.obj
 0001:00019fa0       ?MeasGNSSZp2X@CSINSGNSS@@QAEXAAVCVect3@@@Z 0041afa0 f   PSINS.obj
 0001:0001a060       ?Leveling@CSINSGNSS@@QAEXXZ 0041b060 f   PSINS.obj
 0001:0001a120       ?Update@CSINSGNSS@@QAEHPBVCVect3@@0HNH@Z 0041b120 f   PSINS.obj
 0001:0001a1b0       ??6CSINSGNSS@@QAEXAAVCFileRdWt@@@Z 0041b1b0 f   PSINS.obj
 0001:0001a2b0       ?LogXk@CSINSGNSS@@QAEXXZ   0041b2b0 f   PSINS.obj
 0001:0001a720       ??0CSysClbt@@QAE@ABVCVect3@@NH@Z 0041b720 f   PSINS.obj
 0001:0001a830       ?SetHk@CSysClbt@@UAEXH@Z   0041b830 f i PSINS.obj
 0001:0001a860       ?SetMeas@CSysClbt@@UAEXXZ  0041b860 f i PSINS.obj
 0001:0001a890       ?Init@CSysClbt@@QAEXN@Z    0041b890 f   PSINS.obj
 0001:0001b090       ?NextIter@CSysClbt@@QAEXABVCQuat@@@Z 0041c090 f   PSINS.obj
 0001:0001b560       ?SetFt@CSysClbt@@UAEXH@Z   0041c560 f   PSINS.obj
 0001:0001b9e0       ?Feedback@CSysClbt@@UAEXHN@Z 0041c9e0 f   PSINS.obj
 0001:0001bc30       ?Update@CSysClbt@@QAEHPBVCVect3@@0HNH@Z 0041cc30 f   PSINS.obj
 0001:0001bd40       ?Log@CSysClbt@@QAEXXZ      0041cd40 f   PSINS.obj
 0001:0001bef0       ?LogXk@CSysClbt@@QAEXXZ    0041cef0 f   PSINS.obj
 0001:0001c270       ??0CPOS618@@QAE@XZ         0041d270 f   PSINS.obj
 0001:0001c310       ??0CPOS618@@QAE@NNH@Z      0041d310 f   PSINS.obj
 0001:0001c550       ??1CPOS618@@QAE@XZ         0041d550 f   PSINS.obj
 0001:0001c740       ??_GCRMemory@@QAEPAXI@Z    0041d740 f i PSINS.obj
 0001:0001c7a0       ??_GCSmooth@@QAEPAXI@Z     0041d7a0 f i PSINS.obj
 0001:0001c800       ??_GCFileRdWt@@QAEPAXI@Z   0041d800 f i PSINS.obj
 0001:0001c860       ?Load@CPOS618@@QAEHPADNN@Z 0041d860 f   PSINS.obj
 0001:0001ccd0       ?Init@CPOS618@@QAEXNABVCVect3@@@Z 0041dcd0 f   PSINS.obj
 0001:0001d190       ?Forward@CPOS618@@QAEXXZ   0041e190 f   PSINS.obj
 0001:0001d510       ?Backward@CPOS618@@QAEXXZ  0041e510 f   PSINS.obj
 0001:0001d9b0       ?Reverse@CPOS618@@QAEXXZ   0041e9b0 f   PSINS.obj
 0001:0001dbe0       ?Smooth@CPOS618@@QAEXXZ    0041ebe0 f   PSINS.obj
 0001:0001dc10       ?Process@CPOS618@@QAEXPADH@Z 0041ec10 f   PSINS.obj
 0001:0001dcf0       ??0CSINSGNSSCNS@@QAE@XZ    0041ecf0 f   PSINS.obj
 0001:0001dd50       ??0CSINSGNSSCNS@@QAE@N@Z   0041ed50 f   PSINS.obj
 0001:0001de20       ?SetCNS@CSINSGNSSCNS@@QAEXHHHNNN@Z 0041ee20 f   PSINS.obj
 0001:0001dec0       ?Init@CSINSGNSSCNS@@QAEXABVCSINS@@H@Z 0041eec0 f   PSINS.obj
 0001:0001e2b0       ?SetHk@CSINSGNSSCNS@@UAEXH@Z 0041f2b0 f   PSINS.obj
 0001:0001e360       ?Feedback@CSINSGNSSCNS@@UAEXHN@Z 0041f360 f   PSINS.obj
 0001:0001e3f0       ?SetMeasCNS@CSINSGNSSCNS@@QAEXAAVCQuat@@@Z 0041f3f0 f   PSINS.obj
 0001:0001e4e0       ?SetMeasCNS@CSINSGNSSCNS@@QAEXAAVCVect3@@@Z 0041f4e0 f   PSINS.obj
 0001:0001e5a0       ??0CGyroCNS@@QAE@XZ        0041f5a0 f   PSINS.obj
 0001:0001e610       ??0CGyroCNS@@QAE@N@Z       0041f610 f   PSINS.obj
 0001:0001e6d0       ?Init@CGyroCNS@@QAEXABVCQuat@@N@Z 0041f6d0 f   PSINS.obj
 0001:0001e9c0       ?Update@CGyroCNS@@QAEXPBVCVect3@@HN@Z 0041f9c0 f   PSINS.obj
 0001:0001eae0       ?SetFt@CGyroCNS@@UAEXH@Z   0041fae0 f   PSINS.obj
 0001:0001eb50       ?SetHk@CGyroCNS@@UAEXH@Z   0041fb50 f   PSINS.obj
 0001:0001ebd0       ?SetMeas@CGyroCNS@@QAEXAAVCQuat@@@Z 0041fbd0 f   PSINS.obj
 0001:0001ec60       ?Feedback@CGyroCNS@@UAEXHN@Z 0041fc60 f   PSINS.obj
 0001:0001ecf0       ??0CSINSGNSSDR@@QAE@XZ     0041fcf0 f   PSINS.obj
 0001:0001ed70       ?SetHk@CSINSGNSSDR@@UAEXH@Z 0041fd70 f i PSINS.obj
 0001:0001eda0       ??0CSINSGNSSDR@@QAE@N@Z    0041fda0 f   PSINS.obj
 0001:0001ef30       ?Init@CSINSGNSSDR@@QAEXABVCSINS@@H@Z 0041ff30 f   PSINS.obj
 0001:0001f540       ?SetFt@CSINSGNSSDR@@UAEXH@Z 00420540 f   PSINS.obj
 0001:0001f6d0       ?Feedback@CSINSGNSSDR@@UAEXHN@Z 004206d0 f   PSINS.obj
 0001:0001f7c0       ?SetMeas@CSINSGNSSDR@@UAEXXZ 004207c0 f   PSINS.obj
 0001:0001f850       ?SetMeasGNSS@CSINSGNSSDR@@QAEXABVCVect3@@0N@Z 00420850 f   PSINS.obj
 0001:0001fa90       ?Update@CSINSGNSSDR@@QAEHPBVCVect3@@0NHNH@Z 00420a90 f   PSINS.obj
 0001:0001fbf0       ??0CSINSGNSSOD@@QAE@XZ     00420bf0 f   PSINS.obj
 0001:0001fd00       ?SetMeas@CSINSGNSSOD@@UAEXXZ 00420d00 f i PSINS.obj
 0001:0001fd30       ??0CSINSGNSSOD@@QAE@HHNH@Z 00420d30 f   PSINS.obj
 0001:0001ff80       ?Init@CSINSGNSSOD@@QAEXABVCSINS@@H@Z 00420f80 f   PSINS.obj
 0001:00020010       ?SetDistance@CSINSGNSSOD@@QAEXN@Z 00421010 f   PSINS.obj
 0001:000200d0       ?ODKappa@CSINSGNSSOD@@QAE?AVCVect3@@ABV2@@Z 004210d0 f   PSINS.obj
 0001:000201d0       ?ODVelUpdate@CSINSGNSSOD@@QAEHN@Z 004211d0 f   PSINS.obj
 0001:000208b0       ?Update@CSINSGNSSOD@@QAEHPBVCVect3@@0NHNH@Z 004218b0 f   PSINS.obj
 0001:00020950       ??6CSINSGNSSOD@@QAEXAAVCFileRdWt@@@Z 00421950 f   PSINS.obj
 0001:00020ac0       ??0CAutoDrive@@QAE@XZ      00421ac0 f   PSINS.obj
 0001:00020b30       ?SetMeas@CAutoDrive@@UAEXXZ 00421b30 f i PSINS.obj
 0001:00020b60       ??0CAutoDrive@@QAE@N@Z     00421b60 f   PSINS.obj
 0001:00020d30       ?Init@CAutoDrive@@QAEXABVCSINS@@H@Z 00421d30 f   PSINS.obj
 0001:00021210       ?SetFt@CAutoDrive@@UAEXH@Z 00422210 f   PSINS.obj
 0001:00021250       ?SetHk@CAutoDrive@@UAEXH@Z 00422250 f   PSINS.obj
 0001:00021280       ?Feedback@CAutoDrive@@UAEXHN@Z 00422280 f   PSINS.obj
 0001:00021350       ?ZUPTtest@CAutoDrive@@QAEXXZ 00422350 f   PSINS.obj
 0001:00021450       ?ZIHRtest@CAutoDrive@@QAEXXZ 00422450 f   PSINS.obj
 0001:00021550       ?NHCtest@CAutoDrive@@QAEXXZ 00422550 f   PSINS.obj
 0001:000216a0       ?SetGNSSFixMode@CAutoDrive@@QAEXH@Z 004226a0 f   PSINS.obj
 0001:00021870       ?Update@CAutoDrive@@QAEHPBVCVect3@@0NHNH@Z 00422870 f   PSINS.obj
 0001:00021ab0       ??0CSGOClbt@@QAE@N@Z       00422ab0 f   PSINS.obj
 0001:00021b80       ?Init@CSGOClbt@@QAEXABVCSINS@@H@Z 00422b80 f   PSINS.obj
 0001:000220d0       ?SetFt@CSGOClbt@@UAEXH@Z   004230d0 f   PSINS.obj
 0001:00022140       ?SetHk@CSGOClbt@@UAEXH@Z   00423140 f   PSINS.obj
 0001:00022200       ?Feedback@CSGOClbt@@UAEXHN@Z 00423200 f   PSINS.obj
 0001:00022340       ?Update@CSGOClbt@@QAEHPBVCVect3@@0NHNH@Z 00423340 f   PSINS.obj
 0001:00022420       ??0CVAutoPOS@@QAE@XZ       00423420 f   PSINS.obj
 0001:00022470       ??0CVAutoPOS@@QAE@N@Z      00423470 f   PSINS.obj
 0001:000224d0       ?Init@CVAutoPOS@@UAEXABVCSINS@@H@Z 004234d0 f   PSINS.obj
 0001:00022770       ?SetFt@CVAutoPOS@@UAEXH@Z  00423770 f   PSINS.obj
 0001:000227b0       ?SetHk@CVAutoPOS@@UAEXH@Z  004237b0 f   PSINS.obj
 0001:000227e0       ?Feedback@CVAutoPOS@@UAEXHN@Z 004237e0 f   PSINS.obj
 0001:000228b0       ?Update@CVAutoPOS@@QAEHPBVCVect3@@0NHNH@Z 004238b0 f   PSINS.obj
 0001:00022990       ?Init@CCAM@@QAEXABVCVect3@@0NN0@Z 00423990 f   PSINS.obj
 0001:00022a60       ?TUpdate@CCAM@@QAEXNN@Z    00423a60 f   PSINS.obj
 0001:00022b70       ?MUpdate@CCAM@@QAEXNN@Z    00423b70 f   PSINS.obj
 0001:00022e60       ?Update@CCAM@@QAEXNNNN@Z   00423e60 f   PSINS.obj
 0001:00022ec0       ?Init@CCALLH@@QAEXABVCVect3@@0NN0@Z 00423ec0 f   PSINS.obj
 0001:00022f80       ?Update@CCALLH@@QAEXN@Z    00423f80 f   PSINS.obj
 0001:00023010       ?Update@CCALLH@@QAEXABVCVect3@@@Z 00424010 f   PSINS.obj
 0001:000230a0       ?Update@CCALLH@@QAEXNABVCVect3@@@Z 004240a0 f   PSINS.obj
 0001:000230f0       ?GetdPos@CCALLH@@QAE?AVCVect3@@ABVCSINS@@@Z 004240f0 f   PSINS.obj
 0001:00023180       ?GetdVn@CCALLH@@QAE?AVCVect3@@XZ 00424180 f   PSINS.obj
 0001:00023200       ?GetPhi@CCALLH@@QAE?AVCVect3@@PAN@Z 00424200 f   PSINS.obj
 0001:000232a0       ?GetAVP@CCALLH@@QAENAAVCVect3@@00ABVCSINS@@@Z 004242a0 f   PSINS.obj
 0001:00023380       ??0CGKP@@QAE@NN@Z          00424380 f   PSINS.obj
 0001:000233d0       ?Init@CGKP@@QAEXNN@Z       004243d0 f   PSINS.obj
 0001:00023630       ?GKPCore@CGKP@@AAE?AVCVect3@@ABV2@@Z 00424630 f   PSINS.obj
 0001:00023a30       ?IGKPCore@CGKP@@AAE?AVCVect3@@ABV2@@Z 00424a30 f   PSINS.obj
 0001:00023ed0       ?GKP@CGKP@@QAE?AVCVect3@@ABV2@@Z 00424ed0 f   PSINS.obj
 0001:00023fb0       ?IGKP@CGKP@@QAE?AVCVect3@@ABV2@@Z 00424fb0 f   PSINS.obj
 0001:00024090       ??0CEarth@@QAE@NNN@Z       00425090 f   PSINS.obj
 0001:00024170       ?Init@CEarth@@QAEXNNN@Z    00425170 f   PSINS.obj
 0001:00024280       ?Update@CEarth@@QAEXABVCVect3@@0H@Z 00425280 f   PSINS.obj
 0001:00024790       ?vn2dpos@CEarth@@QBE?AVCVect3@@ABV2@N@Z 00425790 f   PSINS.obj
 0001:00024820       ?vn2dpos@CEarth@@QBEXAAVCVect3@@ABV2@N@Z 00425820 f   PSINS.obj
 0001:00024880       ?pos2g@@YANABVCVect3@@@Z   00425880 f   PSINS.obj
 0001:00024900       ?pos2wnie@@YA?AVCVect3@@ABV1@@Z 00425900 f   PSINS.obj
 0001:00024980       ??0CIMU@@QAE@XZ            00425980 f   PSINS.obj
 0001:00024fd0       ?Reset@CIMU@@QAEXXZ        00425fd0 f   PSINS.obj
 0001:000250a0       ?SetRFU@CIMU@@QAEXPBD@Z    004260a0 f   PSINS.obj
 0001:00025110       ?SetSf@CIMU@@QAEXABVCVect3@@0@Z 00426110 f   PSINS.obj
 0001:00025170       ?SetTemp@CIMU@@QAEXPANH@Z  00426170 f   PSINS.obj
 0001:00025240       ?SetKga@CIMU@@QAEXABVCMat3@@VCVect3@@0ABV3@@Z 00426240 f   PSINS.obj
 0001:000252c0       ?SetgSens@CIMU@@QAEXABVCMat3@@00@Z 004262c0 f   PSINS.obj
 0001:00025370       ?SetKa2@CIMU@@QAEXABVCVect3@@@Z 00426370 f   PSINS.obj
 0001:000253c0       ?SetKapn@CIMU@@QAEXABVCVect3@@@Z 004263c0 f   PSINS.obj
 0001:00025410       ?SetLvtGA@CIMU@@QAEXABVCVect3@@00N@Z 00426410 f   PSINS.obj
 0001:000254a0       ?SetTau@CIMU@@QAEXABVCVect3@@00@Z 004264a0 f   PSINS.obj
 0001:00025510       ?SetCba@CIMU@@QAEXABVCMat3@@@Z 00426510 f   PSINS.obj
 0001:000257f0       ?GetMeanwf@CIMU@@QAENAAVCVect3@@0H@Z 004267f0 f   PSINS.obj
 0001:000258f0       ?Update@CIMU@@QAENPBVCVect3@@0HN@Z 004268f0 f   PSINS.obj
 0001:00026a90       ?IMURFU@@YAXPAVCVect3@@HPBD@Z 00427a90 f   PSINS.obj
 0001:00026bf0       ?IMURFU@@YAXPAVCVect3@@0HPBD@Z 00427bf0 f   PSINS.obj
 0001:00026c50       ?IMUStatic@@YAXAAVCVect3@@000N@Z 00427c50 f   PSINS.obj
 0001:00026d80       ?lsclbt@@YA?AVCMat@@AAV1@0@Z 00427d80 f   PSINS.obj
 0001:00027050       ?rfu2fur@@YA?AVCVect3@@ABV1@@Z 00428050 f   PSINS.obj
 0001:000270b0       ?fur2rfu@@YA?AVCVect3@@ABV1@@Z 004280b0 f   PSINS.obj
 0001:00027110       ?rfu2fur@@YA?AVCQuat@@ABV1@@Z 00428110 f   PSINS.obj
 0001:00027180       ?fur2rfu@@YA?AVCQuat@@ABV1@@Z 00428180 f   PSINS.obj
 0001:000271f0       ??0CIMUInc@@QAE@NN@Z       004281f0 f   PSINS.obj
 0001:00027240       ?Init@CIMUInc@@QAEXNN@Z    00428240 f   PSINS.obj
 0001:000273b0       ?Update@CIMUInc@@QAEXABVCVect3@@0@Z 004283b0 f   PSINS.obj
 0001:00027580       ??0CIMUInv@@QAE@ABVCVect3@@00NN@Z 00428580 f   PSINS.obj
 0001:00027750       ?Update@CIMUInv@@QAEXABVCVect3@@0@Z 00428750 f   PSINS.obj
 0001:00027c30       ??0CSINS@@QAE@NABVCVect3@@N@Z 00428c30 f   PSINS.obj
 0001:00027fb0       ??0CSINS@@QAE@ABVCVect3@@00N@Z 00428fb0 f   PSINS.obj
 0001:00028310       ??0CSINS@@QAE@ABVCQuat@@ABVCVect3@@1N@Z 00429310 f   PSINS.obj
 0001:00028660       ?Init@CSINS@@QAEXABVCVect3@@00N@Z 00429660 f   PSINS.obj
 0001:000286c0       ?Init@CSINS@@QAEXABVCQuat@@ABVCVect3@@1N@Z 004296c0 f   PSINS.obj
 0001:00028c10       ?SetTauGA@CSINS@@QAEXABVCVect3@@0@Z 00429c10 f   PSINS.obj
 0001:00028e30       ?Update@CSINS@@QAEXPBVCVect3@@0HN@Z 00429e30 f   PSINS.obj
 0001:00029ed0       ?Extrap@CSINS@@QAEXABVCVect3@@0N@Z 0042aed0 f   PSINS.obj
 0001:0002a090       ?Extrap@CSINS@@QAEXN@Z     0042b090 f   PSINS.obj
 0001:0002a210       ?lever@CSINS@@QAEXABVCVect3@@PAV2@1@Z 0042b210 f   PSINS.obj
 0001:0002a450       ?lever2@CSINS@@QAEXABVCVect3@@PAV2@1PBV2@2@Z 0042b450 f   PSINS.obj
 0001:0002a610       ?atss@CSINS@@QAEXPAN0@Z    0042b610 f   PSINS.obj
 0001:0002a690       ?etm@CSINS@@QAEXXZ         0042b690 f   PSINS.obj
 0001:0002abc0       ?AddErr@CSINS@@QAEXABVCVect3@@00@Z 0042bbc0 f   PSINS.obj
 0001:0002ac70       ?AddErr@CSINS@@QAEXNABVCVect3@@0@Z 0042bc70 f   PSINS.obj
 0001:0002acd0       ?Leveling@CSINS@@QAEXH@Z   0042bcd0 f   PSINS.obj
 0001:0002ae20       ?Reverse@CSINS@@QAEXXZ     0042be20 f   PSINS.obj
 0001:0002aef0       ?isPPS@CSINS@@QAEHN@Z      0042bef0 f   PSINS.obj
 0001:0002af80       ?DebugStop@CSINS@@QAEXNHH@Z 0042bf80 f   PSINS.obj
 0001:0002b040       ??0CDR@@QAE@XZ             0042c040 f   PSINS.obj
 0001:0002b120       ?Init@CDR@@QAEXABVCSINS@@ABVCVect3@@@Z 0042c120 f   PSINS.obj
 0001:0002b1b0       ?Init@CDR@@QAEXABVCVect3@@00N@Z 0042c1b0 f   PSINS.obj
 0001:0002b370       ?Update@CDR@@QAEXABVCVect3@@NN0@Z 0042c370 f   PSINS.obj
 0001:0002b630       ?SetGCK@CDR@@QAEXN@Z       0042c630 f   PSINS.obj
 0001:0002b750       ?Leveling@CDR@@QAEXABVCVect3@@N@Z 0042c750 f   PSINS.obj
 0001:0002b920       ?Calibrate@CDR@@QAE?AVCVect3@@ABV2@00N@Z 0042c920 f   PSINS.obj
 0001:0002bb20       ??0CCNS@@QAE@XZ            0042cb20 f   PSINS.obj
 0001:0002bc90       ?SetdT@CCNS@@QAEXNN@Z      0042cc90 f   PSINS.obj
 0001:0002bcf0       ?Setxyp@CCNS@@QAEXNN@Z     0042ccf0 f   PSINS.obj
 0001:0002bde0       ?JD@CCNS@@QAENHHHN@Z       0042cde0 f   PSINS.obj
 0001:0002beb0       ?Precmat@CCNS@@QAE?AVCMat3@@N@Z 0042ceb0 f   PSINS.obj
 0001:0002bfe0       ?Equinox@CCNS@@QAEXN@Z     0042cfe0 f   PSINS.obj
 0001:0002c1f0       ?Nutmat@CCNS@@QAE?AVCMat3@@N@Z 0042d1f0 f   PSINS.obj
 0001:0002c2e0       ?GAST@CCNS@@QAENNN@Z       0042d2e0 f   PSINS.obj
 0001:0002c430       ?GetCie@CCNS@@QAE?AVCMat3@@NN@Z 0042d430 f   PSINS.obj
 0001:0002c5b0       ?GetCns@CCNS@@QAE?AVCMat3@@ABVCQuat@@ABVCVect3@@NABV2@@Z 0042d5b0 f   PSINS.obj
 0001:0002c700       ??0CToLCEF@@QAE@XZ         0042d700 f   PSINS.obj
 0001:0002c770       ??0CToLCEF@@QAE@ABVCVect3@@N@Z 0042d770 f   PSINS.obj
 0001:0002c7f0       ?Init@CToLCEF@@QAEXABVCVect3@@N@Z 0042d7f0 f   PSINS.obj
 0001:0002c8f0       ?ToLCEF@CToLCEF@@QAE?AVCVect3@@ABVCQuat@@ABV2@1@Z 0042d8f0 f   PSINS.obj
 0001:0002ca40       ?RFU2FUR@@YAXAAVCVect3@@@Z 0042da40 f i PSINS.obj
 0001:0002caa0       ?RFU2FUR@@YAXAAVCQuat@@@Z  0042daa0 f i PSINS.obj
 0001:0002cb10       ?ToLCEF@CToLCEF@@QAE?AVCVect3@@ABVCSINS@@@Z 0042db10 f   PSINS.obj
 0001:0002cb80       ??0CAVPInterp@@QAE@XZ      0042db80 f   PSINS.obj
 0001:0002cc20       ?Init@CAVPInterp@@QAEXABVCSINS@@NHH@Z 0042dc20 f   PSINS.obj
 0001:0002ccc0       ?Init@CAVPInterp@@QAEXABVCVect3@@00NH@Z 0042dcc0 f   PSINS.obj
 0001:0002cdb0       ?Push@CAVPInterp@@QAEXABVCSINS@@H@Z 0042ddb0 f   PSINS.obj
 0001:0002ce40       ?Push@CAVPInterp@@QAEXABVCVect3@@00@Z 0042de40 f   PSINS.obj
 0001:0002cef0       ?Interp@CAVPInterp@@QAEHNH@Z 0042def0 f   PSINS.obj
 0001:0002d320       ??0CMahony@@QAE@NABVCQuat@@@Z 0042e320 f   PSINS.obj
 0001:0002d470       ?SetTau@CMahony@@QAEXN@Z   0042e470 f   PSINS.obj
 0001:0002d4c0       ?SetTau@CMahony@@QAEXNNN@Z 0042e4c0 f   PSINS.obj
 0001:0002d530       ?SetWn@CMahony@@QAEXNN@Z   0042e530 f   PSINS.obj
 0001:0002d580       ?Update@CMahony@@QAEXABVCVect3@@0N0@Z 0042e580 f   PSINS.obj
 0001:0002daa0       ??0CQEAHRS@@QAE@N@Z        0042eaa0 f   PSINS.obj
 0001:0002dd30       ?Update@CQEAHRS@@QAEXABVCVect3@@00N@Z 0042ed30 f   PSINS.obj
 0001:0002e160       ??0CVGHook@@QAE@XZ         0042f160 f   PSINS.obj
 0001:0002e1e0       ?Init@CVGHook@@QAEXNNN@Z   0042f1e0 f   PSINS.obj
 0001:0002e390       ?SetHook@CVGHook@@QAEXPAVCSINSGNSS@@H@Z 0042f390 f   PSINS.obj
 0001:0002e450       ?Enable@CVGHook@@QAEXH@Z   0042f450 f   PSINS.obj
 0001:0002e490       ?Update@CVGHook@@QAEHAAVCVect3@@0N@Z 0042f490 f   PSINS.obj
 0001:0002ead0       ?timestr@@YAPADHPAD@Z      0042fad0 f   PSINS.obj
 0001:0002eb80       ?time2fname@@YAPADXZ       0042fb80 f   PSINS.obj
 0001:0002ebd0       ?DirI@CFileRdWt@@SAXPBD@Z  0042fbd0 f   PSINS.obj
 0001:0002ec60       ?DirO@CFileRdWt@@SAXPBD@Z  0042fc60 f   PSINS.obj
 0001:0002ecf0       ?Dir@CFileRdWt@@SAXPBD0@Z  0042fcf0 f   PSINS.obj
 0001:0002ed50       ??0CFileRdWt@@QAE@XZ       0042fd50 f   PSINS.obj
 0001:0002ed80       ??0CFileRdWt@@QAE@PBDH@Z   0042fd80 f   PSINS.obj
 0001:0002edf0       ??1CFileRdWt@@QAE@XZ       0042fdf0 f   PSINS.obj
 0001:0002ee40       ?Init@CFileRdWt@@QAEXPBDH@Z 0042fe40 f   PSINS.obj
 0001:0002f220       ?load@CFileRdWt@@QAEHHH@Z  00430220 f   PSINS.obj
 0001:0002f6f0       ?loadf32@CFileRdWt@@QAEHH@Z 004306f0 f   PSINS.obj
 0001:0002f7e0       ?load@CFileRdWt@@QAEJPAEJ@Z 004307e0 f   PSINS.obj
 0001:0002f890       ?bwseek@CFileRdWt@@QAEXHH@Z 00430890 f   PSINS.obj
 0001:0002f900       ?filesize@CFileRdWt@@QAEJH@Z 00430900 f   PSINS.obj
 0001:0002f9d0       ?getl@CFileRdWt@@QAEHXZ    004309d0 f   PSINS.obj
 0001:0002fa30       ?savepos@CFileRdWt@@QAEJH@Z 00430a30 f   PSINS.obj
 0001:0002fac0       ?restorepos@CFileRdWt@@QAEHH@Z 00430ac0 f   PSINS.obj
 0001:0002fb40       ?waitfor@CFileRdWt@@QAEHHNN@Z 00430b40 f   PSINS.obj
 0001:0002fc20       ??6CFileRdWt@@QAEAAV0@N@Z  00430c20 f   PSINS.obj
 0001:0002fc70       ??6CFileRdWt@@QAEAAV0@ABVCVect3@@@Z 00430c70 f   PSINS.obj
 0001:0002fcc0       ??6CFileRdWt@@QAEAAV0@ABVCQuat@@@Z 00430cc0 f   PSINS.obj
 0001:0002fd10       ??6CFileRdWt@@QAEAAV0@ABVCMat3@@@Z 00430d10 f   PSINS.obj
 0001:0002fd60       ??6CFileRdWt@@QAEAAV0@ABVCVect@@@Z 00430d60 f   PSINS.obj
 0001:0002fdc0       ??6CFileRdWt@@QAEAAV0@ABVCMat@@@Z 00430dc0 f   PSINS.obj
 0001:0002fe20       ??6CFileRdWt@@QAEAAV0@ABVCRAvar@@@Z 00430e20 f   PSINS.obj
 0001:0002fe80       ??6CFileRdWt@@QAEAAV0@ABVCMaxMinn@@@Z 00430e80 f   PSINS.obj
 0001:0002ff90       ??6CFileRdWt@@QAEAAV0@ABVCAlignsb@@@Z 00430f90 f   PSINS.obj
 0001:00030000       ??6CFileRdWt@@QAEAAV0@ABVCAligni0@@@Z 00431000 f   PSINS.obj
 0001:00030090       ??6CFileRdWt@@QAEAAV0@ABVCPolyfit@@@Z 00431090 f   PSINS.obj
 0001:00030100       ??6CFileRdWt@@QAEAAV0@ABVCPolyfit3@@@Z 00431100 f   PSINS.obj
 0001:00030170       ??6CFileRdWt@@QAEAAV0@ABVCIMU@@@Z 00431170 f   PSINS.obj
 0001:000301e0       ??6CFileRdWt@@QAEAAV0@ABVCSINS@@@Z 004311e0 f   PSINS.obj
 0001:000302f0       ??6CFileRdWt@@QAEAAV0@ABVCToLCEF@@@Z 004312f0 f   PSINS.obj
 0001:00030360       ??6CFileRdWt@@QAEAAV0@ABVCDR@@@Z 00431360 f   PSINS.obj
 0001:000303f0       ??6CFileRdWt@@QAEAAV0@ABVCRMemory@@@Z 004313f0 f   PSINS.obj
 0001:00030440       ??6CFileRdWt@@QAEAAV0@ABVCMahony@@@Z 00431440 f   PSINS.obj
 0001:000304b0       ??6CFileRdWt@@QAEAAV0@ABVCQEAHRS@@@Z 004314b0 f   PSINS.obj
 0001:00030550       ??6CFileRdWt@@QAEAAV0@ABVCVGHook@@@Z 00431550 f   PSINS.obj
 0001:00030600       ??6CFileRdWt@@QAEAAV0@ABVCUartPP@@@Z 00431600 f   PSINS.obj
 0001:00030660       ??6CFileRdWt@@QAEAAV0@AAVCKalman@@@Z 00431660 f   PSINS.obj
 0001:00030740       ??5CFileRdWt@@QAEAAV0@AAN@Z 00431740 f   PSINS.obj
 0001:00030790       ??5CFileRdWt@@QAEAAV0@AAVCVect3@@@Z 00431790 f   PSINS.obj
 0001:000307e0       ??5CFileRdWt@@QAEAAV0@AAVCQuat@@@Z 004317e0 f   PSINS.obj
 0001:00030830       ??5CFileRdWt@@QAEAAV0@AAVCMat3@@@Z 00431830 f   PSINS.obj
 0001:00030880       ??5CFileRdWt@@QAEAAV0@AAVCVect@@@Z 00431880 f   PSINS.obj
 0001:000308e0       ??5CFileRdWt@@QAEAAV0@AAVCMat@@@Z 004318e0 f   PSINS.obj
 0001:00030940       ??0CFImuGnssSync@@QAE@PBDHN0H@Z 00431940 f   PSINS.obj
 0001:00030b10       ??1CFImuGnssSync@@QAE@XZ   00431b10 f   PSINS.obj
 0001:00030b80       ?load@CFImuGnssSync@@QAEHH@Z 00431b80 f   PSINS.obj
 0001:00030db0       ??0CFileLog@@QAE@XZ        00431db0 f   PSINS.obj
 0001:00030e20       ?LogSet@CFileLog@@QAEAAV1@HPBD@Z 00431e20 f   PSINS.obj
 0001:00030f40       ??1CFileLog@@QAE@XZ        00431f40 f   PSINS.obj
 0001:00030fb0       ?LogDate@CFileLog@@QAEAAV1@H@Z 00431fb0 f   PSINS.obj
 0001:00031040       ?LogRunTime@CFileLog@@QAEAAV1@H@Z 00432040 f   PSINS.obj
 0001:000310c0       ??6CFileLog@@QAEAAV0@PBD@Z 004320c0 f   PSINS.obj
 0001:00031120       ??6CFileLog@@QAEAAV0@H@Z   00432120 f   PSINS.obj
 0001:00031180       ??6CFileLog@@QAEAAV0@M@Z   00432180 f   PSINS.obj
 0001:000311f0       ??6CFileLog@@QAEAAV0@N@Z   004321f0 f   PSINS.obj
 0001:00031250       ??6CFileLog@@QAEAAV0@ABVCVect3@@@Z 00432250 f   PSINS.obj
 0001:000312d0       ??6CFileLog@@QAEAAV0@ABVCQuat@@@Z 004322d0 f   PSINS.obj
 0001:00031360       ??6CFileLog@@QAEAAV0@ABVCVect@@@Z 00432360 f   PSINS.obj
 0001:000313f0       ??6CFileLog@@QAEAAV0@ABVCMat3@@@Z 004323f0 f   PSINS.obj
 0001:000314e0       ??6CFileLog@@QAEAAV0@ABVCMat@@@Z 004324e0 f   PSINS.obj
 0001:000315c0       ?CMArray@CFileLog@@QAEAAV1@PBDPBNHHN0@Z 004325c0 f   PSINS.obj
 0001:00031660       ?CArray@CFileLog@@QAEAAV1@PBDPBNHHN0@Z 00432660 f   PSINS.obj
 0001:000318c0       ?MArray@CFileLog@@QAEAAV1@PBDPBNHHN0@Z 004328c0 f   PSINS.obj
 0001:00031a50       ?Flush@CFileLog@@QAEXH@Z   00432a50 f   PSINS.obj
 0001:00031ac0       ??0CFileCfg@@QAE@XZ        00432ac0 f   PSINS.obj
 0001:00031b00       ??1CFileCfg@@QAE@XZ        00432b00 f   PSINS.obj
 0001:00031b60       ??6CFileCfg@@QAEAAV0@PBD@Z 00432b60 f   PSINS.obj
 0001:00031c10       ??5CFileCfg@@QAEAAV0@PBD@Z 00432c10 f   PSINS.obj
 0001:00031ce0       ??6CFileCfg@@QAEAAV0@F@Z   00432ce0 f   PSINS.obj
 0001:00031d30       ??6CFileCfg@@QAEAAV0@H@Z   00432d30 f   PSINS.obj
 0001:00031d80       ??6CFileCfg@@QAEAAV0@M@Z   00432d80 f   PSINS.obj
 0001:00031dd0       ??6CFileCfg@@QAEAAV0@N@Z   00432dd0 f   PSINS.obj
 0001:00031e20       ??6CFileCfg@@QAEAAV0@ABVCVect3@@@Z 00432e20 f   PSINS.obj
 0001:00031e70       ??6CFileCfg@@QAEAAV0@ABVCQuat@@@Z 00432e70 f   PSINS.obj
 0001:00031ec0       ??6CFileCfg@@QAEAAV0@ABVCMat3@@@Z 00432ec0 f   PSINS.obj
 0001:00031f10       ??6CFileCfg@@QAEAAV0@ABVCMat@@@Z 00432f10 f   PSINS.obj
 0001:00031f70       ??5CFileCfg@@QAEAAV0@AAF@Z 00432f70 f   PSINS.obj
 0001:00031fe0       ??5CFileCfg@@QAEAAV0@AAH@Z 00432fe0 f   PSINS.obj
 0001:00032050       ??5CFileCfg@@QAEAAV0@AAM@Z 00433050 f   PSINS.obj
 0001:000320d0       ??5CFileCfg@@QAEAAV0@AAN@Z 004330d0 f   PSINS.obj
 0001:00032160       ??5CFileCfg@@QAEAAV0@AAVCVect3@@@Z 00433160 f   PSINS.obj
 0001:000321f0       ??5CFileCfg@@QAEAAV0@AAVCQuat@@@Z 004331f0 f   PSINS.obj
 0001:00032290       ??5CFileCfg@@QAEAAV0@AAVCMat3@@@Z 00433290 f   PSINS.obj
 0001:00032330       ??4CFileCfg@@QAEAAV0@AAV0@@Z 00433330 f   PSINS.obj
 0001:00032370       ?WriteCfg@@YA?AVCFileCfg@@PBD0@Z 00433370 f   PSINS.obj
 0001:00032450       ?ReadCfg@@YA?AVCFileCfg@@PBD0@Z 00433450 f   PSINS.obj
 0001:00032530       ?dec2binf@@YAHPAD@Z        00433530 f   PSINS.obj
 0001:000326c0       ??0CRMemory@@QAE@XZ        004336c0 f   PSINS.obj
 0001:000326f0       ??0CRMemory@@QAE@JH@Z      004336f0 f   PSINS.obj
 0001:00032770       ??0CRMemory@@QAE@PAEJH@Z   00433770 f   PSINS.obj
 0001:000327c0       ?Init@CRMemory@@QAEXPAEJH@Z 004337c0 f   PSINS.obj
 0001:00032860       ??1CRMemory@@QAE@XZ        00433860 f   PSINS.obj
 0001:000328b0       ??4CRMemory@@QAEXABV0@@Z   004338b0 f   PSINS.obj
 0001:000329f0       ?pop@CRMemory@@QAEEPAE@Z   004339f0 f   PSINS.obj
 0001:00032ae0       ?get@CRMemory@@QAEPAEH@Z   00433ae0 f   PSINS.obj
 0001:00032b40       ?set@CRMemory@@QAEPAEHPBE@Z 00433b40 f   PSINS.obj
 0001:00032be0       ?push@CRMemory@@QAEHPBE@Z  00433be0 f   PSINS.obj
 0001:00032ce0       ??0CSmooth@@QAE@HH@Z       00433ce0 f   PSINS.obj
 0001:00032e30       ??1CSmooth@@QAE@XZ         00433e30 f   PSINS.obj
 0001:00032ea0       ?Update@CSmooth@@QAE?AVCVect@@PBNPAN@Z 00433ea0 f   PSINS.obj
 0001:00032ff0       ??0CInterp@@QAE@PAPANHH@Z  00433ff0 f   PSINS.obj
 0001:00033130       ??0CInterp@@QAE@PBDH@Z     00434130 f   PSINS.obj
 0001:00033350       ??1CInterp@@QAE@XZ         00434350 f   PSINS.obj
 0001:00033400       ?Interp@CInterp@@QAENNPAN@Z 00434400 f   PSINS.obj
 0001:000336e0       ?flipud@@YAPAEPAEHH@Z      004346e0 f   PSINS.obj
 0001:00033800       ?deal32@@YAXPAMZZ          00434800 f   PSINS.obj
 0001:00033880       ?deal@@YAXPANZZ            00434880 f   PSINS.obj
 0001:00033900       ??0CContinuousCnt@@QAE@H@Z 00434900 f   PSINS.obj
 0001:00033950       ?Update@CContinuousCnt@@QAEHH@Z 00434950 f   PSINS.obj
 0001:000339f0       ?Alignsb@@YA?AVCVect3@@ABV1@0N@Z 004349f0 f   PSINS.obj
 0001:00033c40       ?Alignsb@@YA?AVCVect3@@ABV1@00@Z 00434c40 f   PSINS.obj
 0001:00033ca0       ??0CAlignsb@@QAE@NN@Z      00434ca0 f   PSINS.obj
 0001:00033d70       ??0CAlignsb@@QAE@ABVCVect3@@N@Z 00434d70 f   PSINS.obj
 0001:00033e40       ?Init@CAlignsb@@QAEXNN@Z   00434e40 f   PSINS.obj
 0001:00033eb0       ?Init@CAlignsb@@QAEXABVCVect3@@N@Z 00434eb0 f   PSINS.obj
 0001:00033f90       ?SetYaw@CAlignsb@@QAEXN@Z  00434f90 f   PSINS.obj
 0001:00033fd0       ?Update@CAlignsb@@QAE?AVCQuat@@PBVCVect3@@0HN@Z 00434fd0 f   PSINS.obj
 0001:000341d0       ??0CAligni0@@QAE@ABVCVect3@@0H@Z 004351d0 f   PSINS.obj
 0001:00034330       ?Init@CAligni0@@QAEXABVCVect3@@0H@Z 00435330 f   PSINS.obj
 0001:000344c0       ?Update@CAligni0@@QAE?AVCQuat@@PBVCVect3@@0HNABV3@@Z 004354c0 f   PSINS.obj
 0001:00034b30       ??0CAligni0fit@@QAE@XZ     00435b30 f   PSINS.obj
 0001:00034c30       ??0CAligni0fit@@QAE@ABVCVect3@@@Z 00435c30 f   PSINS.obj
 0001:00034d40       ?Init@CAligni0fit@@QAEXABVCVect3@@@Z 00435d40 f   PSINS.obj
 0001:00034f90       ?Update@CAligni0fit@@QAE?AVCQuat@@PBVCVect3@@0HN@Z 00435f90 f   PSINS.obj
 0001:00035720       ?UpdateNoL@CAligni0fit@@QAE?AVCQuat@@PBVCVect3@@0HN@Z 00436720 f   PSINS.obj
 0001:00035dc0       ?pi0t@CAligni0fit@@QAE?AVCVect3@@N@Z 00436dc0 f   PSINS.obj
 0001:00035ee0       ?pib0t@CAligni0fit@@QAE?AVCVect3@@N@Z 00436ee0 f   PSINS.obj
 0001:00035fc0       ??0CAlignkf@@QAE@XZ        00436fc0 f   PSINS.obj
 0001:00036020       ??0CAlignkf@@QAE@N@Z       00437020 f   PSINS.obj
 0001:000360d0       ??0CAlignkf@@QAE@ABVCSINS@@N@Z 004370d0 f   PSINS.obj
 0001:00036150       ?Init@CAlignkf@@QAEXABVCSINS@@@Z 00437150 f   PSINS.obj
 0001:00036640       ?Update@CAlignkf@@QAEHPBVCVect3@@0HNH@Z 00437640 f   PSINS.obj
 0001:00036720       ?Update@CAlignkf@@QAEHPBVCVect3@@0HNABV2@H@Z 00437720 f   PSINS.obj
 0001:00036810       ??0CAligntrkang@@QAE@NNNN@Z 00437810 f   PSINS.obj
 0001:000368f0       ?Init@CAligntrkang@@QAEXABVCSINS@@@Z 004378f0 f   PSINS.obj
 0001:00036dd0       ?Update@CAligntrkang@@QAEHPBVCVect3@@0HNABV2@H@Z 00437dd0 f   PSINS.obj
 0001:000370e0       ??0CAlignsv@@QAE@XZ        004380e0 f   PSINS.obj
 0001:00037140       ??0CAlignsv@@QAE@N@Z       00438140 f   PSINS.obj
 0001:000371c0       ??0CAlignsv@@QAE@ABVCVect3@@NNN@Z 004381c0 f   PSINS.obj
 0001:00037260       ?Init@CAlignsv@@QAEXABVCVect3@@NNN@Z 00438260 f   PSINS.obj
 0001:00037440       ??1CAlignsv@@QAE@XZ        00438440 f   PSINS.obj
 0001:000374c0       ?Update@CAlignsv@@QAEHPBVCVect3@@0H@Z 004384c0 f   PSINS.obj
 0001:00037710       ??0CAligntf@@QAE@N@Z       00438710 f   PSINS.obj
 0001:000377c0       ??0CAligntf@@QAE@ABVCSINS@@N@Z 004387c0 f   PSINS.obj
 0001:00037840       ?Init@CAligntf@@QAEXABVCSINS@@@Z 00438840 f   PSINS.obj
 0001:00037d50       ?SetFt@CAligntf@@UAEXH@Z   00438d50 f   PSINS.obj
 0001:00037dd0       ?SetHk@CAligntf@@UAEXH@Z   00438dd0 f   PSINS.obj
 0001:00037f10       ?Feedback@CAligntf@@UAEXHN@Z 00438f10 f   PSINS.obj
 0001:00038000       ?Update@CAligntf@@QAEHPBVCVect3@@0HNH@Z 00439000 f   PSINS.obj
 0001:00038090       ?SetMeasVnAtt@CAligntf@@QAEXABVCVect3@@0@Z 00439090 f   PSINS.obj
 0001:00038210       ??6CAligntf@@QAEXAAVCFileRdWt@@@Z 00439210 f   PSINS.obj
 0001:000382d0       ??0CUartPP@@QAE@HG@Z       004392d0 f   PSINS.obj
 0001:000383a0       ?checksum@CUartPP@@QAEHPBE@Z 004393a0 f   PSINS.obj
 0001:00038480       ?push@CUartPP@@QAEHPBEH@Z  00439480 f   PSINS.obj
 0001:00038560       ?nextIdx@CUartPP@@QAEHH@Z  00439560 f i PSINS.obj
 0001:000385b0       ?pop@CUartPP@@QAEHPAE@Z    004395b0 f   PSINS.obj
 0001:00038780       ?safeWrite@CUartPP@@QAEHAAVCFileRdWt@@H@Z 00439780 f   PSINS.obj
 0001:00038840       ?chksum8@@YAEPBEH@Z        00439840 f   PSINS.obj
 0001:00038890       ?chksum16@@YAGPBGH@Z       00439890 f   PSINS.obj
 0001:000388f0       ?makefrm@@YAHPAXZZ         004398f0 f   PSINS.obj
 0001:000389c0       ?flt22db@@YANMM@Z          004399c0 f   PSINS.obj
 0001:00038a10       ?db2flt2@@YAXNPAM0@Z       00439a10 f   PSINS.obj
 0001:00038aa0       ?iga2flt@@YAHPAMPBN1111@Z  00439aa0 f   PSINS.obj
 0001:00038de0       ?onExit@@YAXXZ             00439de0 f   PSINS.obj
 0001:00038e20       ??0CConUart@@QAE@XZ        00439e20 f   PSINS.obj
 0001:00038ed0       ?Init@CConUart@@QAEXHHHG@Z 00439ed0 f   PSINS.obj
 0001:00039060       ?getUart@CConUart@@QAEHXZ  0043a060 f   PSINS.obj
 0001:00039170       ?dispUart@CConUart@@QAEXH@Z 0043a170 f   PSINS.obj
 0001:000394b0       ?gotorc@CConUart@@QAEXFF@Z 0043a4b0 f   PSINS.obj
 0001:00039540       ?sendUart@CConUart@@QAEXXZ 0043a540 f   PSINS.obj
 0001:000396e0       ??0CComUart@@QAE@XZ        0043a6e0 f   PSINS.obj
 0001:00039790       ?Init@CComUart@@QAEXPAD@Z  0043a790 f   PSINS.obj
 0001:00039a90       ?Init@CComUart@@QAEXHHH@Z  0043aa90 f   PSINS.obj
 0001:00039bc0       ?getUart@CComUart@@QAEHXZ  0043abc0 f   PSINS.obj
 0001:00039cb0       ?dispUart@CComUart@@QAEXH@Z 0043acb0 f   PSINS.obj
 0001:0003a150       ?sendUart@CComUart@@QAEXPAEHH@Z 0043b150 f   PSINS.obj
 0001:0003a1e0       ?gotorc@CComUart@@QAEXFF@Z 0043b1e0 f   PSINS.obj
 0001:0003a270       ?swap16@@YAGG@Z            0043b270 f   PSINS.obj
 0001:0003a2c0       ?swap24@@YAPAEPAE0@Z       0043b2c0 f   PSINS.obj
 0001:0003a320       ?swap32@@YAII@Z            0043b320 f   PSINS.obj
 0001:0003a390       ?swap64@@YAKK@Z            0043b390 f   PSINS.obj
 0001:0003a430       ?swapbytes@@YAPAEPAEH@Z    0043b430 f   PSINS.obj
 0001:0003a590       ?int24@@YAPAEPAEH@Z        0043b590 f   PSINS.obj
 0001:0003a600       ?diffint24@@YAHPBE0@Z      0043b600 f   PSINS.obj
 0001:0003a6e0       ?i24i32@@YAHPBE@Z          0043b6e0 f   PSINS.obj
 0001:0003a760       ?r2dm@@YANN@Z              0043b760 f   PSINS.obj
 0001:0003a800       ?dm2r@@YANN@Z              0043b800 f   PSINS.obj
 0001:0003a8a0       ?logtrigger@@YAHHN@Z       0043b8a0 f   PSINS.obj
 0001:0003a910       ?IsZero@@YAHNN@Z           0043b910 f i PSINS.obj
 0001:0003a960       ?sign@@YAHNN@Z             0043b960 f   PSINS.obj
 0001:0003a9c0       ?range@@YANNNN@Z           0043b9c0 f   PSINS.obj
 0001:0003aa30       ?maxn@@YANPBNH@Z           0043ba30 f   PSINS.obj
 0001:0003aaa0       ?minn@@YANPBNH@Z           0043baa0 f   PSINS.obj
 0001:0003ab10       ?norm1@@YANPBNH@Z          0043bb10 f   PSINS.obj
 0001:0003ab90       ?norm@@YANPBNH@Z           0043bb90 f   PSINS.obj
 0001:0003ac10       ?normInf@@YANPBNH@Z        0043bc10 f   PSINS.obj
 0001:0003aca0       ?attract@@YANNNN@Z         0043bca0 f   PSINS.obj
 0001:0003ad10       ?polyval@@YANPBNHN@Z       0043bd10 f   PSINS.obj
 0001:0003ad70       ?atan2Ex@@YANNN@Z          0043bd70 f   PSINS.obj
 0001:0003ae10       ?diffYaw@@YANNN@Z          0043be10 f   PSINS.obj
 0001:0003ae80       ?MKQt@@YANNN@Z             0043be80 f   PSINS.obj
 0001:0003aeb0       ?MKQt@@YA?AVCVect3@@ABV1@0@Z 0043beb0 f   PSINS.obj
 0001:0003af40       ?unixt2gpst@@YANNH@Z       0043bf40 f   PSINS.obj
 0001:0003af90       ?chkhdr@@YAHPBD0@Z         0043bf90 f   PSINS.obj
 0001:0003b000       ?randn@@YANNN@Z            0043c000 f   PSINS.obj
 0001:0003b0c0       ?randn@@YA?AVCVect3@@ABV1@0@Z 0043c0c0 f   PSINS.obj
 0001:0003b170       ?randn@@YA?AVCVect@@ABV1@0@Z 0043c170 f   PSINS.obj
 0001:0003b270       ?randn@@YA?AVCMat3@@ABV1@ABN@Z 0043c270 f   PSINS.obj
 0001:0003b310       ?randn@@YA?AVCMat@@ABV1@ABN@Z 0043c310 f   PSINS.obj
 0001:0003b400       ?deci@@YAPAHHPAH@Z         0043c400 f   PSINS.obj
 0001:0003b510       ?add@@YAXAAVCVect3@@ABV1@1@Z 0043c510 f   PSINS.obj
 0001:0003b570       ?add@@YAXAAVCMat3@@ABV1@1@Z 0043c570 f   PSINS.obj
 0001:0003b630       ?add@@YAXAAVCVect@@ABV1@1@Z 0043c630 f   PSINS.obj
 0001:0003b6b0       ?add@@YAXAAVCMat@@ABV1@1@Z 0043c6b0 f   PSINS.obj
 0001:0003b730       ?sub@@YAXAAVCVect3@@ABV1@1@Z 0043c730 f   PSINS.obj
 0001:0003b790       ?sub@@YAXAAVCMat3@@ABV1@1@Z 0043c790 f   PSINS.obj
 0001:0003b850       ?sub@@YAXAAVCVect@@ABV1@1@Z 0043c850 f   PSINS.obj
 0001:0003b8d0       ?sub@@YAXAAVCMat@@ABV1@1@Z 0043c8d0 f   PSINS.obj
 0001:0003b950       ?cros@@YAXAAVCVect3@@ABV1@1@Z 0043c950 f   PSINS.obj
 0001:0003b9f0       ?dotmul@@YAXAAVCVect3@@ABV1@1@Z 0043c9f0 f   PSINS.obj
 0001:0003ba50       ?dotdiv@@YAXAAVCVect3@@ABV1@1@Z 0043ca50 f   PSINS.obj
 0001:0003bab0       ?mul@@YAXAAVCVect3@@ABV1@ABN@Z 0043cab0 f   PSINS.obj
 0001:0003bb00       ?mul@@YAXAAVCMat3@@ABV1@ABN@Z 0043cb00 f   PSINS.obj
 0001:0003bbc0       ?mul@@YAXAAVCVect@@ABV1@ABN@Z 0043cbc0 f   PSINS.obj
 0001:0003bc50       ?mul@@YAXAAVCVect@@ABVCMat@@ABV1@@Z 0043cc50 f   PSINS.obj
 0001:0003bd30       ?mul@@YAXAAVCMat@@ABV1@ABN@Z 0043cd30 f   PSINS.obj
 0001:0003bdc0       ?mul@@YAXAAVCVect3@@ABVCMat3@@ABV1@@Z 0043cdc0 f   PSINS.obj
 0001:0003be70       ?mul@@YAXAAVCVect3@@ABV1@ABVCMat3@@@Z 0043ce70 f   PSINS.obj
 0001:0003bf20       ?mul@@YAXAAVCMat3@@ABV1@1@Z 0043cf20 f   PSINS.obj
 0001:0003c120       ?mul@@YAXAAVCQuat@@ABV1@1@Z 0043d120 f   PSINS.obj
 0001:0003c250       ?mul@@YAXAAVCVect3@@ABVCQuat@@ABV1@@Z 0043d250 f   PSINS.obj
 0001:0003c3b0       ?_TT@@YAXAAVCMat3@@ABV1@@Z 0043d3b0 f   PSINS.obj
 0001:0003c470       ?rv2q@@YAXAAVCQuat@@ABVCVect3@@@Z 0043d470 f   PSINS.obj
 0001:0003c590       ?qdelphi@@YAXAAVCQuat@@ABVCVect3@@@Z 0043d590 f   PSINS.obj
 0001:0003c6b0       ?q2mat@@YAXAAVCMat3@@ABVCQuat@@@Z 0043d6b0 f   PSINS.obj
 0001:0003c7f0       ?m2att@@YAXAAVCVect3@@ABVCMat3@@@Z 0043d7f0 f   PSINS.obj
 0001:0003c980       _asinf                     0043d980 f i PSINS.obj
 0001:0003c9c0       _atan2f                    0043d9c0 f i PSINS.obj
 0001:0003ca10       ?AXbt@@YAXAAVCVect3@@ABVCMat3@@ABV1@2ABN@Z 0043da10 f   PSINS.obj
 0001:0003cb00       ?ClassSizeDisp@@YAXH@Z     0043db00 f   PSINS.obj
 0001:0003cca0       ?Demo_User@@YAXXZ          0043dca0 f   PSINS_Demo.obj
 0001:0003cd70       ?Demo_CIIRV3@@YAXXZ        0043dd70 f   PSINS_Demo.obj
 0001:0003cf50       ?Demo_CMaxMin@@YAXXZ       0043df50 f   PSINS_Demo.obj
 0001:0003d0c0       ?Demo_CVAR@@YAXXZ          0043e0c0 f   PSINS_Demo.obj
 0001:0003d210       ?Demo_CVARn@@YAXXZ         0043e210 f   PSINS_Demo.obj
 0001:0003d380       ?Demo_CRAvar@@YAXXZ        0043e380 f   PSINS_Demo.obj
 0001:0003d510       ?Demo_CSINS_static@@YAXXZ  0043e510 f   PSINS_Demo.obj
 0001:0003d880       ?Demo_CSINS_Error@@YAXXZ   0043e880 f   PSINS_Demo.obj
 0001:0003e020       ?Demo_CSINS_toLCEF@@YAXXZ  0043f020 f   PSINS_Demo.obj
 0001:0003e350       ?Demo_Extern_C_example@@YAXXZ 0043f350 f   PSINS_Demo.obj
 0001:0003e370       ?Demo_CAlignsv@@YAXXZ      0043f370 f   PSINS_Demo.obj
 0001:0003e530       ??1CFileIMU6@@QAE@XZ       0043f530 f i PSINS_Demo.obj
 0001:0003e570       ?Demo_CAlignNoLat@@YAXXZ   0043f570 f   PSINS_Demo.obj
 0001:0003e780       ?Demo_CAligntf@@YAXXZ      0043f780 f   PSINS_Demo.obj
 0001:0003ea40       ?Demo_CAlign_CSINS@@YAXXZ  0043fa40 f   PSINS_Demo.obj
 0001:0003ecd0       ?Demo_CSINSGNSS@@YAXXZ     0043fcd0 f   PSINS_Demo.obj
 0001:0003f1e0       ??1CFileIMUGNSS@@QAE@XZ    004401e0 f i PSINS_Demo.obj
 0001:0003f220       ?Demo_CSINSGNSSDR@@YAXXZ   00440220 f   PSINS_Demo.obj
 0001:0003f500       ??1CFileRdSr49@@QAE@XZ     00440500 f i PSINS_Demo.obj
 0001:0003f540       ?Demo_SINSOD@@YAXXZ        00440540 f   PSINS_Demo.obj
 0001:0003f7d0       ?Demo_POS618@@YAXXZ        004407d0 f   PSINS_Demo.obj
 0001:0003f8e0       ?Demo_CNS_PrecNut@@YAXXZ   004408e0 f   PSINS_Demo.obj
 0001:0003fac0       ?Demo_SINSCNS@@YAXXZ       00440ac0 f   PSINS_Demo.obj
 0001:0003fe10       ?Demo_IMUTempCompensate@@YAXXZ 00440e10 f   PSINS_Demo.obj
 0001:0003ff00       ?Demo_CVCFileFind@@YAXXZ   00440f00 f   PSINS_Demo.obj
 0001:0003ff20       ?Demo_DSP_main@@YAXXZ      00440f20 f   PSINS_Demo.obj
 0001:0003ff40       ?Demo_CONSOLE_UART@@YAXXZ  00440f40 f   PSINS_Demo.obj
 0001:00040310       ??1CConUart@@QAE@XZ        00441310 f i PSINS_Demo.obj
 0001:00040390       ?Demo_COMMON_UART@@YAXXZ   00441390 f   PSINS_Demo.obj
 0001:000404b0       ??1CComUart@@QAE@XZ        004414b0 f i PSINS_Demo.obj
 0001:00040530       ?Demo_Cfg@@YAXXZ           00441530 f   PSINS_Demo.obj
 0001:00040730       ?Demo_CPolyfit@@YAXXZ      00441730 f   PSINS_Demo.obj
 0001:000409a0       ?Demo_CAligni0@@YAXXZ      004419a0 f   PSINS_Demo.obj
 0001:00040c60       ?Demo_SysClbt@@YAXXZ       00441c60 f   PSINS_Demo.obj
 0001:000410e0       ?Demo_GKP@@YAXXZ           004420e0 f   PSINS_Demo.obj
 0001:000412c0       ?Demo_CIMUInc@@YAXXZ       004422c0 f   PSINS_Demo.obj
 0001:00041440       ?Demo_Extract_Txt_File@@YAXXZ 00442440 f   PSINS_Demo.obj
 0001:000415c0       ?Demo_Extract_Txt_File_bin@@YAXXZ 004425c0 f   PSINS_Demo.obj
 0001:00041730       ?Demo_operator_pointer_run_time@@YAXXZ 00442730 f   PSINS_Demo.obj
 0001:00041980       ??0CFileIMU6@@QAE@PBD@Z    00442980 f i PSINS_Demo.obj
 0001:00041c20       ?load@CFileIMU6@@QAEHHH@Z  00442c20 f i PSINS_Demo.obj
 0001:00041d30       ??0CFileIMUGNSS@@QAE@PBD@Z 00442d30 f i PSINS_Demo.obj
 0001:00041f30       ?load@CFileIMUGNSS@@QAEHH@Z 00442f30 f i PSINS_Demo.obj
 0001:00041fa0       ??0CFileRdSr49@@QAE@PBD@Z  00442fa0 f i PSINS_Demo.obj
 0001:000420a0       ?load@CFileRdSr49@@QAEHH@Z 004430a0 f i PSINS_Demo.obj
 0001:00042260       ?waitforgps@CFileRdSr49@@QAEHXZ 00443260 f i PSINS_Demo.obj
 0001:000422d0       ??0DataSensor49@@QAE@XZ    004432d0 f i PSINS_Demo.obj
 0001:000423e0       ?getRegKeyValues@@YA_NV?$basic_string@DU?$char_traits@D@std@@V?$allocator@D@2@@std@@AAV?$list@V?$basic_string@DU?$char_traits@D@std@@V?$allocator@D@2@@std@@V?$allocator@V?$basic_string@DU?$char_traits@D@std@@V?$allocator@D@2@@std@@@2@@2@@Z 004433e0 f   SerialPort.obj
 0001:000426f0       ??0CSerialPort@itas109@@QAE@XZ 004436f0 f   SerialPort.obj
 0001:00042840       ??1CSerialPort@itas109@@UAE@XZ 00443840 f   SerialPort.obj
 0001:00042930       ?InitPort@CSerialPort@itas109@@QAEHPAUHWND__@@IIDIIKIKKKKK@Z 00443930 f   SerialPort.obj
 0001:00042ed0       ?CommThread@CSerialPort@itas109@@KGKPAX@Z 00443ed0 f   SerialPort.obj
 0001:00043330       ?StartMonitoring@CSerialPort@itas109@@QAEHXZ 00444330 f   SerialPort.obj
 0001:000433a0       ?ResumeMonitoring@CSerialPort@itas109@@QAEHXZ 004443a0 f   SerialPort.obj
 0001:000433f0       ?SuspendMonitoring@CSerialPort@itas109@@QAEHXZ 004443f0 f   SerialPort.obj
 0001:00043440       ?IsThreadSuspend@CSerialPort@itas109@@QAEHPAX@Z 00444440 f   SerialPort.obj
 0001:000434b0       ?ProcessErrorMessage@CSerialPort@itas109@@IAEXPAD@Z 004444b0 f   SerialPort.obj
 0001:00043570       ?WriteChar@CSerialPort@itas109@@KAXPAV12@@Z 00444570 f   SerialPort.obj
 0001:000438a0       ?ReceiveChar@CSerialPort@itas109@@KAXPAV12@@Z 004448a0 f   SerialPort.obj
 0001:00043b60       ?ReceiveStr@CSerialPort@itas109@@KAXPAV12@@Z 00444b60 f   SerialPort.obj
 0001:00043e80       ?GetDCB@CSerialPort@itas109@@QAE?AU_DCB@@XZ 00444e80 f   SerialPort.obj
 0001:00043ec0       ?GetCommEvents@CSerialPort@itas109@@QAEKXZ 00444ec0 f   SerialPort.obj
 0001:00043ef0       ?GetWriteBufferSize@CSerialPort@itas109@@QAEKXZ 00444ef0 f   SerialPort.obj
 0001:00043f20       ?IsOpened@CSerialPort@itas109@@QAEHXZ 00444f20 f   SerialPort.obj
 0001:00043f60       ?ClosePort@CSerialPort@itas109@@QAEXXZ 00444f60 f   SerialPort.obj
 0001:00044120       ?WriteToPort@CSerialPort@itas109@@QAEXPADI@Z 00445120 f   SerialPort.obj
 0001:00044210       ?WriteToPort@CSerialPort@itas109@@QAEXPAEI@Z 00445210 f   SerialPort.obj
 0001:00044300       ?GetVersion@CSerialPort@itas109@@QAE?AV?$basic_string@DU?$char_traits@D@std@@V?$allocator@D@2@@std@@XZ 00445300 f   SerialPort.obj
 0001:000443a0       ??0CSerialPortInfo@itas109@@QAE@XZ 004453a0 f   SerialPort.obj
 0001:000443d0       ??1CSerialPortInfo@itas109@@QAE@XZ 004453d0 f   SerialPort.obj
 0001:00044400       ?availablePorts@CSerialPortInfo@itas109@@SA?AV?$list@V?$basic_string@DU?$char_traits@D@std@@V?$allocator@D@2@@std@@V?$allocator@V?$basic_string@DU?$char_traits@D@std@@V?$allocator@D@2@@std@@@2@@std@@XZ 00445400 f   SerialPort.obj
 0001:000444d0       ??0?$basic_string@DU?$char_traits@D@std@@V?$allocator@D@2@@std@@QAE@ABV?$allocator@D@1@@Z 004454d0 f i SerialPort.obj
 0001:00044520       ??0?$basic_string@DU?$char_traits@D@std@@V?$allocator@D@2@@std@@QAE@ABV01@@Z 00445520 f i SerialPort.obj
 0001:00044580       ??0?$basic_string@DU?$char_traits@D@std@@V?$allocator@D@2@@std@@QAE@PBDABV?$allocator@D@1@@Z 00445580 f i SerialPort.obj
 0001:000445e0       ??1?$basic_string@DU?$char_traits@D@std@@V?$allocator@D@2@@std@@QAE@XZ 004455e0 f i SerialPort.obj
 0001:00044620       ??4?$basic_string@DU?$char_traits@D@std@@V?$allocator@D@2@@std@@QAEAAV01@ABV01@@Z 00445620 f i SerialPort.obj
 0001:00044660       ?c_str@?$basic_string@DU?$char_traits@D@std@@V?$allocator@D@2@@std@@QBEPBDXZ 00445660 f i SerialPort.obj
 0001:000446b0       ??0?$list@UserialPortBuffer@@V?$allocator@UserialPortBuffer@@@std@@@std@@QAE@ABV?$allocator@UserialPortBuffer@@@1@@Z 004456b0 f i SerialPort.obj
 0001:00044710       ??1?$list@UserialPortBuffer@@V?$allocator@UserialPortBuffer@@@std@@@std@@QAE@XZ 00445710 f i SerialPort.obj
 0001:00044790       ?size@?$list@UserialPortBuffer@@V?$allocator@UserialPortBuffer@@@std@@@std@@QBEIXZ 00445790 f i SerialPort.obj
 0001:000447c0       ?push_back@?$list@UserialPortBuffer@@V?$allocator@UserialPortBuffer@@@std@@@std@@QAEXABUserialPortBuffer@@@Z 004457c0 f i SerialPort.obj
 0001:00044810       ??0iterator@?$list@UserialPortBuffer@@V?$allocator@UserialPortBuffer@@@std@@@std@@QAE@XZ 00445810 f i SerialPort.obj
 0001:00044850       ??0?$list@V?$basic_string@DU?$char_traits@D@std@@V?$allocator@D@2@@std@@V?$allocator@V?$basic_string@DU?$char_traits@D@std@@V?$allocator@D@2@@std@@@2@@std@@QAE@ABV?$allocator@V?$basic_string@DU?$char_traits@D@std@@V?$allocator@D@2@@std@@@1@@Z 00445850 f i SerialPort.obj
 0001:000448b0       ??0?$list@V?$basic_string@DU?$char_traits@D@std@@V?$allocator@D@2@@std@@V?$allocator@V?$basic_string@DU?$char_traits@D@std@@V?$allocator@D@2@@std@@@2@@std@@QAE@ABV01@@Z 004458b0 f i SerialPort.obj
 0001:00044940       ??1?$list@V?$basic_string@DU?$char_traits@D@std@@V?$allocator@D@2@@std@@V?$allocator@V?$basic_string@DU?$char_traits@D@std@@V?$allocator@D@2@@std@@@2@@std@@QAE@XZ 00445940 f i SerialPort.obj
 0001:000449c0       ?empty@?$list@V?$basic_string@DU?$char_traits@D@std@@V?$allocator@D@2@@std@@V?$allocator@V?$basic_string@DU?$char_traits@D@std@@V?$allocator@D@2@@std@@@2@@std@@QBE_NXZ 004459c0 f i SerialPort.obj
 0001:00044a00       ?push_back@?$list@V?$basic_string@DU?$char_traits@D@std@@V?$allocator@D@2@@std@@V?$allocator@V?$basic_string@DU?$char_traits@D@std@@V?$allocator@D@2@@std@@@2@@std@@QAEXABV?$basic_string@DU?$char_traits@D@std@@V?$allocator@D@2@@2@@Z 00445a00 f i SerialPort.obj
 0001:00044a50       ?clear@?$list@V?$basic_string@DU?$char_traits@D@std@@V?$allocator@D@2@@std@@V?$allocator@V?$basic_string@DU?$char_traits@D@std@@V?$allocator@D@2@@std@@@2@@std@@QAEXXZ 00445a50 f i SerialPort.obj
 0001:00044ab0       ?assign@?$basic_string@DU?$char_traits@D@std@@V?$allocator@D@2@@std@@QAEAAV12@ABV12@@Z 00445ab0 f i SerialPort.obj
 0001:00044b00       ?assign@?$basic_string@DU?$char_traits@D@std@@V?$allocator@D@2@@std@@QAEAAV12@ABV12@II@Z 00445b00 f i SerialPort.obj
 0001:00044c80       ?copy@?$char_traits@D@std@@SAPADPADPBDI@Z 00445c80 f i SerialPort.obj
 0001:00044cc0       ?size@?$basic_string@DU?$char_traits@D@std@@V?$allocator@D@2@@std@@QBEIXZ 00445cc0 f i SerialPort.obj
 0001:00044cf0       ?assign@?$basic_string@DU?$char_traits@D@std@@V?$allocator@D@2@@std@@QAEAAV12@PBD@Z 00445cf0 f i SerialPort.obj
 0001:00044d40       ?length@?$char_traits@D@std@@SAIPBD@Z 00445d40 f i SerialPort.obj
 0001:00044d80       ?_Nullstr@?$basic_string@DU?$char_traits@D@std@@V?$allocator@D@2@@std@@CAPBDXZ 00445d80 f i SerialPort.obj
 0001:00044db0       ?_Tidy@?$basic_string@DU?$char_traits@D@std@@V?$allocator@D@2@@std@@AAEX_N@Z 00445db0 f i SerialPort.obj
 0001:00044e90       ??0const_iterator@?$list@UserialPortBuffer@@V?$allocator@UserialPortBuffer@@@std@@@std@@QAE@XZ 00445e90 f i SerialPort.obj
[...]
FIXUPS: 5e696 24 17 fffffdcd 1f9a 10 c 27 6c fffffc80 1d fffffe7b fffffb63
FIXUPS: 5fbaa 141 52 35 140 fffffb7c 5f fffffbaa 4d 40 40 43 4d 40 43 50
FIXUPS: 5f8b7 4d 65 60 fffffb20 fffffadb 2a0 268a c 47 fffffd4f 43 ffffff4b
FIXUPS: 611c2 43 33 24 bd 2d 9b 32 43 c 10 c fffff35c 14d eb 1c8 8c 152
FIXUPS: 60e25 238 13 fffff1f7 21 35 35 13a 2141 4b 59 5a c 19 42 3c a7
FIXUPS: 627ce 28 c 21 fffff822 19 d9 13f 9e fffff9e4 70 4f 1df fffffa1f
FIXUPS: 61a5c fffffc9d 73 1c 1f 49 11 71 5f 2063 b fffe3ca0 35 1d e 1c
FIXUPS: 4766e 21 25 5 5 5 16 50 fffffb2f 1be6e fffffb6f 79 81 12 42 2f
FIXUPS: 62e39 fffffd66 fffffdc7 fffffaae 45 29 3a 40 3e fffe4d5e 13 e 1c5fb
FIXUPS: 638bf fffe3a35 19 1c5c7 b fffe3a6f 23 e 44 f 1c522 b fffe3afc 13
FIXUPS: 4742f 4e 16 1c481 b fffe3bb5 1d e 1c 13 21 49 13 e fffbad2b 1a
FIXUPS: 2335 17 3b 7 c e b 10 e b 10 c c 27 3c d 2e 10 37 18 71 10 4f 13
FIXUPS: 25f7 56 16 13 13 13 fffff658 b1 10 31 10 64 10 35 38 162 64 44
FIXUPS: 20f2 11 11 f 8 c 15 11 d 1b 14 10 3f 17 36 17 f 1a 2f 10 fffff631
FIXUPS: 18f3 17 3e 17 34 c 11 11 f 33 20 25 18 34 10 30 1a 37 17 35 c 12
FIXUPS: 1b9a e 11 b 15 c 1b 17 cd 1117 33 10 39 1a ffffe19e 19 3f b8 d3
FIXUPS: 12cf 85 45 30 ba 13 e3 5 d 73 10 149 6d 3b 1c f f b 10 31 e 17
FIXUPS: 2a94 5 7 7 7 7 7 7 7 7 7 7 7 7 7 7 31 ca 2a 44 7 12 2b 17 f 12
FIXUPS: 2cfa 6046c fff9fc4b d 2b 5 fffffaca 7 7 7 7 2b 17 12 1a 607f5 c
FIXUPS: 6314e fff9f820 74 a a a a a a a a a a a a a a a 7 7 7 3af5e 13
FIXUPS: 3db1e 12 12 12 12 12 12 12 12 12 12 12 17 a d 27 5 d 33 10 fffc4a80
FIXUPS: 272f 15 19 19 3a 70 23 1e 22 397f1 42 39 21 1f e 1c 49 93 30 2d
FIXUPS: 3c2dc 2a 13 2d 75 30 b6f 1b8 3ff 19 15 48 25 d ef 19e 7c 89 22
FIXUPS: 3d9a2 13 ffffd2c1 16 10 8b f a 81 b7 280 d 2c 13 3b 29 1c d 55
FIXUPS: 3b251 d 54d 9d 3a8 10 19b 1e 2c 16 11c 1c 3f 10 be ffffe741 28bc9
FIXUPS: 63355 fffd7444 28 20 a 40 43 10 bf 8b 29 a 23 54 10 38 1d 3d f
FIXUPS: 3ab35 a e 23 f 18 10 42 29 10 1e fffff4a2 1b 31 16 8 10 5f 3d 88
FIXUPS: 3a2d5 c7 61 25 22 26 23 10 59 2b d 30 e 1f 51 7e 16 49 1c 4e e
FIXUPS: 3a746 11 fffff2e5 27 184 3b 100 3b 54 22 37 d 4c e 15 11 2a 29469
FIXUPS: 63335 fffd6ba4 37 55 1d 49 f 12 a e a 3f 3c 20 f c fffff05e 13
FIXUPS: 39161 15 16 10 1e a d 21 10 85 7 7 7 7 7 7 7 d 226 4d 1e 10b a1
FIXUPS: 39719 55 52 7 9 32 2e fffff543 14 14 19 d 43 19 1c 16 16 16 16
FIXUPS: 38ea7 26 a 13 10 46 18 18 17 18 18 17 28 41 1f 19 10 43 28 1a fffff45a
FIXUPS: 3860a 9 43 30 80 13 30 e e 29 9 13 45 e e 15 10 3d 5c 17 17 b8
FIXUPS: 38a5d af 85 50 1f 31 27 c9 16 fffff138 1d 24 b 86 24 35 c0 4a 2f
FIXUPS: 38101 1a 19 35 1a 26 40 1a 3a 10 121 2e 23 26 9 3c 2aedb c fffd517f
FIXUPS: 384b6 13 46 fffff188 3d 42 43 c 26 20 24 29 21 30 e 66 9 13 44
FIXUPS: 3792f 1f 1f 1f f2 c4 f5 31 1f 31 2a 6f 67 3a 30 2f fffff126 1d
FIXUPS: 36fb0 31 e e 19 13 30 e e 29 9 13 45 e e 15 10 3b b0 a7 9c 72 a7
FIXUPS: 374d2 1f 31 27 a5 45 46 fffff488 3a 22 6a 7 10 7 4c 7 10 7 18 21
FIXUPS: 36c95 10 4a d 33 10 a 2b 38 b3 19 17 7 7 7 7 1f 48 2a fffff719
FIXUPS: 3665c 7 1b 16 13 25 13 35 4d 27 13 48 7 7 c 2f 2a 3c 1f 16 19 43
FIXUPS: 36933 49 af 23 57 1c 6 b 29 fffff810 7 10 7 4b 7 10 7 18 21 d 10
FIXUPS: 36426 d 10 10 a 4a d 30 10 a 2b 51 7 7 d 40 22 1b 21 18 fffff6af
FIXUPS: 35d08 e c 10 46 b4 65 d 10 10 5d 4a 20 4c 27 13 48 7 7 c 2f 2a
FIXUPS: 36102 1f 16 19 43 10 49 af 23 fffff7c6 40 10 a 7 38 34 b b b b
FIXUPS: 35b88 e e e e e 2c e e 10 2b b b b b b e e e e e fffff85a 2b 2d
FIXUPS: 355d9 d 34 a 10 31 3d c 23 24 7 9 16 2b 2c 16 2f 16 e4 19 3d 10
FIXUPS: 35953 a6 10 44 d 10 10 fffff672 22 7 28 22 7 25 3b 2e b b b b e
FIXUPS: 3523c e e e e e e 2c e e e e 14 10 4a 12d 1f 5c fffff765 1f 36
FIXUPS: 34ccf b b b e 2c e 18 10 34 b b b b e 2c e 14 10 4d 9 1c d3 d 9a
FIXUPS: 35027 2f 5e 10 fffff27c 2ef77 c d c fffd10d9 27 17 2eef4 b fffd113b
FIXUPS: 34629 a5 2f 35 1d 27 2f 14 18 1a 22c 13 f 15 15 15 93 75 74 13
FIXUPS: 34c29 2e648 fffd0bfe 22 3c 19 c 3b 16 15 27 37 29 50 40 28 f 73
FIXUPS: 63287 c b fffd0ed1 28 11 2c 32 49 6 f d 47 18 4c fffff23c 2b 9
FIXUPS: 335a0 4f 2b 70 f 15 7a 1e 1b 3c 10 df 19 5e 2c 15 1d 75 10 2da
FIXUPS: 33cd5 4a e e 23 29 3d 5e 2f443 fffcfd67 49 28 48 35 4b 43 4d 1e
FIXUPS: 331de 53 1e 2b 51 1e 2e ac 9 11 e 37 1d 2fdd6 b fffd0283 9 11 e
FIXUPS: 33502 1d 2fd26 b fffcf7ef 55 1a 88 1a 3f c 1a 17 17 1c 4b 15 1a
FIXUPS: 32cd1 3c 13 3d 13 3d 13 3d 13 3d 13 3d 13 3d 13 48 13 4a fffff438
FIXUPS: 32445 34 34 d 10 ac 15 14 10 57 29 19 6e 21 1d 15 77 31 45 31 31
FIXUPS: 32881 13 13 7b 1d 15 72 31 20 15 fffff539 13 23 43 c 1a 22 10 28
FIXUPS: 32083 d 1f 46 d 10 43 d 10 48 d 10 52 d 10 5b d 10 6e d 10 75 f
FIXUPS: 3186f 4b 13 4d 13 e4 13 14 3d 13 14 28 21 d 13 37 21 1a 56 24 11b
FIXUPS: 31d33 6a 58 16 6f 40 c 2f 11 1d 10 fffff5bc 20 c 7 7 7 10 67 a
FIXUPS: 315c2 c 7 7 7 10 44 13 8b 15 7 7 7 7 7 1d 42 13 3d 13 3d 13 3d
FIXUPS: 311d0 79 7 7 7 7 7 45 7 7 7 7 7 d 46 c 7 7 d 65 7 7 7 7 d 47 13
FIXUPS: 3147c c 7 7 d fffff8f7 13 4d 13 49 13 dd 7 7 7 7 7 7 15 4e 7 7
FIXUPS: 30fe8 d 58 c 7 7 7 d 63 12 5f 12 54 7 7 fffff611 30 15 e 1a 26
FIXUPS: 3087a 53 25 32 21 e 1d 48 4b 11 10 59 2a 76 10 8d 11 3d 44 13 3d
FIXUPS: 30caf 3d 13 3d 13 ffffef94 2a 20 10 75 15 13 42 19 3b 73 27 13
FIXUPS: 2ff32 1d 2a 2e 2d 20 11f 9b 64 5e 26 23 3c 100 f2 1b3 40 5a 25
FIXUPS: 2f831 d 10 1f 7 19 63 7 d 10 1f 7 19 43 48 90 54 38 c 20 1f 1f
FIXUPS: 2fb77 29 1c 31 18 32 1c 2a 18 32 fffff481 45 e e 1d 10 119 2d 19
FIXUPS: 2f34e 19 f 10 98 1c bc 1d 37 20 d 10 59 a 41 7 d 12 ae 2d 9 27
FIXUPS: 2f82a ffffef96 7 2a f 2c a 38 44 a 29 10 d f 13 167 40 e 16 4e
FIXUPS: 2eb95 4c 7d 4b 2c 20 28 3b3 12 f 8 f 1b fffff111 45 30 a 36 2a
FIXUPS: 2e34a b e e 10 51 4e 7 35 8d 3a 84 8 8 8 b 26 57 34 37 31 22 15
FIXUPS: 2e74c a 49 fffff1c2 22 2a a 13 1b f f 26 129 1c 40 18 18 e e e
FIXUPS: 2dc18 58 33 d 144 27 d 15c 1c4 27 a 35 6 46 30 fffff3f7 26 10 a
FIXUPS: 2d668 d 2e 19 38 2d b b b b 10 34 b b b b 14 10 3e 1f 2b 28 d 25
FIXUPS: 2d8e5 37 10 16 fffff7b0 2e 23 1c 25 36 28 3d 1c 24 28 a 7 38 c5
FIXUPS: 2d3b2 29 41 4b 1e 24 28 a 7 2b 25 16 d a 38 55 19 fffff3bc 43 25
FIXUPS: 2ca4c f 12 25 12 18 2f 1f 3a e e e e 16 10 e4 128 22 65 10 24 19
FIXUPS: 2cf3a 2a 25 a 7 32 f0 fffff34b 13 13 35 1b 33 a 30 16 22 40 a d
FIXUPS: 2c583 7 28 2b 32 10 6f ad 56 7 138 a d a 22 3c 14 8 37 fffff405
FIXUPS: 2bdc5 42 5f 28 27 2f 33 103 d 5b e e e e e e e e e 10 54 27 16
FIXUPS: 2c202 a 25 2b 2a 5d 72 10 fffff2e0 38 58 61 ff 4c 59 38 10 57 2b
FIXUPS: 2b9cc 33 d 27 7 2d 13 b7 63 22 30 12 12 3c f d 47 9 d 8b 56 fffff335
FIXUPS: 2b105 7 13 7 36 16 2f d 19 d 25 b7 19 30 3b 16 37 16 36 16 31 16
FIXUPS: 2b446 c3 19 31 37 10 31 10 1c fffff176 2d 13 16 3b 44 a d a 7 28
FIXUPS: 2a8bd 2a 34 430 5b 77 45 1e f 27 10 bc 1b 13 7 32 16 22 19 27 25
FIXUPS: 2a320 39 22 27 7 32 27 7 2f 16 2a 16 2d 20 32 30 16 32 32 a 30
FIXUPS: 2a607 30 58 a d a 7 32 32 a 32 fffff473 11 16 10 2d5 22 27 7 32
FIXUPS: 29f7e 7 39 1d 2f 4c 33 a 4a 30 33 33 a 32 16 2d 13 16 3b 19 28
FIXUPS: 2a2c1 2b fffff250 e e e e e e e e e e e e e e 14 14 1c 10 42 c
FIXUPS: 296af 256 13 9 c 20 1d a d8 62 4c fffff882 e e e e e e e e e e
FIXUPS: 29416 e e e e e e e e e e e e e e e e e e e e fffffc30 e e e e
FIXUPS: 291a4 e e e e e e e e e e e e e e e e e e 14 14 1d c 10 51 e e
FIXUPS: 28f34 14 29 a c 10 5b e e e e e e e e e e e e e e e e e e e e e
FIXUPS: 29126 e e e fffffc1e e e e e e e e e e e e e e e e e e e e e e
FIXUPS: 28ea2 e e e e e e e e e fffffb19 16 5f 7 13 21 1e 7 d 15 d a 42
FIXUPS: 28c22 50 e e e e e e e e e e e e e e e e e fffff8b6 2c 72 10 36
FIXUPS: 28744 5f 36 7 16 38 7 28 7 f 10 40 d 19 7 d 4f d 15 d a 32 21 7
FIXUPS: 28a1b 7 d fffff515 d a 1c 16 17 16 17 16 17 16 32 46 1c 44 1c 4f
FIXUPS: 28173 54 1c 42 10 2dc 96 b b b b b e e e fffff462 1c 54 de 6a 14
FIXUPS: 27c46 4d 16 10 10 3a 7 39 a 7 1c 19 2c 13 13 b 6c 18 18 15 16 16
FIXUPS: 27ed7 30 a 29 fffff7a1 c 30 1d 1d c 30 1d 1d c 30 26 26 7 7 27
FIXUPS: 2789d 18 e 2b 1e 2e 7 c 15 15 15 15 18 17 4c 27 fffff412 2f 25
FIXUPS: 26eb0 35 a 16 7 68 f 50 3ac 24 2d 2d 37 1a 19 c 98 c 45 42 42 7
FIXUPS: 27621 10 1e a 1a 2e 1d fffff09c 2d 30 25 69 33 67 4d c 15 15 f
FIXUPS: 26a42 3d 69 4a 25 7 33 28 7 ea 2f 59 c 29 c 1c 1c 5b 1c 1d ffffec9e
FIXUPS: 25aeb e e e e e e e e e e e e e e e 15 3f0 595 10 3c 10 26 23 23
FIXUPS: 26646 2d 30 2d 2d 30 fffff0c1 7 1c 92 4d 33 1e 1b 1c 29 b b e e
FIXUPS: 259e1 e e e e e e e e e e e e e e e e e fffff03a 5d 5e 2de 1f 4b
FIXUPS: 24f4d 10 47 3c 41 10 47 3f e e e e e e e e 20 10 9e 6b d 5a 44
FIXUPS: 25323 43 415 ffffe90e 40 c d 6d 1c 63 1c 81 1c 48 13 a 1b 16 1f
FIXUPS: 24352 1f 40 10 73 37 1af 9b 28 5e af 2c 1e2 1f aa 1c fffff0d9 1f
FIXUPS: 23c02 26 10 38 12 7 29 22 30 2a 10 38 12 7 aa 13 45 18 d 4a 2a
FIXUPS: 23f54 1d 4c 1a 1a d 45 1c 1d fffff43c 41 b1 bc 81 33 31 d 3b d
FIXUPS: 23811 2e a 19 43 4c 34 1c 25 12 65 34 3a 6b 38 1b 24 7 7 22 3a
FIXUPS: 23b9f fffff34d a5 75 38 31 29 18 10 33 26 18 38 1b 1f 16 d 16 10
FIXUPS: 23231 2e a 19 4b 67 4d 34 25 28 10 2f 19 45 fffff0f0 31 a 25 26
FIXUPS: 22625 13 13 16 22 10 224 38 1c 30 2c 7 7 5c 62 8 50 13 41 20 1a
FIXUPS: 22b40 1c 10 43 113 11c ffffeede 12 1b 1b 19 42 32 b7 c8 bd 81 b8
FIXUPS: 22141 31 2c 20 27 a 10 34 d 71 2e a 19 43 ec d 51 6a 1e 31 fffff47b
FIXUPS: 21a37 7 7 7 7 7 7 7 7 7 7 7 7 7 7 7 d 34 e e e 19 6b e e e 88 17
FIXUPS: 21c6f 12 1f fffff472 5f d 44 22c 43 7 16 80 a d 10 6d b9 d0 34
FIXUPS: 21780 26 f 26 f 1d 12 27 10 19 f 1f 52 2e 10 10 fffff33c e e e
FIXUPS: 20cab e e e 19 77 e e e e e e e e e e e e e e 71 73 d 4e 41 2b
FIXUPS: 20ff8 ff fffff7d1 1e 15 21 13 28 1a 1e 17 2b 2b 27 2f 1d 10 50
FIXUPS: 20af4 13 13 29 16 30 16 16 25 37 e e e e e e fffff3d0 d1 e7 d8
FIXUPS: 20351 8e 38 31 27 a2 16 42 a4 f 12 25 19 10 23 10 10 42 2e a 19
FIXUPS: 2079d 10 60 21 d 47 2c fffff376 21 10 36 18 17 18 d 32 e e e e
FIXUPS: 1fd62 73 e e e e 5c 24 19 a 13 11 16 12 20 43 17 12 35 fffff6f9
FIXUPS: 1f6c6 13 8c 9 69 6b 48 30 38 31 7b 13 3a 2e 29 7 d d 19 44 10 41
FIXUPS: 1fb21 13 10 3d 10 16 10 4a 10 fffff674 16 4e 2b 26 d 4a 13 19 22
FIXUPS: 1f464 1c 19 21 10 42 26 36 18 10 31 e e e 19 3b e e e 18 12 17
FIXUPS: 1ec5c 8 10 10 14 1c 12 1a 44507 b fffbbb1f e e 19 39 e e 20 12
FIXUPS: 1edfe 10 4f 26 18 10 42 c3 c6 80 63 38 31 fffff023 a6 58 137 87
FIXUPS: 1e4b3 3a 18 34 13 19 19 b4 175 77 36 12 16 2e 70 34 3a 18 56 28
FIXUPS: 1ea48 8c 2c 11 55 67 7f ffffef2d 30 3b 30 65 24 20 454ea d e e
FIXUPS: 631dc fffbaafd 4f 10 9a 12 1f 44 9 cd ca e 7e 51 38 31 2a 15 10
FIXUPS: 1e1b9 13 fffff3da 47 47 47 47 47 29 2f 13 13 3a 13 13 3a 13 13
FIXUPS: 1d89e 14 2a c d 55 1f 30 1f 2d 59 28 c 2f 69 5a fffff407 34 33
FIXUPS: 1cfe8 85 7d 7f 3f 36 29 28 29 10 29 e 5a 61 e 32 47 1e b 39 22
FIXUPS: 1d494 22 42 46 45c37 b b c fffb9a4c 18 2b 37 58 53 20 5b 34 1f
FIXUPS: 1cddd 7 7 7 7 7 7 7 38 1f 25 10 7 7 7 7 7 7 7 7 10 60 fffff7d7
FIXUPS: 1c751 b8 10 13 16 13 27 2b 2b 13 16 13 18 24 1f 1f 10 16 1d 4b
FIXUPS: 1ca2e 18 17 18 16 15 25 9b 1c 36 1a fffff400 2c 10 16 29 11 15
FIXUPS: 1c07d 7b e 12 191 3b 10 16 2d 192 3e 10 16 25 4b 2b 2a 10 13 18
FIXUPS: 1c63d 13 44 16 36 ffffeda6 3d 80 27 85 8a 8b 10 31 e e e 44 33
FIXUPS: 1b815 10 74 32 9 43 2e 78 1f 1b 19 21 16f 174 cd 33 17a 2d ffffee4b
FIXUPS: 1ae13 a0 17 a9 17 122 45 22 46 1e 1a 10 aa 7 7 7 7 7 7 7 7 7 7
FIXUPS: 1b29e 64 29 54 34 33 3d 32 fffff1d1 3f 1f 1a 18 17 18 18 80 e4
FIXUPS: 1a879 81 1c 156 1c 92 15 2a a5 1c 22 40 2f 1a 1e 13 2f 1a 1e 17
FIXUPS: 1ada7 2c fffff096 28 f 111 16 e3 16 35 28 e3 16 f 43 39 39 36 31
FIXUPS: 1a37a 38 bf 10 4d 19 2a 1f 16 13 16 24 22 16 10 ffffea2a 2a 3f
FIXUPS: 1907b 3f 41 163 157 15f 169 154 c0 15d 45 38 31 2a 151 16 40 2c
FIXUPS: 19cae 13 2c 19 22 19 18 3a 40 43 22 ffffe45a 10 28f e e 19 33 e
FIXUPS: 185b5 a5 51 d1 1f 1f 1f 1f 1f 3f 19 11 10 3b 1f 12 2d 155 168 154
FIXUPS: 18dfb 15c 45 38 ffffee25 4e 19 2f 7 31 7 41 38 f 16 19 f 10 3c
FIXUPS: 17ff7 26 43 17 26 1c 38 17 24 28 2b 2a 2e 2f 33 35 10 ffffed77
FIXUPS: 17032 39 233 53 2c 14 1b 1f1 99 61 da 35 89 19 2b 2b 1fe d1 8e
FIXUPS: 17bb4 f 72 f 42 26 5c 23 f 34 3b 2e ffffecba e e e e e e e e 21
FIXUPS: 16b3b 36 e e e e e e e e 21 19 3e 20 61 32 1f ac a7 66 d c8 ffffe7d7
FIXUPS: 15798 e 33 16 629 6 13 57 71 17c 128 ab 3cb 18 18 22 5c 112 35
FIXUPS: 16854 2c 11 10 da a d 34 39 10 44 10 ffffe6e5 1f 5c 12 1f 1f 1f
FIXUPS: 152df d 157 d 19 25 b b 14 8d 22 19 2c 7 26 22 7 52 2c 50 2f f
FIXUPS: 15721 16 f fffff3e6 33 22 12b 37 40 1b 1b d 3d 1b 1b d 13 25 38
FIXUPS: 14e76 7 24 2e 27 7 26 f 29 a1 72 12 1f 1f 59 12 fffff329 1c 10
FIXUPS: 1448e 1b 63 45 32 30 60 47 28 47 47 2b 28 2e 5a 2e 2e 41 8f 1c
FIXUPS: 1494f 1c 1c 73 57 18 10 5c 26 fffff78f e e e e e e e e e e e e
FIXUPS: 14340 e e e e e e e e e e e e e e e e e e fffffc50 e e e e e e
FIXUPS: 140ee e e e e e e e e e e e e e e e e e 16 19 39 e e e e fffff97a
FIXUPS: 13c10 1b 1b 1a 1b 1b 1a 1b 1b 1a 1b 1b 22 10e 46 46 46 46 33 33
FIXUPS: 13ff2 e e e e e e e e e e fffff7b2 18 1b 1a 1b 1b 1f 3e 18 1b 1a
FIXUPS: 13978 1b 1a 1b 1b 1f 3e 18 1b 1a 1b 1b 1a 1b 1b 1a 1b 1b 1f 41
FIXUPS: 13bdb ffffeb00 10 1ed 59 88 d 3d4 d 15e a6 a3 93 81 3b 10 16f d
FIXUPS: 1354e 18 10 31 d 47 4f 5d 19 64 3a 42 18 1b 1f ffffe155 e e e 17
FIXUPS: 119c6 44 25 43 1f 18 e 35 285 f c1 f 26e f 78 f 60 16 2cf 2f e9
FIXUPS: 125c2 10 46 2a 1a 61 ffffddfa 30 10 30 10 997 20d 9e 86 102 17
FIXUPS: 11331 41 18 4b 43 a8 47 c 3c 19 12 99 9 54 c 22 233 e e e 10 ffffd3b4
FIXUPS: ecdd d a 30 1e d a 33 25d 64 94 275 13 43e 11f 13 32 171 6d 6e
FIXUPS: fbc9 6e 50 91 140 13 237 b1 12f d6 14f ffffe4fe 14 28 17 13 22
FIXUPS: ea4f 1a 10 39 7 13 d 21 43 7 7 7 13 10 2f a 7 10 2f a 7 10 16 23
FIXUPS: ec69 2b fffff7f3 10 41 97 1a 2c 82 12 28 4f 19 80 b 2c 2f 2b 32
FIXUPS: e822 24 43 7 d a 13 10 36 a 7 10 2f a 10 ffffe242 18d 2d b1 67a
FIXUPS: d50d d0 7e 4a8 7c 4d 1e 1e d 3e a1 ee 9e 19 71 fc 1af 20 d 17 34
FIXUPS: e2c3 16 34 93 a7 10 ffffd6a7 57 5d 5e 236 13 83 2b 1d6 28 d 17
FIXUPS: c15b 1a5 19 29 13 19 1c 48 10b 1c 32 af af 32 af 1f 32 8f 27f 2d
FIXUPS: b10a 1f 39 ff 31 15f f1 8 10 40 10 24 1d 9 17 15 ba 1e 16 138 46
FIXUPS: b852 2d a 7 7 20 76 e2 66 19 25 ffffec69 34 a 7 1c 35 b b b 1d
FIXUPS: aa79 32 22 35 30 b b b 1d 18d 32 22 35 2c 129 3f 4e 1f 45 1c 62
FIXUPS: b069 fffff120 1f bb 21 b 2f 2f 26 c3 9b 39 18 f f 11 27 10 a d
FIXUPS: a574 36 1b a d 2f 46 21 e 21 11 1f 44 fffff409 43 25 26 1a 21 24
FIXUPS: 9c16 25 3c d 22 26 1b 27 b 20 23 3b d 22 2d 1a 43 61 7 1f 5d 8d
FIXUPS: a04e 72 77 fffff4a0 13 e 7c 49 1f 3b 13 13 13 13 13 e a4 4b 22
FIXUPS: 98c9 15 16 16 16 16 e 9c 37 d 22 26 1e b 24 24 ffffef43 1c 61 1c
FIXUPS: 8af7 13 5a 6b 56 1f 2d 13 4b 1c d6 81 81 81 81 31 232 1f b0 1c
FIXUPS: 9342 a5 11d 2e 59 13 13 13 ffffe851 c 21 a d 22 3b 46 c 3f 10 22
FIXUPS: 7fad 47 22 e 1c 37 38 5a b6 1f 96 1f 34 19d 33 a5 1db a5 c1 1f
FIXUPS: 7ada 19 12 18 14 f 52 d 10 3b 43 1f 1f 1f 1f 1e 1a 1a 1a 1a 29
FIXUPS: 7d6d a 15 a 15 c b 15 a 15 a fffff03a 3f 1c 37 1f 1f 66 1c 35 8
FIXUPS: 7117 45 28 1f 60 50 2f 68 23 4b 7 1f 39 10 a 22 31 10 1f 34 30
FIXUPS: 74d9 fffff1e8 29 e 1f 52 18 c 17 2d 31 7 1f 32 14 ad 1e1 d 1f 1f
FIXUPS: 6b8c 1f 1f 3d d 10 49 1d 14 51 7 1f 2c fffff52e d 10 a 1f 1f 20
FIXUPS: 6304 e 21 d a 1f 46 26 1b 14 14 d 2c 20 b 21 d 1b a d 22 96 1c
FIXUPS: 65ea ab fffff2a7 30 e 42 42 42 32 27 29 29 27 1c8 6 10 125 12 b
FIXUPS: 5e53 13 12 b 1c 33 8 242 3e 20 6 5d 7 10 2f fffff202 f 19 4e 18
FIXUPS: 54bd 2f 56 31 29 13 13 5f 3e 13 13 23 33 1f 3c 15 16 16 23 5c 1f
FIXUPS: 5847 10 1f 26 e 42 fffff619 19 13 4b 1f 3c d 22 81 1f 33 15 16
FIXUPS: 511a 69 1f 60 15 2e 52 41 1f 37 d 1f 4e 11 6 18 1a 1f 6 ffffec1b
FIXUPS: 4338 1c 51 1c 13d 1f 37 13 12 b 1c ac cb 2d 13 12 b 1c 82 8 1c7
FIXUPS: 4a35 10 28 41 189 10 169 1c 64 1c ffffe658 3a d6 22 4e 22 34 22
FIXUPS: 36c1 22 2b 19 37 32 13 30 d 436 13 6c 1c 64 1c 8c 1c 64 1c be 1c
FIXUPS: 3f8d 1c 6c fffff076 2e 11 d 22 d 34 11 24 10 2a d 2c d 2a 5 d 51
FIXUPS: 3289 35 10 30 d 2e 5 d 33 d 33 10 30 d 3fd0a 55 ec 49 1c 36 b b
FIXUPS: 43315 e e e 10 2a 5 d 33 10 fffbfaeb d 2c 11 19 25 23 1b 2a d 3b
FIXUPS: 2ffe 2b d 3faf1 20 46 7 77 20b59 b fffdf4d8 da 4b 15 e 53 5c 52
FIXUPS: 42eb0 11 5b 20868 b fffdf7c8 35 50 15 4a 1e 15 24 20712 b fffdf918
FIXUPS: 430f2 fffff59f 20 42 11 c 13 4e a 22 17 8 8 2c 3e 1d 1e b 49 1e
FIXUPS: 428e2 1a 74 52 15 e e e e c 20 37 43 fffff5e8 12 1a 2166e c c b
FIXUPS: 42116 22 b4 10 25 71 1d 51 26 1f 87 52 18 3b 22 18 4c 28 26 2e
FIXUPS: 42596 f 13 6c 15 fffff645 28 15 19 16 2a 38 1a 1e d 29 2f 35 b
FIXUPS: 41e3d 1c 36 2a 38 12 12 24 a 43 40 35 24 12 2b 13 10 f fffff8b1
FIXUPS: 4195d 18 1a 21d58 b fffde2cc 24 13 19 1a f f 3a b5 2a 37 17 f 7
FIXUPS: 41bca 7 7 7 7 2b 17 12 1a 21ab3 c b fffddeb7 2c 27 7 7 7 7 7 7
FIXUPS: 41659 12 37 27 7 7 7 7 7 7 7 12 1a 21f91 c b fffde0a0 15 6c 20
FIXUPS: 418e2 2f 27 fffff9cc 22323 c b fffddd15 15 17 222db b fffddd49
FIXUPS: 413d2 1b 19 c e 17 21 11 23 1a 221d1 b fffdde71 15 17 2217b b fffddec2
FIXUPS: 4156f b 12 28 fffff9e4 8 7 16 c b 8 35 7 32 c 15 12 21 25 15 68
FIXUPS: 41147 7 7 74 7 7 7 2e 3f 13 21 1b 27 17 12 fffff8c9 2c 2c 43 7
FIXUPS: 40c61 c 3a 34 20 22 1e 22 24 2b 17 f 12 1a 227f9 c c b fffdd81b
FIXUPS: 40e4a 12 29 15 49 14 67 24 22631 c b fffdd224 21 21 22 2b 7 10
FIXUPS: 408a6 12 1a 22d05 b fffdd327 11 69 20 13 10 25 10 8c 11 13 33 21
FIXUPS: 40b14 19 16 61 fffff913 f 12 1a 23085 c c b fffdcf87 d 30 21 15
FIXUPS: 405ad 16 1f 15 3f c 1f 3a 41 29 13 7 24 2b 17 f 12 1a 22de7 fffdcbc1
FIXUPS: 4017f f f 12 1a 2336e c c c b fffdcc9b d 30 21 13 19 16 1b 15 4d
FIXUPS: 4032a c 38 47 3f 5a 7 7 7 12 2b fffff78f f 7 2b 17 f 12 1a 23845
FIXUPS: 63513 c b fffdc7c4 21 13 19 16 26 49 15 1b 24 c 160 be 3e 28 29
FIXUPS: 4010b 7 7 24 fffff771 c 3a 33 31 30 7 7 7 12 2b 17 f 12 1a 23aab
FIXUPS: 634e3 c b fffdc564 24 13 19 16 2d c 1e 44 51 25 12 27 fffff950
FIXUPS: 3f58e 24 13 19 13 10 3a 33 2a 2f 17 f 7 7 7 2b 17 12 1a 23d37 c
FIXUPS: 634be fffdc2e0 24 15 19 16 1f 60 7 16 fffff952 c 1c 54 45 20 7
FIXUPS: 3f307 1a 1a 2411c b fffdbf2c 24 13 19 29 3e 24 21 f 7 2b 17 f 12
FIXUPS: 3f51d 23f5a c c b fffdc0b7 fffff83f 15 22 25 15 22 7f 7 7 49 7
FIXUPS: 3ef4e 27 32 7 7 2b 1a 1a 24423 b fffdbbfc 24 15 3e 47 24 15 2f
FIXUPS: 3f1c8 7 1b fffff6b4 21 15 24 2f 35 33 1b 31 7 38 35 40 7 40 7 3a
FIXUPS: 3eb1e 4b 38 58 38 38 38 38 2e 1a 22 a c c 1e fffff718 13 1c 7 17
FIXUPS: 3e502 24ef5 b fffdb12c 24 15 44 3e 24 15 2f 64 7 1b a c b 18 2a
FIXUPS: 3e753 63 50 38 1a 1a 24ba5 b ffffff70 fffdad6c 15 18 3b 24 3b 7
FIXUPS: 3e1d3 17 1a 251a3 b fffdae9c 15 16 3f 23 48 7 7 14 12 1a 25056
FIXUPS: 633d3 b fffdafe0 15 16 2c 3b 8c9b 33 10 ffff6bc0 20 25 1c 19 cf
FIXUPS: 3de4c 28 3a 2b 28 7 17 1a 2542e b fffdac1c 15 18 38 1e 4f 7 7 7
FIXUPS: 3e07c 17 1a 252da fffe386b 23 22 4c 16 1b 2e 17 1cb8d fffe34bb
FIXUPS: 46d58 1f c d 32 10 72 1a 76 10 c0 1f 30 1c8a6 e fffe3797 d 36 13
FIXUPS: 470a7 32 5 fffff639 7 c e b 10 e b 10 c c 27 c9 10 2e 10 34 10
FIXUPS: 46984 10 30 1a 37 17 69 10 34 18 34 17 35 2b fffff6f4 37 d 33 1d
FIXUPS: 46333 10 36 8 49 1d 15 10 39 10 74 10 68 a 18 17 21 1a 13 24 15
FIXUPS: 46630 c 25 f 62 10 fffff811 17 3b e 17 3e 17 39 17 62 c 12 b e
FIXUPS: 460b9 b 15 c 1b 17 3c c 11 11 f 35 17 f 1a 2e 20 25 fffff8a9 a
FIXUPS: 45b33 31 e 17 11 9 19 16 8 e e 15 20 15 10 f 10 36 10 5d 10 d 2e
FIXUPS: 45d6d 82 17 28 11 3a 6c fffff86e f 21 66 f d 2c 10 3e 20 40 1c
FIXUPS: 4590a f b 10 31 f f f 21 2e 12 36 f d 30 f f d 3d d 1dd41 b fffe1c06
FIXUPS: 45454 19 8 f 15 c 1a 1e385 9 17 b fffe1c8e 10 40 14 10 3c c 10
FIXUPS: 45603 d 35 d 35 1e 3a 20 36 f fffff85e 1f 25 23 17 13 1a 1f 29
FIXUPS: 450b4 1f 21 1d 4b 13 1b 14 3f 16 d 4c 13 1b 14 3f 16 d 56 13 15
FIXUPS: 45388 1e48c fffe10f9 1e 19 21 31 1c 98 50 f 39 16 16 31 15 5a 1f
FIXUPS: 44beb 19 20 3c 33 1c 98 50 f 39 16 16 2e 15 1f 11b fffff4a9 3b
FIXUPS: 4448c 16 67 15 1f 16 10 35 1f 2b 8 15 1a 9 15 e 3b 29 1c 9f 50
FIXUPS: 447c3 30 16 21 23 18 1b 10 5e fffff52f 15 18 1b 16 15 ae 21 1c
FIXUPS: 4401a 50 19 20 2f 60 47 25 e 22 1c 14 e 37 34 34 37 37 50 25 41
FIXUPS: 443e1 3e fffff4c4 16 15 17 1fed5 b fffe0173 23 b 33 19 4d 1c 28
FIXUPS: 43aa2 1c 5c 90 28 22 52 3a 15 18 19 6f 22 25 61 13 f f fffff5f0
FIXUPS: 43478 17 1f d 29 63 e 11 9c 1d 28 f f d 2c 1b f 20 200dc c c b
FIXUPS: 4371b 8a 1d 1d 40 10 57 1f 1f
