 PSINS

 Timestamp is 692118ce (Sat Nov 22 09:58:38 2025)

 Preferred load address is 00400000

 Start         Length     Name                   Class
 0001:00000000 0006177aH .text                   CODE
 0001:00061780 000007e3H .text$x                 CODE
 0002:00000000 00002b64H .rdata                  DATA
 0002:00002b68 0000017cH .rdata$r                DATA
 0002:00002ce8 00000a58H .xdata$x                DATA
 0002:00003740 00000699H .edata                  DATA
 0003:00000000 00000004H .CRT$XCA                DATA
 0003:00000004 00000034H .CRT$XCU                DATA
 0003:00000038 00000004H .CRT$XCZ                DATA
 0003:0000003c 00000004H .CRT$XIA                DATA
 0003:00000040 00000010H .CRT$XIC                DATA
 0003:00000050 00000004H .CRT$XIY                DATA
 0003:00000054 00000004H .CRT$XIZ                DATA
 0003:00000058 00000004H .CRT$XPA                DATA
 0003:0000005c 00000008H .CRT$XPX                DATA
 0003:00000064 00000004H .CRT$XPZ                DATA
 0003:00000068 00000004H .CRT$XTA                DATA
 0003:0000006c 00000004H .CRT$XTB                DATA
 0003:00000070 00000004H .CRT$XTZ                DATA
 0003:00000080 0000432cH .data                   DATA
 0003:000043b0 00002098H .bss                    DATA
 0004:00000000 0000003cH .idata$2                DATA
 0004:0000003c 00000014H .idata$3                DATA
 0004:00000050 000001c4H .idata$4                DATA
 0004:00000214 000001c4H .idata$5                DATA
 0004:000003d8 000007faH .idata$6                DATA

  Address         Publics by Value              Rva+Base     Lib:Object

 0001:00000000       ??0CKFApp@@QAE@N@Z         00401000 f   KFApp.obj
 0001:00000060       ?Init@CKFApp@@UAEXABVCSINS@@H@Z 00401060 f   KFApp.obj
 0001:000004a0       ?RTOutput@CSINSTDKF@@UAEXXZ 004014a0 f i KFApp.obj
 0001:000004d0       ?Miscellanous@CSINSTDKF@@UAEXXZ 004014d0 f i KFApp.obj
 0001:00000500       ?SecretAttitude@CSINSTDKF@@UAEXXZ 00401500 f i KFApp.obj
 0001:00000530       ?SetMeas@CSINSGNSS@@UAEXXZ 00401530 f i KFApp.obj
 0001:000005a0       ?id@?$ctype@G@std@@$D      004015a0 f i KFApp.obj
 0001:00000620       ?id@?$ctype@G@std@@$E      00401620 f i KFApp.obj
 0001:00000640       ??0CSerialPort@itas109@@QAE@ABV01@@Z 00401640 f i KFApp.obj
 0001:000007d0       ??0?$list@UserialPortBuffer@@V?$allocator@UserialPortBuffer@@@std@@@std@@QAE@ABV01@@Z 004017d0 f i KFApp.obj
 0001:00000860       ?begin@?$list@UserialPortBuffer@@V?$allocator@UserialPortBuffer@@@std@@@std@@QAE?AViterator@12@XZ 00401860 f i KFApp.obj
 0001:000008c0       ?begin@?$list@UserialPortBuffer@@V?$allocator@UserialPortBuffer@@@std@@@std@@QBE?AVconst_iterator@12@XZ 004018c0 f i KFApp.obj
 0001:00000920       ?end@?$list@UserialPortBuffer@@V?$allocator@UserialPortBuffer@@@std@@@std@@QBE?AVconst_iterator@12@XZ 00401920 f i KFApp.obj
 0001:00000970       ?insert@?$list@UserialPortBuffer@@V?$allocator@UserialPortBuffer@@@std@@@std@@QAEXViterator@12@Vconst_iterator@12@1@Z 00401970 f i KFApp.obj
 0001:000009e0       ?_Buynode@?$list@UserialPortBuffer@@V?$allocator@UserialPortBuffer@@@std@@@std@@IAEPAU_Node@12@PAU312@0@Z 004019e0 f i KFApp.obj
 0001:00000a70       ??Dconst_iterator@?$list@UserialPortBuffer@@V?$allocator@UserialPortBuffer@@@std@@@std@@QBEABUserialPortBuffer@@XZ 00401a70 f i KFApp.obj
 0001:00000ab0       ??Econst_iterator@?$list@UserialPortBuffer@@V?$allocator@UserialPortBuffer@@@std@@@std@@QAEAAV012@XZ 00401ab0 f i KFApp.obj
 0001:00000b00       ??9const_iterator@?$list@UserialPortBuffer@@V?$allocator@UserialPortBuffer@@@std@@@std@@QBE_NABV012@@Z 00401b00 f i KFApp.obj
 0001:00000b50       ?insert@?$list@UserialPortBuffer@@V?$allocator@UserialPortBuffer@@@std@@@std@@QAE?AViterator@12@V312@ABUserialPortBuffer@@@Z 00401b50 f i KFApp.obj
 0001:00000c30       ?_Next@_Acc@?$list@UserialPortBuffer@@V?$allocator@UserialPortBuffer@@@std@@@std@@SAAAPAU_Node@23@PAU423@@Z 00401c30 f i KFApp.obj
 0001:00000c60       ?_Prev@_Acc@?$list@UserialPortBuffer@@V?$allocator@UserialPortBuffer@@@std@@@std@@SAAAPAU_Node@23@PAU423@@Z 00401c60 f i KFApp.obj
 0001:00000c90       ?_Value@_Acc@?$list@UserialPortBuffer@@V?$allocator@UserialPortBuffer@@@std@@@std@@SAAAUserialPortBuffer@@PAU_Node@23@@Z 00401c90 f i KFApp.obj
 0001:00000cc0       ?_Charalloc@?$allocator@UserialPortBuffer@@@std@@QAEPADI@Z 00401cc0 f i KFApp.obj
 0001:00000d00       ??0const_iterator@?$list@UserialPortBuffer@@V?$allocator@UserialPortBuffer@@@std@@@std@@QAE@PAU_Node@12@@Z 00401d00 f i KFApp.obj
 0001:00000d40       ??8const_iterator@?$list@UserialPortBuffer@@V?$allocator@UserialPortBuffer@@@std@@@std@@QBE_NABV012@@Z 00401d40 f i KFApp.obj
 0001:00000d80       ??0iterator@?$list@UserialPortBuffer@@V?$allocator@UserialPortBuffer@@@std@@@std@@QAE@PAU_Node@12@@Z 00401d80 f i KFApp.obj
 0001:00000dc0       ?construct@?$allocator@UserialPortBuffer@@@std@@QAEXPAUserialPortBuffer@@ABU3@@Z 00401dc0 f i KFApp.obj
 0001:00000e00       ?_Mynode@const_iterator@?$list@UserialPortBuffer@@V?$allocator@UserialPortBuffer@@@std@@@std@@QBEPAU_Node@23@XZ 00401e00 f i KFApp.obj
 0001:00000e30       ?_Allocate@std@@YAPADHPAD@Z 00401e30 f i KFApp.obj
 0001:00000e80       ?_Construct@std@@YAXPAUserialPortBuffer@@ABU2@@Z 00401e80 f i KFApp.obj
 0001:00000ee0       ??2@YAPAXIPAX@Z            00401ee0 f i KFApp.obj
 0001:00000f10       ??4CSerialPort@itas109@@QAEAAV01@ABV01@@Z 00401f10 f i KFApp.obj
 0001:000010b0       ??4?$list@UserialPortBuffer@@V?$allocator@UserialPortBuffer@@@std@@@std@@QAEAAV01@ABV01@@Z 004020b0 f i KFApp.obj
 0001:000011c0       ?end@?$list@UserialPortBuffer@@V?$allocator@UserialPortBuffer@@@std@@@std@@QAE?AViterator@12@XZ 004021c0 f i KFApp.obj
 0001:00001210       ?erase@?$list@UserialPortBuffer@@V?$allocator@UserialPortBuffer@@@std@@@std@@QAE?AViterator@12@V312@0@Z 00402210 f i KFApp.obj
 0001:00001280       ??Diterator@?$list@UserialPortBuffer@@V?$allocator@UserialPortBuffer@@@std@@@std@@QBEAAUserialPortBuffer@@XZ 00402280 f i KFApp.obj
 0001:000012c0       ??Eiterator@?$list@UserialPortBuffer@@V?$allocator@UserialPortBuffer@@@std@@@std@@QAEAAV012@XZ 004022c0 f i KFApp.obj
 0001:00001310       ??9iterator@?$list@UserialPortBuffer@@V?$allocator@UserialPortBuffer@@@std@@@std@@QBE_NABV012@@Z 00402310 f i KFApp.obj
 0001:00001360       ?erase@?$list@UserialPortBuffer@@V?$allocator@UserialPortBuffer@@@std@@@std@@QAE?AViterator@12@V312@@Z 00402360 f i KFApp.obj
 0001:00001440       ?_Freenode@?$list@UserialPortBuffer@@V?$allocator@UserialPortBuffer@@@std@@@std@@IAEXPAU_Node@12@@Z 00402440 f i KFApp.obj
 0001:00001480       ?deallocate@?$allocator@UserialPortBuffer@@@std@@QAEXPAXI@Z 00402480 f i KFApp.obj
 0001:000014c0       ??Eiterator@?$list@UserialPortBuffer@@V?$allocator@UserialPortBuffer@@@std@@@std@@QAE?AV012@H@Z 004024c0 f i KFApp.obj
 0001:00001510       ??8iterator@?$list@UserialPortBuffer@@V?$allocator@UserialPortBuffer@@@std@@@std@@QBE_NABV012@@Z 00402510 f i KFApp.obj
 0001:00001550       ?destroy@?$allocator@UserialPortBuffer@@@std@@QAEXPAUserialPortBuffer@@@Z 00402550 f i KFApp.obj
 0001:00001590       ?_Destroy@std@@YAXPAUserialPortBuffer@@@Z 00402590 f i KFApp.obj
 0001:000015b0       ??_GCSerialPort@itas109@@UAEPAXI@Z 004025b0 f i KFApp.obj
 0001:00001610       ??_ECSerialPort@itas109@@UAEPAXI@Z 00402610 f i KFApp.obj
 0001:000016b0       ??4CSerialPortInfo@itas109@@QAEAAV01@ABV01@@Z 004026b0 f i KFApp.obj
 0001:000016f0       _main                      004026f0 f   Main_SinsGps.obj
 0001:00001b30       ??1CFileRdSr@@QAE@XZ       00402b30 f i Main_SinsGps.obj
 0001:00001bf0       ?load@CFileRdSr@@QAEHH@Z   00402bf0 f i Main_SinsGps.obj
 0001:000021c0       ??0CGLV@@QAE@NNN@Z         004031c0 f   PSINS.obj
 0001:000024e0       ?toc@CGLV@@QAEHH@Z         004034e0 f   PSINS.obj
 0001:00002550       ??1CGLV@@QAE@XZ            00403550 f   PSINS.obj
 0001:00002590       ??0CVect3@@QAE@XZ          00403590 f   PSINS.obj
 0001:000025c0       ??0CVect3@@QAE@N@Z         004035c0 f   PSINS.obj
 0001:00002620       ??0CVect3@@QAE@NNN@Z       00403620 f   PSINS.obj
 0001:00002680       ??0CVect3@@QAE@PBN@Z       00403680 f   PSINS.obj
 0001:000026f0       ??0CVect3@@QAE@PBM@Z       004036f0 f   PSINS.obj
 0001:00002750       ??0CVect3@@QAE@PBHN@Z      00403750 f   PSINS.obj
 0001:000027c0       ?IsZero@@YAHABVCVect3@@N@Z 004037c0 f   PSINS.obj
 0001:00002860       ?IsZeroXY@@YAHABVCVect3@@N@Z 00403860 f   PSINS.obj
 0001:000028e0       ?IsNaN@@YAHABVCVect3@@@Z   004038e0 f   PSINS.obj
 0001:00002910       ?IsRad@@YAHABVCVect3@@H@Z  00403910 f   PSINS.obj
 0001:00002990       ?AccScale@@YANABVCVect3@@NN@Z 00403990 f   PSINS.obj
 0001:000029e0       ??HCVect3@@QBE?AV0@ABV0@@Z 004039e0 f   PSINS.obj
 0001:00002a60       ??GCVect3@@QBE?AV0@ABV0@@Z 00403a60 f   PSINS.obj
 0001:00002ae0       ??DCVect3@@QBE?AV0@ABV0@@Z 00403ae0 f   PSINS.obj
 0001:00002b90       ??DCVect3@@QBE?AV0@N@Z     00403b90 f   PSINS.obj
 0001:00002c10       ??DCVect3@@QBE?AV0@ABVCMat3@@@Z 00403c10 f   PSINS.obj
 0001:00002ce0       ??KCVect3@@QBE?AV0@N@Z     00403ce0 f   PSINS.obj
 0001:00002d60       ??KCVect3@@QBE?AV0@ABV0@@Z 00403d60 f   PSINS.obj
 0001:00002de0       ??4CVect3@@QAEAAV0@N@Z     00403de0 f   PSINS.obj
 0001:00002e40       ??4CVect3@@QAEAAV0@PBN@Z   00403e40 f   PSINS.obj
 0001:00002eb0       ??YCVect3@@QAEAAV0@ABV0@@Z 00403eb0 f   PSINS.obj
 0001:00002f10       ??ZCVect3@@QAEAAV0@ABV0@@Z 00403f10 f   PSINS.obj
 0001:00002f70       ??XCVect3@@QAEAAV0@N@Z     00403f70 f   PSINS.obj
 0001:00002fd0       ??_0CVect3@@QAEAAV0@N@Z    00403fd0 f   PSINS.obj
 0001:00003030       ??_0CVect3@@QAEAAV0@ABV0@@Z 00404030 f   PSINS.obj
 0001:00003090       ??D@YA?AVCVect3@@NABV0@@Z  00404090 f   PSINS.obj
 0001:00003100       ??G@YA?AVCVect3@@ABV0@@Z   00404100 f   PSINS.obj
 0001:00003170       ??RCVect3@@QAEAANH@Z       00404170 f   PSINS.obj
 0001:000031a0       ?crossXY@@YANABVCVect3@@0@Z 004041a0 f   PSINS.obj
 0001:000031e0       ?vxv@@YA?AVCMat3@@ABVCVect3@@0@Z 004041e0 f   PSINS.obj
 0001:000032d0       ?sqrt@@YA?AVCVect3@@ABV1@@Z 004042d0 f   PSINS.obj
 0001:00003350       ?pow@@YA?AVCVect3@@ABV1@H@Z 00404350 f   PSINS.obj
 0001:000033d0       ?abs@@YA?AVCVect3@@ABV1@@Z 004043d0 f   PSINS.obj
 0001:000034c0       ?absp@@YA?AVCVect3@@ABV1@@Z 004044c0 f   PSINS.obj
 0001:00003540       ?absp@@YANN@Z              00404540 f i PSINS.obj
 0001:00003590       ?maxabs@@YA?AVCVect3@@ABV1@0@Z 00404590 f   PSINS.obj
 0001:00003790       ?norm@@YANABVCVect3@@@Z    00404790 f   PSINS.obj
 0001:000037f0       ?normlize@@YANPAVCVect3@@@Z 004047f0 f   PSINS.obj
 0001:00003860       ?normInf@@YANABVCVect3@@@Z 00404860 f   PSINS.obj
 0001:000039a0       ?normXY@@YANABVCVect3@@@Z  004049a0 f   PSINS.obj
 0001:000039f0       ?normXYInf@@YANABVCVect3@@@Z 004049f0 f   PSINS.obj
 0001:00003ab0       ?dot@@YANABVCVect3@@0@Z    00404ab0 f   PSINS.obj
 0001:00003b00       ?dotmul@@YA?AVCVect3@@ABV1@0@Z 00404b00 f   PSINS.obj
 0001:00003b80       ?dotdiv@@YA?AVCVect3@@ABV1@0@Z 00404b80 f   PSINS.obj
 0001:00003c00       ?rv2q@@YA?AVCQuat@@ABVCVect3@@@Z 00404c00 f   PSINS.obj
 0001:00003d50       ?rv2m@@YA?AVCMat3@@ABVCVect3@@@Z 00404d50 f   PSINS.obj
 0001:00003db0       ?askew@@YA?AVCMat3@@ABVCVect3@@@Z 00404db0 f   PSINS.obj
 0001:00003e50       ?pos2Cen@@YA?AVCMat3@@ABVCVect3@@@Z 00404e50 f   PSINS.obj
 0001:00003f50       ?pp2vn@@YA?AVCVect3@@ABV1@0NPAVCEarth@@@Z 00404f50 f   PSINS.obj
 0001:000040a0       ?pp2att@@YA?AVCVect3@@ABV1@0@Z 004050a0 f   PSINS.obj
 0001:00004110       ?sinAng@@YANABVCVect3@@00@Z 00405110 f   PSINS.obj
 0001:00004200       ?MagYaw@@YANABVCVect3@@0N@Z 00405200 f   PSINS.obj
 0001:000042f0       ?xyz2blh@@YA?AVCVect3@@ABV1@@Z 004052f0 f   PSINS.obj
 0001:000044b0       ?blh2xyz@@YA?AVCVect3@@ABV1@@Z 004054b0 f   PSINS.obj
 0001:000045c0       ?Vxyz2enu@@YA?AVCVect3@@ABV1@0@Z 004055c0 f   PSINS.obj
 0001:00004620       ?v2double@@YA?AVCVect3@@N@Z 00405620 f   PSINS.obj
 0001:000046f0       ?v3double@@YA?AVCVect3@@N@Z 004056f0 f   PSINS.obj
 0001:000047f0       ?v5double@@YAXNAAVCVect3@@0@Z 004057f0 f   PSINS.obj
 0001:000048e0       ?v2flt@@YAXPAMPBVCVect3@@ZZ 004058e0 f   PSINS.obj
 0001:00004970       ?sort@@YA?AVCVect3@@ABV1@@Z 00405970 f   PSINS.obj
 0001:00004a40       ?median@@YANABN00@Z        00405a40 f   PSINS.obj
 0001:00004aa0       ?median@@YANABVCVect3@@@Z  00405aa0 f   PSINS.obj
 0001:00004b80       ?dm2r@@YA?AVCVect3@@ABV1@H@Z 00405b80 f   PSINS.obj
 0001:00004c50       ?v3mmm@@YA?AVCVect3@@ABV1@00PAV1@H0@Z 00405c50 f   PSINS.obj
 0001:00004ed0       ?fopp@@YA?AVCVect3@@ABV1@00@Z 00405ed0 f   PSINS.obj
 0001:00004fd0       ?fopp@@YA?AVCVect3@@ABV1@000@Z 00405fd0 f   PSINS.obj
 0001:00005120       ?tp2att@@YA?AVCVect3@@ABV1@00@Z 00406120 f   PSINS.obj
 0001:000052b0       ?addw@@YA?AVCVect3@@ABV1@0NN@Z 004062b0 f   PSINS.obj
 0001:00005360       ?attract@@YA?AVCVect3@@ABV1@00@Z 00406360 f   PSINS.obj
 0001:000054c0       ?ff2muxy@@YA?AVCVect3@@ABV1@0PBD1@Z 004064c0 f   PSINS.obj
 0001:000055d0       ?ff2mu@@YA?AVCVect3@@ABV1@0N@Z 004065d0 f   PSINS.obj
 0001:000056d0       ??0CQuat@@QAE@XZ           004066d0 f   PSINS.obj
 0001:00005700       ??0CQuat@@QAE@NABVCVect3@@@Z 00406700 f   PSINS.obj
 0001:00005770       ??0CQuat@@QAE@NNNN@Z       00406770 f   PSINS.obj
 0001:000057e0       ??0CQuat@@QAE@PBN@Z        004067e0 f   PSINS.obj
 0001:00005870       ??HCQuat@@QBE?AV0@ABVCVect3@@@Z 00406870 f   PSINS.obj
 0001:00005900       ??GCQuat@@QBE?AV0@ABVCVect3@@@Z 00406900 f   PSINS.obj
 0001:00005980       ??GCQuat@@QBE?AVCVect3@@ABV0@@Z 00406980 f   PSINS.obj
 0001:00005ac0       ??DCQuat@@QBE?AV0@ABV0@@Z  00406ac0 f   PSINS.obj
 0001:00005bf0       ??XCQuat@@QAEAAV0@ABV0@@Z  00406bf0 f   PSINS.obj
 0001:00005c40       ??ZCQuat@@QAEAAV0@ABVCVect3@@@Z 00406c40 f   PSINS.obj
 0001:00005cc0       ??S@YA?AVCQuat@@ABV0@@Z    00406cc0 f   PSINS.obj
 0001:00005d40       ??DCQuat@@QBE?AVCVect3@@ABV1@@Z 00406d40 f   PSINS.obj
 0001:00005ed0       ?SetYaw@CQuat@@QAEXN@Z     00406ed0 f   PSINS.obj
 0001:00005f50       ?normlize@@YANPAVCQuat@@@Z 00406f50 f   PSINS.obj
 0001:00006000       ?q2rv@@YA?AVCVect3@@ABVCQuat@@@Z 00407000 f   PSINS.obj
 0001:00006130       ?qq2phi@@YA?AVCVect3@@ABVCQuat@@0@Z 00407130 f   PSINS.obj
 0001:000061a0       ?addmu@@YA?AVCQuat@@ABV1@ABVCVect3@@@Z 004071a0 f   PSINS.obj
 0001:00006200       ?UpDown@@YA?AVCQuat@@ABV1@@Z 00407200 f   PSINS.obj
 0001:00006290       ??0CMat3@@QAE@XZ           00407290 f   PSINS.obj
 0001:000062c0       ??0CMat3@@QAE@N@Z          004072c0 f   PSINS.obj
 0001:00006370       ??0CMat3@@QAE@PBN@Z        00407370 f   PSINS.obj
 0001:00006480       ??0CMat3@@QAE@PBM@Z        00407480 f   PSINS.obj
 0001:00006560       ??0CMat3@@QAE@NNN@Z        00407560 f   PSINS.obj
 0001:00006620       ??0CMat3@@QAE@NNNNNNNNN@Z  00407620 f   PSINS.obj
 0001:000066d0       ??0CMat3@@QAE@ABVCVect3@@00H@Z 004076d0 f   PSINS.obj
 0001:00006850       ?sv2att@@YA?AVCVect3@@ABV1@N0@Z 00407850 f   PSINS.obj
 0001:000069a0       ?dv2att@@YA?AVCVect3@@ABV1@000@Z 004079a0 f   PSINS.obj
 0001:00006c30       ?mv2att@@YA?AVCVect3@@HPBV1@0ZZ 00407c30 f   PSINS.obj
 0001:00006d30       ?vn2att@@YA?AVCVect3@@ABV1@@Z 00407d30 f   PSINS.obj
 0001:00006df0       ?atss@@YA?AVCVect3@@AAV1@0@Z 00407df0 f   PSINS.obj
 0001:00006ec0       ??G@YA?AVCMat3@@ABV0@@Z    00407ec0 f   PSINS.obj
 0001:00006f90       ??S@YA?AVCMat3@@ABV0@@Z    00407f90 f   PSINS.obj
 0001:00007040       ??DCMat3@@QBE?AV0@ABV0@@Z  00408040 f   PSINS.obj
 0001:00007210       ??HCMat3@@QBE?AV0@ABV0@@Z  00408210 f   PSINS.obj
 0001:000072f0       ??YCMat3@@QAEAAV0@ABV0@@Z  004082f0 f   PSINS.obj
 0001:000073c0       ??HCMat3@@QBE?AV0@ABVCVect3@@@Z 004083c0 f   PSINS.obj
 0001:00007430       ??YCMat3@@QAEAAV0@ABVCVect3@@@Z 00408430 f   PSINS.obj
 0001:00007490       ??GCMat3@@QBE?AV0@ABV0@@Z  00408490 f   PSINS.obj
 0001:00007570       ??DCMat3@@QBE?AV0@N@Z      00408570 f   PSINS.obj
 0001:00007650       ??RCMat3@@QAEAANHH@Z       00408650 f   PSINS.obj
 0001:00007690       ?SetRow@CMat3@@QAEXHABVCVect3@@@Z 00408690 f   PSINS.obj
 0001:00007700       ?SetClm@CMat3@@QAEXHABVCVect3@@@Z 00408700 f   PSINS.obj
 0001:00007770       ?GetRow@CMat3@@QBE?AVCVect3@@H@Z 00408770 f   PSINS.obj
 0001:000077f0       ?GetClm@CMat3@@QBE?AVCVect3@@H@Z 004087f0 f   PSINS.obj
 0001:00007870       ?Rot@@YA?AVCMat3@@ND@Z     00408870 f   PSINS.obj
 0001:000079f0       ?rotz@@YA?AVCVect3@@ABV1@N@Z 004089f0 f   PSINS.obj
 0001:00007aa0       ?rcijk@@YA?AVCMat3@@ABV1@H@Z 00408aa0 f   PSINS.obj
 0001:00007e80       ?symmetry@@YAXAAVCMat3@@@Z 00408e80 f   PSINS.obj
 0001:00007f20       ??D@YA?AVCMat3@@NABV0@@Z   00408f20 f   PSINS.obj
 0001:00007ff0       ??DCMat3@@QBE?AVCVect3@@ABV1@@Z 00408ff0 f   PSINS.obj
 0001:000080c0       ?dotmul@@YA?AVCMat3@@ABV1@0@Z 004090c0 f   PSINS.obj
 0001:00008190       ?det@@YANABVCMat3@@@Z      00409190 f   PSINS.obj
 0001:00008220       ?trace@@YANABVCMat3@@@Z    00409220 f   PSINS.obj
 0001:00008250       ?pow@@YA?AVCMat3@@ABV1@H@Z 00409250 f   PSINS.obj
 0001:000082e0       ?a2qua@@YA?AVCQuat@@NNN@Z  004092e0 f   PSINS.obj
 0001:00008420       ?a2qua@@YA?AVCQuat@@ABVCVect3@@@Z 00409420 f   PSINS.obj
 0001:00008490       ?a2mat@@YA?AVCMat3@@NNN@Z  00409490 f   PSINS.obj
 0001:000085d0       ?a2mat@@YA?AVCMat3@@ABVCVect3@@@Z 004095d0 f   PSINS.obj
 0001:00008640       ?ar2mat@@YA?AVCMat3@@ABVCVect3@@@Z 00409640 f   PSINS.obj
 0001:00008790       ?ar2qua@@YA?AVCQuat@@ABVCVect3@@@Z 00409790 f   PSINS.obj
 0001:000087f0       ?m2att@@YA?AVCVect3@@ABVCMat3@@@Z 004097f0 f   PSINS.obj
 0001:00008930       ?m2att1@@YA?AVCVect3@@ABVCMat3@@@Z 00409930 f   PSINS.obj
 0001:000089f0       ?q2att1@@YA?AVCVect3@@ABVCQuat@@@Z 004099f0 f   PSINS.obj
 0001:00008a50       ?m2attr@@YA?AVCVect3@@ABVCMat3@@@Z 00409a50 f   PSINS.obj
 0001:00008b10       ?q2attr@@YA?AVCVect3@@ABVCQuat@@@Z 00409b10 f   PSINS.obj
 0001:00008b70       ?m2rv@@YA?AVCVect3@@ABVCMat3@@@Z 00409b70 f   PSINS.obj
 0001:00008c80       ?m2qua@@YA?AVCQuat@@ABVCMat3@@@Z 00409c80 f   PSINS.obj
 0001:00008f50       ?q2att@@YA?AVCVect3@@ABVCQuat@@@Z 00409f50 f   PSINS.obj
 0001:000090c0       ?q2mat@@YA?AVCMat3@@ABVCQuat@@@Z 0040a0c0 f   PSINS.obj
 0001:00009220       ?Ka2Cba@@YA?AVCMat3@@ABV1@AAVCVect3@@@Z 0040a220 f   PSINS.obj
 0001:00009320       ?Cba2Ka@@YA?AVCMat3@@ABV1@ABVCVect3@@@Z 0040a320 f   PSINS.obj
 0001:000093c0       ?Ka22Kpn@@YAXABVCVect3@@0AAV1@1@Z 0040a3c0 f   PSINS.obj
 0001:00009480       ?Kpn2Ka2@@YAXABVCVect3@@0AAV1@1@Z 0040a480 f   PSINS.obj
 0001:00009530       ?KgMdf@@YAXAAVCMat3@@PBNH@Z 0040a530 f   PSINS.obj
 0001:000098b0       ?KaMdf@@YAXAAVCMat3@@PBNH@Z 0040a8b0 f   PSINS.obj
 0001:00009b30       ?adj@@YA?AVCMat3@@ABV1@@Z  0040ab30 f   PSINS.obj
 0001:00009c90       ?inv@@YA?AVCMat3@@ABV1@@Z  0040ac90 f   PSINS.obj
 0001:00009d30       ?diag@@YA?AVCVect3@@ABVCMat3@@@Z 0040ad30 f   PSINS.obj
 0001:00009d90       ?diag@@YA?AVCMat3@@ABVCVect3@@@Z 0040ad90 f   PSINS.obj
 0001:00009e20       ?diag@@YA?AVCMat3@@NNN@Z   0040ae20 f   PSINS.obj
 0001:00009ee0       ?askew@@YA?AVCMat3@@ABV1@H@Z 0040aee0 f   PSINS.obj
 0001:0000a010       ?MMT@@YA?AVCMat3@@ABV1@0@Z 0040b010 f   PSINS.obj
 0001:0000a1a0       ?trMMT@@YANABVCMat3@@0@Z   0040b1a0 f   PSINS.obj
 0001:0000a260       ?norm@@YANABVCMat3@@@Z     0040b260 f   PSINS.obj
 0001:0000a2b0       ?sfoam@@YA?AVCMat3@@ABV1@H@Z 0040b2b0 f   PSINS.obj
 0001:0000a9c0       ??0CMat@@QAE@XZ            0040b9c0 f   PSINS.obj
 0001:0000a9f0       ??0CMat@@QAE@HH@Z          0040b9f0 f   PSINS.obj
 0001:0000aa50       ??0CMat@@QAE@HHN@Z         0040ba50 f   PSINS.obj
 0001:0000aae0       ??0CMat@@QAA@HHNNZZ        0040bae0 f   PSINS.obj
 0001:0000ab90       ??0CMat@@QAE@HHPBN@Z       0040bb90 f   PSINS.obj
 0001:0000ac10       ??0CMat@@QAA@HPBVCVect@@ZZ 0040bc10 f   PSINS.obj
 0001:0000acb0       ?Reset@CMat@@QAEXHH@Z      0040bcb0 f   PSINS.obj
 0001:0000ad00       ?Clear@CMat@@QAEXN@Z       0040bd00 f   PSINS.obj
 0001:0000ad70       ?ClearRow@CMat@@QAEXHN@Z   0040bd70 f   PSINS.obj
 0001:0000ade0       ?ClearClm@CMat@@QAEXHN@Z   0040bde0 f   PSINS.obj
 0001:0000ae50       ?ClearRC@CMat@@QAEXHHN@Z   0040be50 f   PSINS.obj
 0001:0000aec0       ??DCMat@@QBE?AV0@ABV0@@Z   0040bec0 f   PSINS.obj
 0001:0000b0b0       ??DCMat@@QBE?AV0@ABVCMat3@@@Z 0040c0b0 f   PSINS.obj
 0001:0000b140       ??DCMat@@QBE?AVCVect@@ABV1@@Z 0040c140 f   PSINS.obj
 0001:0000b290       ??HCMat@@QBE?AV0@ABV0@@Z   0040c290 f   PSINS.obj
 0001:0000b390       ??YCMat@@QAEAAV0@ABVCVect@@@Z 0040c390 f   PSINS.obj
 0001:0000b420       ??GCMat@@QBE?AV0@ABV0@@Z   0040c420 f   PSINS.obj
 0001:0000b520       ??DCMat@@QBE?AV0@N@Z       0040c520 f   PSINS.obj
 0001:0000b600       ??4CMat@@QAEAAV0@N@Z       0040c600 f   PSINS.obj
 0001:0000b670       ??YCMat@@QAEAAV0@ABV0@@Z   0040c670 f   PSINS.obj
 0001:0000b6f0       ??ZCMat@@QAEAAV0@ABV0@@Z   0040c6f0 f   PSINS.obj
 0001:0000b770       ??XCMat@@QAEAAV0@N@Z       0040c770 f   PSINS.obj
 0001:0000b7e0       ??ECMat@@QAEAAV0@XZ        0040c7e0 f   PSINS.obj
 0001:0000b860       ??S@YA?AVCMat@@ABV0@@Z     0040c860 f   PSINS.obj
 0001:0000b960       ?symmetry@@YAXAAVCMat@@@Z  0040c960 f   PSINS.obj
 0001:0000ba50       ?trace@@YANABVCMat@@@Z     0040ca50 f   PSINS.obj
 0001:0000bad0       ?dotmul@@YA?AVCMat@@ABV1@0@Z 0040cad0 f   PSINS.obj
 0001:0000bbc0       ??RCMat@@QAEAANHH@Z        0040cbc0 f   PSINS.obj
 0001:0000bc10       ?SetRow@CMat@@QAAXHNZZ     0040cc10 f   PSINS.obj
 0001:0000bca0       ?SetRow@CMat@@QAEXHABVCVect@@@Z 0040cca0 f   PSINS.obj
 0001:0000bd20       ?SetClm@CMat@@QAAXHNZZ     0040cd20 f   PSINS.obj
 0001:0000bdb0       ?SetClm@CMat@@QAEXHABVCVect@@@Z 0040cdb0 f   PSINS.obj
 0001:0000be30       ?SetClmVect3@CMat@@QAEXHHABVCVect3@@@Z 0040ce30 f   PSINS.obj
 0001:0000bec0       ?SetClmVect3@CMat@@QAEXHHABVCVect3@@0@Z 0040cec0 f   PSINS.obj
 0001:0000bf90       ?SetClmVect3@CMat@@QAEXHHABVCVect3@@00@Z 0040cf90 f   PSINS.obj
 0001:0000c090       ?SetRowVect3@CMat@@QAEXHHABVCVect3@@@Z 0040d090 f   PSINS.obj
 0001:0000c0e0       ?SetRowVect3@CMat@@QAEXHHABVCVect3@@0@Z 0040d0e0 f   PSINS.obj
 0001:0000c140       ?SetRowVect3@CMat@@QAEXHHABVCVect3@@00@Z 0040d140 f   PSINS.obj
 0001:0000c1c0       ?GetRowVect3@CMat@@QBE?AVCVect3@@HH@Z 0040d1c0 f   PSINS.obj
 0001:0000c210       ?GetClmVect3@CMat@@QBE?AVCVect3@@HH@Z 0040d210 f   PSINS.obj
 0001:0000c2c0       ?SetDiagVect3@CMat@@QAEXHHABVCVect3@@@Z 0040d2c0 f   PSINS.obj
 0001:0000c350       ?GetDiagVect3@CMat@@QBE?AVCVect3@@HH@Z 0040d350 f   PSINS.obj
 0001:0000c410       ?GetDiagf@CMat@@QBEXHHPAN@Z 0040d410 f   PSINS.obj
 0001:0000c4a0       ?SetDiagf@CMat@@QAEXHHPAN@Z 0040d4a0 f   PSINS.obj
 0001:0000c530       ?SetAskew@CMat@@QAEXHHABVCVect3@@@Z 0040d530 f   PSINS.obj
 0001:0000c620       ?SetMat3@CMat@@QAEXHHABVCMat3@@@Z 0040d620 f   PSINS.obj
 0001:0000c6b0       ?SetMat3@CMat@@QAEXHHABVCMat3@@0@Z 0040d6b0 f   PSINS.obj
 0001:0000c770       ?SetMat3@CMat@@QAEXHHABVCMat3@@00@Z 0040d770 f   PSINS.obj
 0001:0000c870       ?GetMat3@CMat@@QBE?AVCMat3@@HH@Z 0040d870 f   PSINS.obj
 0001:0000c930       ?SubAddMat3@CMat@@QAEXHHABVCMat3@@@Z 0040d930 f   PSINS.obj
 0001:0000c9c0       ?GetRow@CMat@@QBE?AVCVect@@H@Z 0040d9c0 f   PSINS.obj
 0001:0000caa0       ?GetRow@CMat@@QAEXAAVCVect@@H@Z 0040daa0 f   PSINS.obj
 0001:0000cb50       ?GetClm@CMat@@QBE?AVCVect@@H@Z 0040db50 f   PSINS.obj
 0001:0000cc30       ?GetClm@CMat@@QBA?AV1@HHZZ 0040dc30 f   PSINS.obj
 0001:0000cdb0       ?GetClm@CMat@@QAEXAAVCVect@@H@Z 0040ddb0 f   PSINS.obj
 0001:0000ce50       ?ZeroRow@CMat@@QAEXH@Z     0040de50 f   PSINS.obj
 0001:0000cec0       ?ZeroClm@CMat@@QAEXH@Z     0040dec0 f   PSINS.obj
 0001:0000cf30       ?ZeroRC@CMat@@QAEXHH@Z     0040df30 f   PSINS.obj
 0001:0000cf90       ?SetDiag@CMat@@QAAXNZZ     0040df90 f   PSINS.obj
 0001:0000d070       ?SetDiag2@CMat@@QAAXNZZ    0040e070 f   PSINS.obj
 0001:0000d150       ?SetAscend@CMat@@QAEXNN@Z  0040e150 f   PSINS.obj
 0001:0000d1c0       ?norm1@@YANABVCMat@@@Z     0040e1c0 f   PSINS.obj
 0001:0000d200       ?normInf@@YANABVCMat@@@Z   0040e200 f   PSINS.obj
 0001:0000d240       ?diag@@YA?AVCVect@@ABVCMat@@@Z 0040e240 f   PSINS.obj
 0001:0000d320       ?eye@@YA?AVCMat@@H@Z       0040e320 f   PSINS.obj
 0001:0000d3e0       ?MatExam@@YA?AVCMat@@HH@Z  0040e3e0 f   PSINS.obj
 0001:0000d470       ?inv4@@YA?AVCMat@@ABV1@@Z  0040e470 f   PSINS.obj
 0001:0000d750       ?inv6@@YA?AVCMat@@ABV1@@Z  0040e750 f   PSINS.obj
 0001:0000da00       ?lss@@YA?AVCVect@@ABVCMat@@ABV1@@Z 0040ea00 f   PSINS.obj
 0001:0000db40       ?RowMul@@YAXAAVCMat@@ABV1@1HH@Z 0040eb40 f   PSINS.obj
 0001:0000dc60       ?RowMulT@@YAXAAVCMat@@ABV1@1HH@Z 0040ec60 f   PSINS.obj
 0001:0000dd80       ?diag@@YA?AVCMat@@ABVCVect@@@Z 0040ed80 f   PSINS.obj
 0001:0000de90       ?DVMDVafa@@YAXABVCVect@@AAVCMat@@N@Z 0040ee90 f   PSINS.obj
 0001:0000df80       ??0CVect@@QAE@XZ           0040ef80 f   PSINS.obj
 0001:0000dfb0       ??0CVect@@QAE@HH@Z         0040efb0 f   PSINS.obj
 0001:0000e020       ??0CVect@@QAE@HN@Z         0040f020 f   PSINS.obj
 0001:0000e0a0       ??0CVect@@QAE@HPBN@Z       0040f0a0 f   PSINS.obj
 0001:0000e120       ??0CVect@@QAA@HNNZZ        0040f120 f   PSINS.obj
 0001:0000e200       ??0CVect@@QAE@ABVCVect3@@@Z 0040f200 f   PSINS.obj
 0001:0000e290       ??0CVect@@QAE@ABVCVect3@@V1@@Z 0040f290 f   PSINS.obj
 0001:0000e340       ?Clear@CVect@@QAEXXZ       0040f340 f   PSINS.obj
 0001:0000e3a0       ?Reset@CVect@@QAEXHH@Z     0040f3a0 f   PSINS.obj
 0001:0000e410       ??G@YA?AVCVect@@ABV0@@Z    0040f410 f   PSINS.obj
 0001:0000e4b0       ??S@YA?AVCVect@@ABV0@@Z    0040f4b0 f   PSINS.obj
 0001:0000e510       ??DCVect@@QBE?AV0@ABVCMat@@@Z 0040f510 f   PSINS.obj
 0001:0000e670       ??DCVect@@QBE?AVCMat@@ABV0@@Z 0040f670 f   PSINS.obj
 0001:0000e830       ??HCVect@@QBE?AV0@ABV0@@Z  0040f830 f   PSINS.obj
 0001:0000e910       ??GCVect@@QBE?AV0@ABV0@@Z  0040f910 f   PSINS.obj
 0001:0000e9f0       ??DCVect@@QBE?AV0@N@Z      0040f9f0 f   PSINS.obj
 0001:0000ead0       ??4CVect@@QAEAAV0@N@Z      0040fad0 f   PSINS.obj
 0001:0000eb40       ??4CVect@@QAEAAV0@PBN@Z    0040fb40 f   PSINS.obj
 0001:0000ebb0       ??4CVect@@QAEAAV0@ABVCMat3@@@Z 0040fbb0 f   PSINS.obj
 0001:0000ec20       ??YCVect@@QAEAAV0@ABV0@@Z  0040fc20 f   PSINS.obj
 0001:0000eca0       ??ZCVect@@QAEAAV0@ABV0@@Z  0040fca0 f   PSINS.obj
 0001:0000ed20       ??XCVect@@QAEAAV0@N@Z      0040fd20 f   PSINS.obj
 0001:0000ed90       ?dot@@YANABVCVect@@0@Z     0040fd90 f   PSINS.obj
 0001:0000ee10       ?dotmul@@YA?AVCVect@@ABV1@0@Z 0040fe10 f   PSINS.obj
 0001:0000ef00       ?pow@@YA?AVCVect@@ABV1@H@Z 0040ff00 f   PSINS.obj
 0001:0000eff0       ?abs@@YA?AVCVect@@ABV1@@Z  0040fff0 f   PSINS.obj
 0001:0000f100       ?neg@@YAXAAVCVect@@QBHH@Z  00410100 f   PSINS.obj
 0001:0000f190       ?enlarge@@YAXAAVCVect@@NQBHH@Z 00410190 f   PSINS.obj
 0001:0000f220       ?norm@@YANABVCVect@@@Z     00410220 f   PSINS.obj
 0001:0000f260       ?norm1@@YANABVCVect@@@Z    00410260 f   PSINS.obj
 0001:0000f2a0       ?normInf@@YANABVCVect@@@Z  004102a0 f   PSINS.obj
 0001:0000f2e0       ??RCVect@@QAEAANH@Z        004102e0 f   PSINS.obj
 0001:0000f310       ?Set@CVect@@QAAXNZZ        00410310 f   PSINS.obj
 0001:0000f3a0       ?Set2@CVect@@QAAXNZZ       004103a0 f   PSINS.obj
 0001:0000f430       ?SetVect3@CVect@@QAEXHABVCVect3@@@Z 00410430 f   PSINS.obj
 0001:0000f470       ?Set2Vect3@CVect@@QAEXHABVCVect3@@@Z 00410470 f   PSINS.obj
 0001:0000f4f0       ?SetAscend@CVect@@QAEXNN@Z 004104f0 f   PSINS.obj
 0001:0000f560       ?SetBit@CVect@@QAEXIN@Z    00410560 f   PSINS.obj
 0001:0000f5d0       ?SetBit@CVect@@QAEXIABVCVect3@@@Z 004105d0 f   PSINS.obj
 0001:0000f660       ?Seti2j@CVect@@QAEXHHN@Z   00410660 f   PSINS.obj
 0001:0000f6e0       ?GetVect3@CVect@@QBE?AVCVect3@@H@Z 004106e0 f   PSINS.obj
 0001:0000f720       ?mean@@YANABVCVect@@@Z     00410720 f   PSINS.obj
 0001:0000f790       ?sort@@YA?AVCVect@@ABV1@@Z 00410790 f   PSINS.obj
 0001:0000f8b0       ??0CPolyfit@@QAE@XZ        004108b0 f   PSINS.obj
 0001:0000f8e0       ?Init@CPolyfit@@UAEXNHN@Z  004108e0 f   PSINS.obj
 0001:0000fa20       ?SetP@CPolyfit@@QAAXNZZ    00410a20 f   PSINS.obj
 0001:0000faa0       ?SetUD@CPolyfit@@QAAXNZZ   00410aa0 f   PSINS.obj
 0001:0000fb90       ?SetHk@CPolyfit@@QAAXNZZ   00410b90 f   PSINS.obj
 0001:0000fc10       ?UpdateP@CPolyfit@@QAEXN@Z 00410c10 f   PSINS.obj
 0001:0000fe90       ?Update@CPolyfit@@QAEXNN@Z 00410e90 f   PSINS.obj
 0001:0000ffb0       ?eval@CPolyfit@@QAENN@Z    00410fb0 f   PSINS.obj
 0001:00010080       ??0CPolyfit3@@QAE@XZ       00411080 f   PSINS.obj
 0001:000100e0       ??_H@YGXPAXIHP6EX0@Z@Z     004110e0 f i PSINS.obj
 0001:00010140       ?Init@CPolyfit3@@UAEXNHN@Z 00411140 f   PSINS.obj
 0001:000101d0       ?Update@CPolyfit3@@QAEXABVCVect3@@N@Z 004111d0 f   PSINS.obj
 0001:00010330       ?eval@CPolyfit3@@QAE?AVCVect3@@N@Z 00411330 f   PSINS.obj
 0001:00010450       ??0CIIR@@QAE@XZ            00411450 f   PSINS.obj
 0001:00010480       ??0CIIR@@QAE@PAN0H@Z       00411480 f   PSINS.obj
 0001:00010540       ?Update@CIIR@@QAENN@Z      00411540 f   PSINS.obj
 0001:00010650       ??0CIIRV3@@QAE@XZ          00411650 f   PSINS.obj
 0001:000106c0       ??0CIIRV3@@QAE@PAN0H00H00H@Z 004116c0 f   PSINS.obj
 0001:000107e0       ?Update@CIIRV3@@QAE?AVCVect3@@ABV2@@Z 004117e0 f   PSINS.obj
 0001:000108a0       ??0CRAvar@@QAE@XZ          004118a0 f   PSINS.obj
 0001:000108d0       ??0CRAvar@@QAE@HH@Z        004118d0 f   PSINS.obj
 0001:00010950       ?set@CRAvar@@QAEXNNNNH@Z   00411950 f   PSINS.obj
 0001:00010a70       ?set@CRAvar@@QAEXABVCVect3@@000@Z 00411a70 f   PSINS.obj
 0001:00010b30       ?set@CRAvar@@QAEXABVCVect@@000@Z 00411b30 f   PSINS.obj
 0001:00010c00       ?Update@CRAvar@@QAEXNNH@Z  00411c00 f   PSINS.obj
 0001:00010e00       ?Update@CRAvar@@QAEXABVCVect3@@N@Z 00411e00 f   PSINS.obj
 0001:00010e80       ?Update@CRAvar@@QAEXABVCVect@@N@Z 00411e80 f   PSINS.obj
 0001:00010f00       ??RCRAvar@@QBENH@Z         00411f00 f   PSINS.obj
 0001:00010f80       ??0CVAR@@QAE@HN@Z          00411f80 f   PSINS.obj
 0001:00011040       ?Update@CVAR@@QAENNH@Z     00412040 f   PSINS.obj
 0001:000111c0       ??0CVARn@@QAE@XZ           004121c0 f   PSINS.obj
 0001:00011200       ??0CVARn@@QAE@HH@Z         00412200 f   PSINS.obj
 0001:00011380       ??1CVARn@@QAE@XZ           00412380 f   PSINS.obj
 0001:00011410       ?Reset@CVARn@@QAEXXZ       00412410 f   PSINS.obj
 0001:000114a0       ?Update@CVARn@@QAEHPBN@Z   004124a0 f   PSINS.obj
 0001:000116e0       ?Update@CVARn@@QAAHNZZ     004126e0 f   PSINS.obj
 0001:00011770       ??0CContLarge@@QAE@XZ      00412770 f   PSINS.obj
 0001:000117a0       ??0CContLarge@@QAE@NNH@Z   004127a0 f   PSINS.obj
 0001:00011810       ?Update@CContLarge@@QAEHNN@Z 00412810 f   PSINS.obj
 0001:000118d0       ??0CAbnomalCnt@@QAE@XZ     004128d0 f   PSINS.obj
 0001:00011900       ??0CAbnomalCnt@@QAE@HNNN@Z 00412900 f   PSINS.obj
 0001:000119b0       ?Update@CAbnomalCnt@@QAEHNN@Z 004129b0 f   PSINS.obj
 0001:00011a70       ??0CWzhold@@QAE@XZ         00412a70 f   PSINS.obj
 0001:00011aa0       ?Init@CWzhold@@QAEXNNNH@Z  00412aa0 f   PSINS.obj
 0001:00011b60       ?Reset@CWzhold@@QAEXXZ     00412b60 f   PSINS.obj
 0001:00011bd0       ?Update@CWzhold@@QAEHN@Z   00412bd0 f   PSINS.obj
 0001:00011f10       ??0CMaxMin@@QAE@HHM@Z      00412f10 f   PSINS.obj
 0001:00011f60       ?Init@CMaxMin@@QAEXHHM@Z   00412f60 f   PSINS.obj
 0001:00012090       ?Restart@CMaxMin@@QAEXXZ   00413090 f   PSINS.obj
 0001:000120e0       ?Update@CMaxMin@@QAEHM@Z   004130e0 f   PSINS.obj
 0001:000122c0       ??0CMaxMinn@@QAE@HHHM@Z    004132c0 f   PSINS.obj
 0001:00012320       ??_FCMaxMin@@QAEXXZ        00413320 f i PSINS.obj
 0001:00012360       ?Init@CMaxMinn@@QAEXHHHM@Z 00413360 f   PSINS.obj
 0001:00012400       ?Restart@CMaxMinn@@QAEXXZ  00413400 f   PSINS.obj
 0001:00012470       ?Update@CMaxMinn@@QAAHMZZ  00413470 f   PSINS.obj
 0001:00012510       ?Update@CMaxMinn@@QAEHABVCVect3@@@Z 00413510 f   PSINS.obj
 0001:000125a0       ?Update@CMaxMinn@@QAEHABVCVect3@@0@Z 004135a0 f   PSINS.obj
 0001:00012680       ?Update@CMaxMinn@@QAEHABVCVect3@@00@Z 00413680 f   PSINS.obj
 0001:000127b0       ?Update@CMaxMinn@@QAEHABVCVect3@@000@Z 004137b0 f   PSINS.obj
 0001:00012930       ?Update@CMaxMinn@@QAEHABVCVect3@@0000@Z 00413930 f   PSINS.obj
 0001:00012b10       ?ResFloat@CMaxMinn@@QAEMHH@Z 00413b10 f   PSINS.obj
 0001:00012b90       ?ResVect3@CMaxMinn@@QAE?AVCVect3@@HH@Z 00413b90 f   PSINS.obj
 0001:00012d60       ??0CKalman@@QAE@XZ         00413d60 f   PSINS.obj
 0001:00012fc0       ??0CKalman@@QAE@HH@Z       00413fc0 f   PSINS.obj
 0001:00013240       ?Init@CKalman@@QAEXHH@Z    00414240 f   PSINS.obj
 0001:00013830       ?SetRmmbt@CKalman@@QAEXNNNN@Z 00414830 f   PSINS.obj
 0001:00013930       ?SetRmaxcount@CKalman@@QAEXH@Z 00414930 f   PSINS.obj
 0001:000139a0       ?SetInnoMaxcount@CKalman@@QAEXH@Z 004149a0 f   PSINS.obj
 0001:00013a10       ?SetZmm@CKalman@@QAEXHHNH@Z 00414a10 f   PSINS.obj
 0001:00013a90       ?SetZmmVn@CKalman@@QAEXABVCVect3@@H@Z 00414a90 f   PSINS.obj
 0001:00013b10       ?SetZmmPos@CKalman@@QAEXABVCVect3@@H@Z 00414b10 f   PSINS.obj
 0001:00013b90       ?TimeUpdate@CKalman@@QAEXNH@Z 00414b90 f   PSINS.obj
 0001:00013db0       ?SetStatMask@CKalman@@QAEXIHIHI@Z 00414db0 f   PSINS.obj
 0001:00013fe0       ?SetMeasMask@CKalman@@QAEXIH@Z 00414fe0 f   PSINS.obj
 0001:000140a0       ?SetMeasFlag@CKalman@@QAEXIH@Z 004150a0 f   PSINS.obj
 0001:00014110       ?SetMeasStop@CKalman@@QAEXIN@Z 00415110 f   PSINS.obj
 0001:000141b0       ?SetRadptStop@CKalman@@QAEXIN@Z 004151b0 f   PSINS.obj
 0001:00014200       ?MeasUpdate@CKalman@@QAEHN@Z 00415200 f   PSINS.obj
 0001:000145a0       ?MeasUD@@YAXQAN0QBNN0H@Z   004155a0 f   PSINS.obj
 0001:000148d0       ?RAdaptive@CKalman@@QAEHHNN@Z 004158d0 f   PSINS.obj
 0001:00014af0       ?RPkFading@CKalman@@QAEXH@Z 00415af0 f   PSINS.obj
 0001:00014be0       ?ZmmPkSet@CKalman@@QAEXH@Z 00415be0 f   PSINS.obj
 0001:00014cb0       ?XPConstrain@CKalman@@QAEXXZ 00415cb0 f   PSINS.obj
 0001:00014ff0       ?PmaxPminCheck@CKalman@@QAEXXZ 00415ff0 f   PSINS.obj
 0001:000150f0       ?Feedback@CKalman@@UAEXHN@Z 004160f0 f   PSINS.obj
 0001:00015340       ?FeedbackAll@CKalman@@QAEXXZ 00416340 f   PSINS.obj
 0001:00015470       ?RtFading@CKalman@@QAEXHN@Z 00416470 f   PSINS.obj
 0001:000155c0       ?fusion@@YAXPAN0PBN1H00@Z  004165c0 f   PSINS.obj
 0001:00015770       ?fusion@@YAXAAVCVect3@@0V1@1@Z 00416770 f   PSINS.obj
 0001:000157c0       ?fusion@@YAXAAVCVect3@@0V1@100@Z 004167c0 f   PSINS.obj
 0001:00015810       ??0CSINSTDKF@@QAE@XZ       00416810 f   PSINS.obj
 0001:000158f0       ??0CSINSTDKF@@QAE@HH@Z     004168f0 f   PSINS.obj
 0001:00015a10       ?Init@CSINSTDKF@@QAEXABVCSINS@@@Z 00416a10 f   PSINS.obj
 0001:00015c30       ?TDReset@CSINSTDKF@@QAEXXZ 00416c30 f   PSINS.obj
 0001:00015ca0       ?Innovationi@CSINSTDKF@@QAENH@Z 00416ca0 f   PSINS.obj
 0001:00015d50       ?TDUpdate@CSINSTDKF@@QAEHPBVCVect3@@0HNH@Z 00416d50 f   PSINS.obj
 0001:00016b90       ?MeasUpdate@CSINSTDKF@@QAEXABVCVect@@NN@Z 00417b90 f   PSINS.obj
 0001:00016d50       ?MarkovGyro@CSINSTDKF@@QAEXABVCVect3@@0H@Z 00417d50 f   PSINS.obj
 0001:00016dd0       ?MarkovAcc@CSINSTDKF@@QAEXABVCVect3@@0H@Z 00417dd0 f   PSINS.obj
 0001:00016e50       ?SetYaw@CSINSTDKF@@QAEXNHH@Z 00417e50 f   PSINS.obj
 0001:00017050       ?PSetVertCh@CSINSTDKF@@QAEXNNN@Z 00418050 f   PSINS.obj
 0001:00017130       ?SetCalcuBurden@CSINSTDKF@@QAENIH@Z 00418130 f   PSINS.obj
 0001:000172b0       ??0CSINSGNSS@@QAE@XZ       004182b0 f   PSINS.obj
 0001:00017310       ??0CSINSGNSS@@QAE@HHNH@Z   00418310 f   PSINS.obj
 0001:00017640       ?Init@CSINSGNSS@@QAEXABVCSINS@@H@Z 00418640 f   PSINS.obj
 0001:000189e0       ?SetFt@CSINSGNSS@@UAEXH@Z  004199e0 f   PSINS.obj
 0001:00019230       ?SetHk@CSINSGNSS@@UAEXH@Z  0041a230 f   PSINS.obj
 0001:00019390       ?Feedback@CSINSGNSS@@UAEXHN@Z 0041a390 f   PSINS.obj
 0001:000199f0       ?SetMeasGNSS@CSINSGNSS@@QAEXABVCVect3@@0N@Z 0041a9f0 f   PSINS.obj
 0001:00019bc0       ?MeasGNSSZvStop@CSINSGNSS@@QAEXAAVCVect3@@N@Z 0041abc0 f   PSINS.obj
 0001:00019c80       ?MeasGNSSZpStop@CSINSGNSS@@QAEXAAVCVect3@@N@Z 0041ac80 f   PSINS.obj
 0001:00019d40       ?MeasGNSSZp2X@CSINSGNSS@@QAEXAAVCVect3@@@Z 0041ad40 f   PSINS.obj
 0001:00019e00       ?Leveling@CSINSGNSS@@QAEXXZ 0041ae00 f   PSINS.obj
 0001:00019ec0       ?Update@CSINSGNSS@@QAEHPBVCVect3@@0HNH@Z 0041aec0 f   PSINS.obj
 0001:00019f50       ??6CSINSGNSS@@QAEXAAVCFileRdWt@@@Z 0041af50 f   PSINS.obj
 0001:0001a050       ?LogXk@CSINSGNSS@@QAEXXZ   0041b050 f   PSINS.obj
 0001:0001a4c0       ??0CSysClbt@@QAE@ABVCVect3@@NH@Z 0041b4c0 f   PSINS.obj
 0001:0001a5d0       ?SetHk@CSysClbt@@UAEXH@Z   0041b5d0 f i PSINS.obj
 0001:0001a600       ?SetMeas@CSysClbt@@UAEXXZ  0041b600 f i PSINS.obj
 0001:0001a630       ?Init@CSysClbt@@QAEXN@Z    0041b630 f   PSINS.obj
 0001:0001ae30       ?NextIter@CSysClbt@@QAEXABVCQuat@@@Z 0041be30 f   PSINS.obj
 0001:0001b300       ?SetFt@CSysClbt@@UAEXH@Z   0041c300 f   PSINS.obj
 0001:0001b780       ?Feedback@CSysClbt@@UAEXHN@Z 0041c780 f   PSINS.obj
 0001:0001b9d0       ?Update@CSysClbt@@QAEHPBVCVect3@@0HNH@Z 0041c9d0 f   PSINS.obj
 0001:0001bae0       ?Log@CSysClbt@@QAEXXZ      0041cae0 f   PSINS.obj
 0001:0001bc90       ?LogXk@CSysClbt@@QAEXXZ    0041cc90 f   PSINS.obj
 0001:0001c010       ??0CPOS618@@QAE@XZ         0041d010 f   PSINS.obj
 0001:0001c0b0       ??0CPOS618@@QAE@NNH@Z      0041d0b0 f   PSINS.obj
 0001:0001c2f0       ??1CPOS618@@QAE@XZ         0041d2f0 f   PSINS.obj
 0001:0001c4e0       ??_GCRMemory@@QAEPAXI@Z    0041d4e0 f i PSINS.obj
 0001:0001c540       ??_GCSmooth@@QAEPAXI@Z     0041d540 f i PSINS.obj
 0001:0001c5a0       ??_GCFileRdWt@@QAEPAXI@Z   0041d5a0 f i PSINS.obj
 0001:0001c600       ?Load@CPOS618@@QAEHPADNN@Z 0041d600 f   PSINS.obj
 0001:0001ca70       ?Init@CPOS618@@QAEXNABVCVect3@@@Z 0041da70 f   PSINS.obj
 0001:0001cf30       ?Forward@CPOS618@@QAEXXZ   0041df30 f   PSINS.obj
 0001:0001d2b0       ?Backward@CPOS618@@QAEXXZ  0041e2b0 f   PSINS.obj
 0001:0001d750       ?Reverse@CPOS618@@QAEXXZ   0041e750 f   PSINS.obj
 0001:0001d980       ?Smooth@CPOS618@@QAEXXZ    0041e980 f   PSINS.obj
 0001:0001d9b0       ?Process@CPOS618@@QAEXPADH@Z 0041e9b0 f   PSINS.obj
 0001:0001da90       ??0CSINSGNSSCNS@@QAE@XZ    0041ea90 f   PSINS.obj
 0001:0001daf0       ??0CSINSGNSSCNS@@QAE@N@Z   0041eaf0 f   PSINS.obj
 0001:0001dbc0       ?SetCNS@CSINSGNSSCNS@@QAEXHHHNNN@Z 0041ebc0 f   PSINS.obj
 0001:0001dc60       ?Init@CSINSGNSSCNS@@QAEXABVCSINS@@H@Z 0041ec60 f   PSINS.obj
 0001:0001e050       ?SetHk@CSINSGNSSCNS@@UAEXH@Z 0041f050 f   PSINS.obj
 0001:0001e100       ?Feedback@CSINSGNSSCNS@@UAEXHN@Z 0041f100 f   PSINS.obj
 0001:0001e190       ?SetMeasCNS@CSINSGNSSCNS@@QAEXAAVCQuat@@@Z 0041f190 f   PSINS.obj
 0001:0001e280       ?SetMeasCNS@CSINSGNSSCNS@@QAEXAAVCVect3@@@Z 0041f280 f   PSINS.obj
 0001:0001e340       ??0CSINSGNSSDR@@QAE@XZ     0041f340 f   PSINS.obj
 0001:0001e3c0       ?SetHk@CSINSGNSSDR@@UAEXH@Z 0041f3c0 f i PSINS.obj
 0001:0001e3f0       ??0CSINSGNSSDR@@QAE@N@Z    0041f3f0 f   PSINS.obj
 0001:0001e580       ?Init@CSINSGNSSDR@@QAEXABVCSINS@@H@Z 0041f580 f   PSINS.obj
 0001:0001eb90       ?SetFt@CSINSGNSSDR@@UAEXH@Z 0041fb90 f   PSINS.obj
 0001:0001ed20       ?Feedback@CSINSGNSSDR@@UAEXHN@Z 0041fd20 f   PSINS.obj
 0001:0001ee10       ?SetMeas@CSINSGNSSDR@@UAEXXZ 0041fe10 f   PSINS.obj
 0001:0001eea0       ?SetMeasGNSS@CSINSGNSSDR@@QAEXABVCVect3@@0N@Z 0041fea0 f   PSINS.obj
 0001:0001f0e0       ?Update@CSINSGNSSDR@@QAEHPBVCVect3@@0NHNH@Z 004200e0 f   PSINS.obj
 0001:0001f240       ??0CSINSGNSSOD@@QAE@XZ     00420240 f   PSINS.obj
 0001:0001f350       ?SetMeas@CSINSGNSSOD@@UAEXXZ 00420350 f i PSINS.obj
 0001:0001f380       ??0CSINSGNSSOD@@QAE@HHNH@Z 00420380 f   PSINS.obj
 0001:0001f5d0       ?Init@CSINSGNSSOD@@QAEXABVCSINS@@H@Z 004205d0 f   PSINS.obj
 0001:0001f660       ?SetDistance@CSINSGNSSOD@@QAEXN@Z 00420660 f   PSINS.obj
 0001:0001f720       ?ODKappa@CSINSGNSSOD@@QAE?AVCVect3@@ABV2@@Z 00420720 f   PSINS.obj
 0001:0001f820       ?ODVelUpdate@CSINSGNSSOD@@QAEHN@Z 00420820 f   PSINS.obj
 0001:0001ff00       ?Update@CSINSGNSSOD@@QAEHPBVCVect3@@0NHNH@Z 00420f00 f   PSINS.obj
 0001:0001ffa0       ??6CSINSGNSSOD@@QAEXAAVCFileRdWt@@@Z 00420fa0 f   PSINS.obj
 0001:00020110       ??0CAutoDrive@@QAE@XZ      00421110 f   PSINS.obj
 0001:00020180       ?SetMeas@CAutoDrive@@UAEXXZ 00421180 f i PSINS.obj
 0001:000201b0       ??0CAutoDrive@@QAE@N@Z     004211b0 f   PSINS.obj
 0001:00020380       ?Init@CAutoDrive@@QAEXABVCSINS@@H@Z 00421380 f   PSINS.obj
 0001:00020860       ?SetFt@CAutoDrive@@UAEXH@Z 00421860 f   PSINS.obj
 0001:000208a0       ?SetHk@CAutoDrive@@UAEXH@Z 004218a0 f   PSINS.obj
 0001:000208d0       ?Feedback@CAutoDrive@@UAEXHN@Z 004218d0 f   PSINS.obj
 0001:000209a0       ?ZUPTtest@CAutoDrive@@QAEXXZ 004219a0 f   PSINS.obj
 0001:00020aa0       ?ZIHRtest@CAutoDrive@@QAEXXZ 00421aa0 f   PSINS.obj
 0001:00020ba0       ?NHCtest@CAutoDrive@@QAEXXZ 00421ba0 f   PSINS.obj
 0001:00020cf0       ?SetGNSSFixMode@CAutoDrive@@QAEXH@Z 00421cf0 f   PSINS.obj
 0001:00020ec0       ?Update@CAutoDrive@@QAEHPBVCVect3@@0NHNH@Z 00421ec0 f   PSINS.obj
 0001:00021100       ??0CSGOClbt@@QAE@N@Z       00422100 f   PSINS.obj
 0001:000211d0       ?Init@CSGOClbt@@QAEXABVCSINS@@H@Z 004221d0 f   PSINS.obj
 0001:00021720       ?SetFt@CSGOClbt@@UAEXH@Z   00422720 f   PSINS.obj
 0001:00021790       ?SetHk@CSGOClbt@@UAEXH@Z   00422790 f   PSINS.obj
 0001:00021850       ?Feedback@CSGOClbt@@UAEXHN@Z 00422850 f   PSINS.obj
 0001:00021990       ?Update@CSGOClbt@@QAEHPBVCVect3@@0NHNH@Z 00422990 f   PSINS.obj
 0001:00021a70       ??0CVAutoPOS@@QAE@XZ       00422a70 f   PSINS.obj
 0001:00021ac0       ??0CVAutoPOS@@QAE@N@Z      00422ac0 f   PSINS.obj
 0001:00021b20       ?Init@CVAutoPOS@@UAEXABVCSINS@@H@Z 00422b20 f   PSINS.obj
 0001:00021dc0       ?SetFt@CVAutoPOS@@UAEXH@Z  00422dc0 f   PSINS.obj
 0001:00021e00       ?SetHk@CVAutoPOS@@UAEXH@Z  00422e00 f   PSINS.obj
 0001:00021e30       ?Feedback@CVAutoPOS@@UAEXHN@Z 00422e30 f   PSINS.obj
 0001:00021f00       ?Update@CVAutoPOS@@QAEHPBVCVect3@@0NHNH@Z 00422f00 f   PSINS.obj
 0001:00021fe0       ?Init@CCAM@@QAEXABVCVect3@@0NN0@Z 00422fe0 f   PSINS.obj
 0001:000220b0       ?TUpdate@CCAM@@QAEXNN@Z    004230b0 f   PSINS.obj
 0001:000221c0       ?MUpdate@CCAM@@QAEXNN@Z    004231c0 f   PSINS.obj
 0001:000224b0       ?Update@CCAM@@QAEXNNNN@Z   004234b0 f   PSINS.obj
 0001:00022510       ?Init@CCALLH@@QAEXABVCVect3@@0NN0@Z 00423510 f   PSINS.obj
 0001:000225d0       ?Update@CCALLH@@QAEXN@Z    004235d0 f   PSINS.obj
 0001:00022660       ?Update@CCALLH@@QAEXABVCVect3@@@Z 00423660 f   PSINS.obj
 0001:000226f0       ?Update@CCALLH@@QAEXNABVCVect3@@@Z 004236f0 f   PSINS.obj
 0001:00022740       ?GetdPos@CCALLH@@QAE?AVCVect3@@ABVCSINS@@@Z 00423740 f   PSINS.obj
 0001:000227d0       ?GetdVn@CCALLH@@QAE?AVCVect3@@XZ 004237d0 f   PSINS.obj
 0001:00022850       ?GetPhi@CCALLH@@QAE?AVCVect3@@PAN@Z 00423850 f   PSINS.obj
 0001:000228f0       ?GetAVP@CCALLH@@QAENAAVCVect3@@00ABVCSINS@@@Z 004238f0 f   PSINS.obj
 0001:000229d0       ??0CGKP@@QAE@NN@Z          004239d0 f   PSINS.obj
 0001:00022a20       ?Init@CGKP@@QAEXNN@Z       00423a20 f   PSINS.obj
 0001:00022c80       ?GKPCore@CGKP@@AAE?AVCVect3@@ABV2@@Z 00423c80 f   PSINS.obj
 0001:00023080       ?IGKPCore@CGKP@@AAE?AVCVect3@@ABV2@@Z 00424080 f   PSINS.obj
 0001:00023520       ?GKP@CGKP@@QAE?AVCVect3@@ABV2@@Z 00424520 f   PSINS.obj
 0001:00023600       ?IGKP@CGKP@@QAE?AVCVect3@@ABV2@@Z 00424600 f   PSINS.obj
 0001:000236e0       ??0CEarth@@QAE@NNN@Z       004246e0 f   PSINS.obj
 0001:000237c0       ?Init@CEarth@@QAEXNNN@Z    004247c0 f   PSINS.obj
 0001:000238d0       ?Update@CEarth@@QAEXABVCVect3@@0H@Z 004248d0 f   PSINS.obj
 0001:00023de0       ?vn2dpos@CEarth@@QBE?AVCVect3@@ABV2@N@Z 00424de0 f   PSINS.obj
 0001:00023e70       ?vn2dpos@CEarth@@QBEXAAVCVect3@@ABV2@N@Z 00424e70 f   PSINS.obj
 0001:00023ed0       ?pos2g@@YANABVCVect3@@@Z   00424ed0 f   PSINS.obj
 0001:00023f50       ?pos2wnie@@YA?AVCVect3@@ABV1@@Z 00424f50 f   PSINS.obj
 0001:00023fd0       ??0CIMU@@QAE@XZ            00424fd0 f   PSINS.obj
 0001:00024620       ?Reset@CIMU@@QAEXXZ        00425620 f   PSINS.obj
 0001:000246f0       ?SetRFU@CIMU@@QAEXPBD@Z    004256f0 f   PSINS.obj
 0001:00024760       ?SetSf@CIMU@@QAEXABVCVect3@@0@Z 00425760 f   PSINS.obj
 0001:000247c0       ?SetTemp@CIMU@@QAEXPANH@Z  004257c0 f   PSINS.obj
 0001:00024890       ?SetKga@CIMU@@QAEXABVCMat3@@VCVect3@@0ABV3@@Z 00425890 f   PSINS.obj
 0001:00024910       ?SetgSens@CIMU@@QAEXABVCMat3@@00@Z 00425910 f   PSINS.obj
 0001:000249c0       ?SetKa2@CIMU@@QAEXABVCVect3@@@Z 004259c0 f   PSINS.obj
 0001:00024a10       ?SetKapn@CIMU@@QAEXABVCVect3@@@Z 00425a10 f   PSINS.obj
 0001:00024a60       ?SetLvtGA@CIMU@@QAEXABVCVect3@@00N@Z 00425a60 f   PSINS.obj
 0001:00024af0       ?SetTau@CIMU@@QAEXABVCVect3@@00@Z 00425af0 f   PSINS.obj
 0001:00024b60       ?SetCba@CIMU@@QAEXABVCMat3@@@Z 00425b60 f   PSINS.obj
 0001:00024e40       ?GetMeanwf@CIMU@@QAENAAVCVect3@@0H@Z 00425e40 f   PSINS.obj
 0001:00024f40       ?Update@CIMU@@QAENPBVCVect3@@0HN@Z 00425f40 f   PSINS.obj
 0001:000260e0       ?IMURFU@@YAXPAVCVect3@@HPBD@Z 004270e0 f   PSINS.obj
 0001:00026240       ?IMURFU@@YAXPAVCVect3@@0HPBD@Z 00427240 f   PSINS.obj
 0001:000262a0       ?IMUStatic@@YAXAAVCVect3@@000N@Z 004272a0 f   PSINS.obj
 0001:000263d0       ?lsclbt@@YA?AVCMat@@AAV1@0@Z 004273d0 f   PSINS.obj
 0001:000266a0       ?rfu2fur@@YA?AVCVect3@@ABV1@@Z 004276a0 f   PSINS.obj
 0001:00026700       ?fur2rfu@@YA?AVCVect3@@ABV1@@Z 00427700 f   PSINS.obj
 0001:00026760       ?rfu2fur@@YA?AVCQuat@@ABV1@@Z 00427760 f   PSINS.obj
 0001:000267d0       ?fur2rfu@@YA?AVCQuat@@ABV1@@Z 004277d0 f   PSINS.obj
 0001:00026840       ??0CIMUInc@@QAE@NN@Z       00427840 f   PSINS.obj
 0001:00026890       ?Init@CIMUInc@@QAEXNN@Z    00427890 f   PSINS.obj
 0001:00026a00       ?Update@CIMUInc@@QAEXABVCVect3@@0@Z 00427a00 f   PSINS.obj
 0001:00026bd0       ??0CIMUInv@@QAE@ABVCVect3@@00NN@Z 00427bd0 f   PSINS.obj
 0001:00026da0       ?Update@CIMUInv@@QAEXABVCVect3@@0@Z 00427da0 f   PSINS.obj
 0001:00027280       ??0CSINS@@QAE@NABVCVect3@@N@Z 00428280 f   PSINS.obj
 0001:00027600       ??0CSINS@@QAE@ABVCVect3@@00N@Z 00428600 f   PSINS.obj
 0001:00027960       ??0CSINS@@QAE@ABVCQuat@@ABVCVect3@@1N@Z 00428960 f   PSINS.obj
 0001:00027cb0       ?Init@CSINS@@QAEXABVCVect3@@00N@Z 00428cb0 f   PSINS.obj
 0001:00027d10       ?Init@CSINS@@QAEXABVCQuat@@ABVCVect3@@1N@Z 00428d10 f   PSINS.obj
 0001:00028260       ?SetTauGA@CSINS@@QAEXABVCVect3@@0@Z 00429260 f   PSINS.obj
 0001:00028480       ?Update@CSINS@@QAEXPBVCVect3@@0HN@Z 00429480 f   PSINS.obj
 0001:00029520       ?Extrap@CSINS@@QAEXABVCVect3@@0N@Z 0042a520 f   PSINS.obj
 0001:000296e0       ?Extrap@CSINS@@QAEXN@Z     0042a6e0 f   PSINS.obj
 0001:00029860       ?lever@CSINS@@QAEXABVCVect3@@PAV2@1@Z 0042a860 f   PSINS.obj
 0001:00029aa0       ?lever2@CSINS@@QAEXABVCVect3@@PAV2@1PBV2@2@Z 0042aaa0 f   PSINS.obj
 0001:00029c60       ?atss@CSINS@@QAEXPAN0@Z    0042ac60 f   PSINS.obj
 0001:00029ce0       ?etm@CSINS@@QAEXXZ         0042ace0 f   PSINS.obj
 0001:0002a210       ?AddErr@CSINS@@QAEXABVCVect3@@00@Z 0042b210 f   PSINS.obj
 0001:0002a2c0       ?AddErr@CSINS@@QAEXNABVCVect3@@0@Z 0042b2c0 f   PSINS.obj
 0001:0002a320       ?Leveling@CSINS@@QAEXH@Z   0042b320 f   PSINS.obj
 0001:0002a470       ?Reverse@CSINS@@QAEXXZ     0042b470 f   PSINS.obj
 0001:0002a540       ?isPPS@CSINS@@QAEHN@Z      0042b540 f   PSINS.obj
 0001:0002a5d0       ?DebugStop@CSINS@@QAEXNHH@Z 0042b5d0 f   PSINS.obj
 0001:0002a690       ??0CDR@@QAE@XZ             0042b690 f   PSINS.obj
 0001:0002a770       ?Init@CDR@@QAEXABVCSINS@@ABVCVect3@@@Z 0042b770 f   PSINS.obj
 0001:0002a800       ?Init@CDR@@QAEXABVCVect3@@00N@Z 0042b800 f   PSINS.obj
 0001:0002a9c0       ?Update@CDR@@QAEXABVCVect3@@NN0@Z 0042b9c0 f   PSINS.obj
 0001:0002ac80       ?SetGCK@CDR@@QAEXN@Z       0042bc80 f   PSINS.obj
 0001:0002ada0       ?Leveling@CDR@@QAEXABVCVect3@@N@Z 0042bda0 f   PSINS.obj
 0001:0002af70       ?Calibrate@CDR@@QAE?AVCVect3@@ABV2@00N@Z 0042bf70 f   PSINS.obj
 0001:0002b170       ??0CCNS@@QAE@XZ            0042c170 f   PSINS.obj
 0001:0002b2e0       ?SetdT@CCNS@@QAEXNN@Z      0042c2e0 f   PSINS.obj
 0001:0002b340       ?Setxyp@CCNS@@QAEXNN@Z     0042c340 f   PSINS.obj
 0001:0002b430       ?JD@CCNS@@QAENHHHN@Z       0042c430 f   PSINS.obj
 0001:0002b500       ?Precmat@CCNS@@QAE?AVCMat3@@N@Z 0042c500 f   PSINS.obj
 0001:0002b630       ?Equinox@CCNS@@QAEXN@Z     0042c630 f   PSINS.obj
 0001:0002b840       ?Nutmat@CCNS@@QAE?AVCMat3@@N@Z 0042c840 f   PSINS.obj
 0001:0002b930       ?GAST@CCNS@@QAENNN@Z       0042c930 f   PSINS.obj
 0001:0002ba80       ?GetCie@CCNS@@QAE?AVCMat3@@NN@Z 0042ca80 f   PSINS.obj
 0001:0002bc00       ?GetCns@CCNS@@QAE?AVCMat3@@ABVCQuat@@ABVCVect3@@NABV2@@Z 0042cc00 f   PSINS.obj
 0001:0002bd50       ??0CToLCEF@@QAE@XZ         0042cd50 f   PSINS.obj
 0001:0002bdc0       ??0CToLCEF@@QAE@ABVCVect3@@N@Z 0042cdc0 f   PSINS.obj
 0001:0002be40       ?Init@CToLCEF@@QAEXABVCVect3@@N@Z 0042ce40 f   PSINS.obj
 0001:0002bf40       ?ToLCEF@CToLCEF@@QAE?AVCVect3@@ABVCQuat@@ABV2@1@Z 0042cf40 f   PSINS.obj
 0001:0002c090       ?RFU2FUR@@YAXAAVCVect3@@@Z 0042d090 f i PSINS.obj
 0001:0002c0f0       ?RFU2FUR@@YAXAAVCQuat@@@Z  0042d0f0 f i PSINS.obj
 0001:0002c160       ?ToLCEF@CToLCEF@@QAE?AVCVect3@@ABVCSINS@@@Z 0042d160 f   PSINS.obj
 0001:0002c1d0       ??0CAVPInterp@@QAE@XZ      0042d1d0 f   PSINS.obj
 0001:0002c270       ?Init@CAVPInterp@@QAEXABVCSINS@@NHH@Z 0042d270 f   PSINS.obj
 0001:0002c310       ?Init@CAVPInterp@@QAEXABVCVect3@@00NH@Z 0042d310 f   PSINS.obj
 0001:0002c400       ?Push@CAVPInterp@@QAEXABVCSINS@@H@Z 0042d400 f   PSINS.obj
 0001:0002c490       ?Push@CAVPInterp@@QAEXABVCVect3@@00@Z 0042d490 f   PSINS.obj
 0001:0002c540       ?Interp@CAVPInterp@@QAEHNH@Z 0042d540 f   PSINS.obj
 0001:0002c970       ??0CMahony@@QAE@NABVCQuat@@@Z 0042d970 f   PSINS.obj
 0001:0002cac0       ?SetTau@CMahony@@QAEXN@Z   0042dac0 f   PSINS.obj
 0001:0002cb10       ?SetTau@CMahony@@QAEXNNN@Z 0042db10 f   PSINS.obj
 0001:0002cb80       ?SetWn@CMahony@@QAEXNN@Z   0042db80 f   PSINS.obj
 0001:0002cbd0       ?Update@CMahony@@QAEXABVCVect3@@0N0@Z 0042dbd0 f   PSINS.obj
 0001:0002d0f0       ??0CQEAHRS@@QAE@N@Z        0042e0f0 f   PSINS.obj
 0001:0002d380       ?Update@CQEAHRS@@QAEXABVCVect3@@00N@Z 0042e380 f   PSINS.obj
 0001:0002d7b0       ??0CVGHook@@QAE@XZ         0042e7b0 f   PSINS.obj
 0001:0002d830       ?Init@CVGHook@@QAEXNNN@Z   0042e830 f   PSINS.obj
 0001:0002d9e0       ?SetHook@CVGHook@@QAEXPAVCSINSGNSS@@H@Z 0042e9e0 f   PSINS.obj
 0001:0002daa0       ?Enable@CVGHook@@QAEXH@Z   0042eaa0 f   PSINS.obj
 0001:0002dae0       ?Update@CVGHook@@QAEHAAVCVect3@@0N@Z 0042eae0 f   PSINS.obj
 0001:0002e120       ?timestr@@YAPADHPAD@Z      0042f120 f   PSINS.obj
 0001:0002e1d0       ?time2fname@@YAPADXZ       0042f1d0 f   PSINS.obj
 0001:0002e220       ?DirI@CFileRdWt@@SAXPBD@Z  0042f220 f   PSINS.obj
 0001:0002e2b0       ?DirO@CFileRdWt@@SAXPBD@Z  0042f2b0 f   PSINS.obj
 0001:0002e340       ?Dir@CFileRdWt@@SAXPBD0@Z  0042f340 f   PSINS.obj
 0001:0002e3a0       ??0CFileRdWt@@QAE@XZ       0042f3a0 f   PSINS.obj
 0001:0002e3d0       ??0CFileRdWt@@QAE@PBDH@Z   0042f3d0 f   PSINS.obj
 0001:0002e440       ??1CFileRdWt@@QAE@XZ       0042f440 f   PSINS.obj
 0001:0002e490       ?Init@CFileRdWt@@QAEXPBDH@Z 0042f490 f   PSINS.obj
 0001:0002e870       ?load@CFileRdWt@@QAEHHH@Z  0042f870 f   PSINS.obj
 0001:0002ed40       ?loadf32@CFileRdWt@@QAEHH@Z 0042fd40 f   PSINS.obj
 0001:0002ee30       ?load@CFileRdWt@@QAEJPAEJ@Z 0042fe30 f   PSINS.obj
 0001:0002eee0       ?bwseek@CFileRdWt@@QAEXHH@Z 0042fee0 f   PSINS.obj
 0001:0002ef50       ?filesize@CFileRdWt@@QAEJH@Z 0042ff50 f   PSINS.obj
 0001:0002f020       ?getl@CFileRdWt@@QAEHXZ    00430020 f   PSINS.obj
 0001:0002f080       ?savepos@CFileRdWt@@QAEJH@Z 00430080 f   PSINS.obj
 0001:0002f110       ?restorepos@CFileRdWt@@QAEHH@Z 00430110 f   PSINS.obj
 0001:0002f190       ?waitfor@CFileRdWt@@QAEHHNN@Z 00430190 f   PSINS.obj
 0001:0002f270       ??6CFileRdWt@@QAEAAV0@N@Z  00430270 f   PSINS.obj
 0001:0002f2c0       ??6CFileRdWt@@QAEAAV0@ABVCVect3@@@Z 004302c0 f   PSINS.obj
 0001:0002f310       ??6CFileRdWt@@QAEAAV0@ABVCQuat@@@Z 00430310 f   PSINS.obj
 0001:0002f360       ??6CFileRdWt@@QAEAAV0@ABVCMat3@@@Z 00430360 f   PSINS.obj
 0001:0002f3b0       ??6CFileRdWt@@QAEAAV0@ABVCVect@@@Z 004303b0 f   PSINS.obj
 0001:0002f410       ??6CFileRdWt@@QAEAAV0@ABVCMat@@@Z 00430410 f   PSINS.obj
 0001:0002f470       ??6CFileRdWt@@QAEAAV0@ABVCRAvar@@@Z 00430470 f   PSINS.obj
 0001:0002f4d0       ??6CFileRdWt@@QAEAAV0@ABVCMaxMinn@@@Z 004304d0 f   PSINS.obj
 0001:0002f5e0       ??6CFileRdWt@@QAEAAV0@ABVCAlignsb@@@Z 004305e0 f   PSINS.obj
 0001:0002f650       ??6CFileRdWt@@QAEAAV0@ABVCAligni0@@@Z 00430650 f   PSINS.obj
 0001:0002f6e0       ??6CFileRdWt@@QAEAAV0@ABVCPolyfit@@@Z 004306e0 f   PSINS.obj
 0001:0002f750       ??6CFileRdWt@@QAEAAV0@ABVCPolyfit3@@@Z 00430750 f   PSINS.obj
 0001:0002f7c0       ??6CFileRdWt@@QAEAAV0@ABVCIMU@@@Z 004307c0 f   PSINS.obj
 0001:0002f830       ??6CFileRdWt@@QAEAAV0@ABVCSINS@@@Z 00430830 f   PSINS.obj
 0001:0002f940       ??6CFileRdWt@@QAEAAV0@ABVCToLCEF@@@Z 00430940 f   PSINS.obj
 0001:0002f9b0       ??6CFileRdWt@@QAEAAV0@ABVCDR@@@Z 004309b0 f   PSINS.obj
 0001:0002fa40       ??6CFileRdWt@@QAEAAV0@ABVCRMemory@@@Z 00430a40 f   PSINS.obj
 0001:0002fa90       ??6CFileRdWt@@QAEAAV0@ABVCMahony@@@Z 00430a90 f   PSINS.obj
 0001:0002fb00       ??6CFileRdWt@@QAEAAV0@ABVCQEAHRS@@@Z 00430b00 f   PSINS.obj
 0001:0002fba0       ??6CFileRdWt@@QAEAAV0@ABVCVGHook@@@Z 00430ba0 f   PSINS.obj
 0001:0002fc50       ??6CFileRdWt@@QAEAAV0@ABVCUartPP@@@Z 00430c50 f   PSINS.obj
 0001:0002fcb0       ??6CFileRdWt@@QAEAAV0@AAVCKalman@@@Z 00430cb0 f   PSINS.obj
 0001:0002fd90       ??5CFileRdWt@@QAEAAV0@AAN@Z 00430d90 f   PSINS.obj
 0001:0002fde0       ??5CFileRdWt@@QAEAAV0@AAVCVect3@@@Z 00430de0 f   PSINS.obj
 0001:0002fe30       ??5CFileRdWt@@QAEAAV0@AAVCQuat@@@Z 00430e30 f   PSINS.obj
 0001:0002fe80       ??5CFileRdWt@@QAEAAV0@AAVCMat3@@@Z 00430e80 f   PSINS.obj
 0001:0002fed0       ??5CFileRdWt@@QAEAAV0@AAVCVect@@@Z 00430ed0 f   PSINS.obj
 0001:0002ff30       ??5CFileRdWt@@QAEAAV0@AAVCMat@@@Z 00430f30 f   PSINS.obj
 0001:0002ff90       ??0CFImuGnssSync@@QAE@PBDHN0H@Z 00430f90 f   PSINS.obj
 0001:00030160       ??1CFImuGnssSync@@QAE@XZ   00431160 f   PSINS.obj
 0001:000301d0       ?load@CFImuGnssSync@@QAEHH@Z 004311d0 f   PSINS.obj
 0001:00030400       ??0CFileLog@@QAE@XZ        00431400 f   PSINS.obj
 0001:00030470       ?LogSet@CFileLog@@QAEAAV1@HPBD@Z 00431470 f   PSINS.obj
 0001:00030590       ??1CFileLog@@QAE@XZ        00431590 f   PSINS.obj
 0001:00030600       ?LogDate@CFileLog@@QAEAAV1@H@Z 00431600 f   PSINS.obj
 0001:00030690       ?LogRunTime@CFileLog@@QAEAAV1@H@Z 00431690 f   PSINS.obj
 0001:00030710       ??6CFileLog@@QAEAAV0@PBD@Z 00431710 f   PSINS.obj
 0001:00030770       ??6CFileLog@@QAEAAV0@H@Z   00431770 f   PSINS.obj
 0001:000307d0       ??6CFileLog@@QAEAAV0@M@Z   004317d0 f   PSINS.obj
 0001:00030840       ??6CFileLog@@QAEAAV0@N@Z   00431840 f   PSINS.obj
 0001:000308a0       ??6CFileLog@@QAEAAV0@ABVCVect3@@@Z 004318a0 f   PSINS.obj
 0001:00030920       ??6CFileLog@@QAEAAV0@ABVCQuat@@@Z 00431920 f   PSINS.obj
 0001:000309b0       ??6CFileLog@@QAEAAV0@ABVCVect@@@Z 004319b0 f   PSINS.obj
 0001:00030a40       ??6CFileLog@@QAEAAV0@ABVCMat3@@@Z 00431a40 f   PSINS.obj
 0001:00030b30       ??6CFileLog@@QAEAAV0@ABVCMat@@@Z 00431b30 f   PSINS.obj
 0001:00030c10       ?CMArray@CFileLog@@QAEAAV1@PBDPBNHHN0@Z 00431c10 f   PSINS.obj
 0001:00030cb0       ?CArray@CFileLog@@QAEAAV1@PBDPBNHHN0@Z 00431cb0 f   PSINS.obj
 0001:00030f10       ?MArray@CFileLog@@QAEAAV1@PBDPBNHHN0@Z 00431f10 f   PSINS.obj
 0001:000310a0       ?Flush@CFileLog@@QAEXH@Z   004320a0 f   PSINS.obj
 0001:00031110       ??0CFileCfg@@QAE@XZ        00432110 f   PSINS.obj
 0001:00031150       ??1CFileCfg@@QAE@XZ        00432150 f   PSINS.obj
 0001:000311b0       ??6CFileCfg@@QAEAAV0@PBD@Z 004321b0 f   PSINS.obj
 0001:00031260       ??5CFileCfg@@QAEAAV0@PBD@Z 00432260 f   PSINS.obj
 0001:00031330       ??6CFileCfg@@QAEAAV0@F@Z   00432330 f   PSINS.obj
 0001:00031380       ??6CFileCfg@@QAEAAV0@H@Z   00432380 f   PSINS.obj
 0001:000313d0       ??6CFileCfg@@QAEAAV0@M@Z   004323d0 f   PSINS.obj
 0001:00031420       ??6CFileCfg@@QAEAAV0@N@Z   00432420 f   PSINS.obj
 0001:00031470       ??6CFileCfg@@QAEAAV0@ABVCVect3@@@Z 00432470 f   PSINS.obj
 0001:000314c0       ??6CFileCfg@@QAEAAV0@ABVCQuat@@@Z 004324c0 f   PSINS.obj
 0001:00031510       ??6CFileCfg@@QAEAAV0@ABVCMat3@@@Z 00432510 f   PSINS.obj
 0001:00031560       ??6CFileCfg@@QAEAAV0@ABVCMat@@@Z 00432560 f   PSINS.obj
 0001:000315c0       ??5CFileCfg@@QAEAAV0@AAF@Z 004325c0 f   PSINS.obj
 0001:00031630       ??5CFileCfg@@QAEAAV0@AAH@Z 00432630 f   PSINS.obj
 0001:000316a0       ??5CFileCfg@@QAEAAV0@AAM@Z 004326a0 f   PSINS.obj
 0001:00031720       ??5CFileCfg@@QAEAAV0@AAN@Z 00432720 f   PSINS.obj
 0001:000317b0       ??5CFileCfg@@QAEAAV0@AAVCVect3@@@Z 004327b0 f   PSINS.obj
 0001:00031840       ??5CFileCfg@@QAEAAV0@AAVCQuat@@@Z 00432840 f   PSINS.obj
 0001:000318e0       ??5CFileCfg@@QAEAAV0@AAVCMat3@@@Z 004328e0 f   PSINS.obj
 0001:00031980       ??4CFileCfg@@QAEAAV0@AAV0@@Z 00432980 f   PSINS.obj
 0001:000319c0       ?WriteCfg@@YA?AVCFileCfg@@PBD0@Z 004329c0 f   PSINS.obj
 0001:00031aa0       ?ReadCfg@@YA?AVCFileCfg@@PBD0@Z 00432aa0 f   PSINS.obj
 0001:00031b80       ?dec2binf@@YAHPAD@Z        00432b80 f   PSINS.obj
 0001:00031d10       ??0CRMemory@@QAE@XZ        00432d10 f   PSINS.obj
 0001:00031d40       ??0CRMemory@@QAE@JH@Z      00432d40 f   PSINS.obj
 0001:00031dc0       ??0CRMemory@@QAE@PAEJH@Z   00432dc0 f   PSINS.obj
 0001:00031e10       ?Init@CRMemory@@QAEXPAEJH@Z 00432e10 f   PSINS.obj
 0001:00031eb0       ??1CRMemory@@QAE@XZ        00432eb0 f   PSINS.obj
 0001:00031f00       ??4CRMemory@@QAEXABV0@@Z   00432f00 f   PSINS.obj
 0001:00032040       ?pop@CRMemory@@QAEEPAE@Z   00433040 f   PSINS.obj
 0001:00032130       ?get@CRMemory@@QAEPAEH@Z   00433130 f   PSINS.obj
 0001:00032190       ?set@CRMemory@@QAEPAEHPBE@Z 00433190 f   PSINS.obj
 0001:00032230       ?push@CRMemory@@QAEHPBE@Z  00433230 f   PSINS.obj
 0001:00032330       ??0CSmooth@@QAE@HH@Z       00433330 f   PSINS.obj
 0001:00032480       ??1CSmooth@@QAE@XZ         00433480 f   PSINS.obj
 0001:000324f0       ?Update@CSmooth@@QAE?AVCVect@@PBNPAN@Z 004334f0 f   PSINS.obj
 0001:00032640       ??0CInterp@@QAE@PAPANHH@Z  00433640 f   PSINS.obj
 0001:00032780       ??0CInterp@@QAE@PBDH@Z     00433780 f   PSINS.obj
 0001:000329a0       ??1CInterp@@QAE@XZ         004339a0 f   PSINS.obj
 0001:00032a50       ?Interp@CInterp@@QAENNPAN@Z 00433a50 f   PSINS.obj
 0001:00032d30       ?flipud@@YAPAEPAEHH@Z      00433d30 f   PSINS.obj
 0001:00032e50       ?deal32@@YAXPAMZZ          00433e50 f   PSINS.obj
 0001:00032ed0       ?deal@@YAXPANZZ            00433ed0 f   PSINS.obj
 0001:00032f50       ??0CContinuousCnt@@QAE@H@Z 00433f50 f   PSINS.obj
 0001:00032fa0       ?Update@CContinuousCnt@@QAEHH@Z 00433fa0 f   PSINS.obj
 0001:00033040       ?Alignsb@@YA?AVCVect3@@ABV1@0N@Z 00434040 f   PSINS.obj
 0001:00033290       ?Alignsb@@YA?AVCVect3@@ABV1@00@Z 00434290 f   PSINS.obj
 0001:000332f0       ??0CAlignsb@@QAE@NN@Z      004342f0 f   PSINS.obj
 0001:000333c0       ??0CAlignsb@@QAE@ABVCVect3@@N@Z 004343c0 f   PSINS.obj
 0001:00033490       ?Init@CAlignsb@@QAEXNN@Z   00434490 f   PSINS.obj
 0001:00033500       ?Init@CAlignsb@@QAEXABVCVect3@@N@Z 00434500 f   PSINS.obj
 0001:000335e0       ?SetYaw@CAlignsb@@QAEXN@Z  004345e0 f   PSINS.obj
 0001:00033620       ?Update@CAlignsb@@QAE?AVCQuat@@PBVCVect3@@0HN@Z 00434620 f   PSINS.obj
 0001:00033820       ??0CAligni0@@QAE@ABVCVect3@@0H@Z 00434820 f   PSINS.obj
 0001:00033980       ?Init@CAligni0@@QAEXABVCVect3@@0H@Z 00434980 f   PSINS.obj
 0001:00033b10       ?Update@CAligni0@@QAE?AVCQuat@@PBVCVect3@@0HNABV3@@Z 00434b10 f   PSINS.obj
 0001:00034180       ??0CAligni0fit@@QAE@XZ     00435180 f   PSINS.obj
 0001:00034280       ??0CAligni0fit@@QAE@ABVCVect3@@@Z 00435280 f   PSINS.obj
 0001:00034390       ?Init@CAligni0fit@@QAEXABVCVect3@@@Z 00435390 f   PSINS.obj
 0001:000345e0       ?Update@CAligni0fit@@QAE?AVCQuat@@PBVCVect3@@0HN@Z 004355e0 f   PSINS.obj
 0001:00034d70       ?UpdateNoL@CAligni0fit@@QAE?AVCQuat@@PBVCVect3@@0HN@Z 00435d70 f   PSINS.obj
 0001:00035410       ?pi0t@CAligni0fit@@QAE?AVCVect3@@N@Z 00436410 f   PSINS.obj
 0001:00035530       ?pib0t@CAligni0fit@@QAE?AVCVect3@@N@Z 00436530 f   PSINS.obj
 0001:00035610       ??0CAlignkf@@QAE@XZ        00436610 f   PSINS.obj
 0001:00035670       ??0CAlignkf@@QAE@N@Z       00436670 f   PSINS.obj
 0001:00035720       ??0CAlignkf@@QAE@ABVCSINS@@N@Z 00436720 f   PSINS.obj
 0001:000357a0       ?Init@CAlignkf@@QAEXABVCSINS@@@Z 004367a0 f   PSINS.obj
 0001:00035c90       ?Update@CAlignkf@@QAEHPBVCVect3@@0HNH@Z 00436c90 f   PSINS.obj
 0001:00035d70       ?Update@CAlignkf@@QAEHPBVCVect3@@0HNABV2@H@Z 00436d70 f   PSINS.obj
 0001:00035e60       ??0CAligntrkang@@QAE@NNNN@Z 00436e60 f   PSINS.obj
 0001:00035f40       ?Init@CAligntrkang@@QAEXABVCSINS@@@Z 00436f40 f   PSINS.obj
 0001:00036420       ?Update@CAligntrkang@@QAEHPBVCVect3@@0HNABV2@H@Z 00437420 f   PSINS.obj
 0001:00036730       ??0CAlignsv@@QAE@XZ        00437730 f   PSINS.obj
 0001:00036790       ??0CAlignsv@@QAE@N@Z       00437790 f   PSINS.obj
 0001:00036810       ??0CAlignsv@@QAE@ABVCVect3@@NNN@Z 00437810 f   PSINS.obj
 0001:000368b0       ?Init@CAlignsv@@QAEXABVCVect3@@NNN@Z 004378b0 f   PSINS.obj
 0001:00036a90       ??1CAlignsv@@QAE@XZ        00437a90 f   PSINS.obj
 0001:00036b10       ?Update@CAlignsv@@QAEHPBVCVect3@@0H@Z 00437b10 f   PSINS.obj
 0001:00036d60       ??0CAligntf@@QAE@N@Z       00437d60 f   PSINS.obj
 0001:00036e10       ??0CAligntf@@QAE@ABVCSINS@@N@Z 00437e10 f   PSINS.obj
 0001:00036e90       ?Init@CAligntf@@QAEXABVCSINS@@@Z 00437e90 f   PSINS.obj
 0001:000373a0       ?SetFt@CAligntf@@UAEXH@Z   004383a0 f   PSINS.obj
 0001:00037420       ?SetHk@CAligntf@@UAEXH@Z   00438420 f   PSINS.obj
 0001:00037560       ?Feedback@CAligntf@@UAEXHN@Z 00438560 f   PSINS.obj
 0001:00037650       ?Update@CAligntf@@QAEHPBVCVect3@@0HNH@Z 00438650 f   PSINS.obj
 0001:000376e0       ?SetMeasVnAtt@CAligntf@@QAEXABVCVect3@@0@Z 004386e0 f   PSINS.obj
 0001:00037860       ??6CAligntf@@QAEXAAVCFileRdWt@@@Z 00438860 f   PSINS.obj
 0001:00037920       ??0CUartPP@@QAE@HG@Z       00438920 f   PSINS.obj
 0001:000379f0       ?checksum@CUartPP@@QAEHPBE@Z 004389f0 f   PSINS.obj
 0001:00037ad0       ?push@CUartPP@@QAEHPBEH@Z  00438ad0 f   PSINS.obj
 0001:00037bb0       ?nextIdx@CUartPP@@QAEHH@Z  00438bb0 f i PSINS.obj
 0001:00037c00       ?pop@CUartPP@@QAEHPAE@Z    00438c00 f   PSINS.obj
 0001:00037dd0       ?safeWrite@CUartPP@@QAEHAAVCFileRdWt@@H@Z 00438dd0 f   PSINS.obj
 0001:00037e90       ?chksum8@@YAEPBEH@Z        00438e90 f   PSINS.obj
 0001:00037ee0       ?chksum16@@YAGPBGH@Z       00438ee0 f   PSINS.obj
 0001:00037f40       ?makefrm@@YAHPAXZZ         00438f40 f   PSINS.obj
 0001:00038010       ?flt22db@@YANMM@Z          00439010 f   PSINS.obj
 0001:00038060       ?db2flt2@@YAXNPAM0@Z       00439060 f   PSINS.obj
 0001:000380f0       ?iga2flt@@YAHPAMPBN1111@Z  004390f0 f   PSINS.obj
 0001:00038430       ?onExit@@YAXXZ             00439430 f   PSINS.obj
 0001:00038470       ??0CConUart@@QAE@XZ        00439470 f   PSINS.obj
 0001:00038520       ?Init@CConUart@@QAEXHHHG@Z 00439520 f   PSINS.obj
 0001:000386b0       ?getUart@CConUart@@QAEHXZ  004396b0 f   PSINS.obj
 0001:000387c0       ?dispUart@CConUart@@QAEXH@Z 004397c0 f   PSINS.obj
 0001:00038b00       ?gotorc@CConUart@@QAEXFF@Z 00439b00 f   PSINS.obj
 0001:00038b90       ?sendUart@CConUart@@QAEXXZ 00439b90 f   PSINS.obj
 0001:00038d30       ??0CComUart@@QAE@XZ        00439d30 f   PSINS.obj
 0001:00038de0       ?Init@CComUart@@QAEXPAD@Z  00439de0 f   PSINS.obj
 0001:000390e0       ?Init@CComUart@@QAEXHHH@Z  0043a0e0 f   PSINS.obj
 0001:00039210       ?getUart@CComUart@@QAEHXZ  0043a210 f   PSINS.obj
 0001:00039300       ?dispUart@CComUart@@QAEXH@Z 0043a300 f   PSINS.obj
 0001:000397a0       ?sendUart@CComUart@@QAEXPAEHH@Z 0043a7a0 f   PSINS.obj
 0001:00039830       ?gotorc@CComUart@@QAEXFF@Z 0043a830 f   PSINS.obj
 0001:000398c0       ?swap16@@YAGG@Z            0043a8c0 f   PSINS.obj
 0001:00039910       ?swap24@@YAPAEPAE0@Z       0043a910 f   PSINS.obj
 0001:00039970       ?swap32@@YAII@Z            0043a970 f   PSINS.obj
 0001:000399e0       ?swap64@@YAKK@Z            0043a9e0 f   PSINS.obj
 0001:00039a80       ?swapbytes@@YAPAEPAEH@Z    0043aa80 f   PSINS.obj
 0001:00039be0       ?int24@@YAPAEPAEH@Z        0043abe0 f   PSINS.obj
 0001:00039c50       ?diffint24@@YAHPBE0@Z      0043ac50 f   PSINS.obj
 0001:00039d30       ?i24i32@@YAHPBE@Z          0043ad30 f   PSINS.obj
 0001:00039db0       ?r2dm@@YANN@Z              0043adb0 f   PSINS.obj
 0001:00039e50       ?dm2r@@YANN@Z              0043ae50 f   PSINS.obj
 0001:00039ef0       ?logtrigger@@YAHHN@Z       0043aef0 f   PSINS.obj
 0001:00039f60       ?IsZero@@YAHNN@Z           0043af60 f i PSINS.obj
 0001:00039fb0       ?sign@@YAHNN@Z             0043afb0 f   PSINS.obj
 0001:0003a010       ?range@@YANNNN@Z           0043b010 f   PSINS.obj
 0001:0003a080       ?maxn@@YANPBNH@Z           0043b080 f   PSINS.obj
 0001:0003a0f0       ?minn@@YANPBNH@Z           0043b0f0 f   PSINS.obj
 0001:0003a160       ?norm1@@YANPBNH@Z          0043b160 f   PSINS.obj
 0001:0003a1e0       ?norm@@YANPBNH@Z           0043b1e0 f   PSINS.obj
 0001:0003a260       ?normInf@@YANPBNH@Z        0043b260 f   PSINS.obj
 0001:0003a2f0       ?attract@@YANNNN@Z         0043b2f0 f   PSINS.obj
 0001:0003a360       ?polyval@@YANPBNHN@Z       0043b360 f   PSINS.obj
 0001:0003a3c0       ?atan2Ex@@YANNN@Z          0043b3c0 f   PSINS.obj
 0001:0003a460       ?diffYaw@@YANNN@Z          0043b460 f   PSINS.obj
 0001:0003a4d0       ?MKQt@@YANNN@Z             0043b4d0 f   PSINS.obj
 0001:0003a500       ?MKQt@@YA?AVCVect3@@ABV1@0@Z 0043b500 f   PSINS.obj
 0001:0003a590       ?unixt2gpst@@YANNH@Z       0043b590 f   PSINS.obj
 0001:0003a5e0       ?chkhdr@@YAHPBD0@Z         0043b5e0 f   PSINS.obj
 0001:0003a650       ?randn@@YANNN@Z            0043b650 f   PSINS.obj
 0001:0003a710       ?randn@@YA?AVCVect3@@ABV1@0@Z 0043b710 f   PSINS.obj
 0001:0003a7c0       ?randn@@YA?AVCVect@@ABV1@0@Z 0043b7c0 f   PSINS.obj
 0001:0003a8c0       ?randn@@YA?AVCMat3@@ABV1@ABN@Z 0043b8c0 f   PSINS.obj
 0001:0003a960       ?randn@@YA?AVCMat@@ABV1@ABN@Z 0043b960 f   PSINS.obj
 0001:0003aa50       ?deci@@YAPAHHPAH@Z         0043ba50 f   PSINS.obj
 0001:0003ab60       ?add@@YAXAAVCVect3@@ABV1@1@Z 0043bb60 f   PSINS.obj
 0001:0003abc0       ?add@@YAXAAVCMat3@@ABV1@1@Z 0043bbc0 f   PSINS.obj
 0001:0003ac80       ?add@@YAXAAVCVect@@ABV1@1@Z 0043bc80 f   PSINS.obj
 0001:0003ad00       ?add@@YAXAAVCMat@@ABV1@1@Z 0043bd00 f   PSINS.obj
 0001:0003ad80       ?sub@@YAXAAVCVect3@@ABV1@1@Z 0043bd80 f   PSINS.obj
 0001:0003ade0       ?sub@@YAXAAVCMat3@@ABV1@1@Z 0043bde0 f   PSINS.obj
 0001:0003aea0       ?sub@@YAXAAVCVect@@ABV1@1@Z 0043bea0 f   PSINS.obj
 0001:0003af20       ?sub@@YAXAAVCMat@@ABV1@1@Z 0043bf20 f   PSINS.obj
 0001:0003afa0       ?cros@@YAXAAVCVect3@@ABV1@1@Z 0043bfa0 f   PSINS.obj
 0001:0003b040       ?dotmul@@YAXAAVCVect3@@ABV1@1@Z 0043c040 f   PSINS.obj
 0001:0003b0a0       ?dotdiv@@YAXAAVCVect3@@ABV1@1@Z 0043c0a0 f   PSINS.obj
 0001:0003b100       ?mul@@YAXAAVCVect3@@ABV1@ABN@Z 0043c100 f   PSINS.obj
 0001:0003b150       ?mul@@YAXAAVCMat3@@ABV1@ABN@Z 0043c150 f   PSINS.obj
 0001:0003b210       ?mul@@YAXAAVCVect@@ABV1@ABN@Z 0043c210 f   PSINS.obj
 0001:0003b2a0       ?mul@@YAXAAVCVect@@ABVCMat@@ABV1@@Z 0043c2a0 f   PSINS.obj
 0001:0003b380       ?mul@@YAXAAVCMat@@ABV1@ABN@Z 0043c380 f   PSINS.obj
 0001:0003b410       ?mul@@YAXAAVCVect3@@ABVCMat3@@ABV1@@Z 0043c410 f   PSINS.obj
 0001:0003b4c0       ?mul@@YAXAAVCVect3@@ABV1@ABVCMat3@@@Z 0043c4c0 f   PSINS.obj
 0001:0003b570       ?mul@@YAXAAVCMat3@@ABV1@1@Z 0043c570 f   PSINS.obj
 0001:0003b770       ?mul@@YAXAAVCQuat@@ABV1@1@Z 0043c770 f   PSINS.obj
 0001:0003b8a0       ?mul@@YAXAAVCVect3@@ABVCQuat@@ABV1@@Z 0043c8a0 f   PSINS.obj
 0001:0003ba00       ?_TT@@YAXAAVCMat3@@ABV1@@Z 0043ca00 f   PSINS.obj
 0001:0003bac0       ?rv2q@@YAXAAVCQuat@@ABVCVect3@@@Z 0043cac0 f   PSINS.obj
 0001:0003bbe0       ?qdelphi@@YAXAAVCQuat@@ABVCVect3@@@Z 0043cbe0 f   PSINS.obj
 0001:0003bd00       ?q2mat@@YAXAAVCMat3@@ABVCQuat@@@Z 0043cd00 f   PSINS.obj
 0001:0003be40       ?m2att@@YAXAAVCVect3@@ABVCMat3@@@Z 0043ce40 f   PSINS.obj
 0001:0003bfd0       _asinf                     0043cfd0 f i PSINS.obj
 0001:0003c010       _atan2f                    0043d010 f i PSINS.obj
 0001:0003c060       ?AXbt@@YAXAAVCVect3@@ABVCMat3@@ABV1@2ABN@Z 0043d060 f   PSINS.obj
 0001:0003c150       ?ClassSizeDisp@@YAXH@Z     0043d150 f   PSINS.obj
 0001:0003c2f0       ?Demo_User@@YAXXZ          0043d2f0 f   PSINS_Demo.obj
 0001:0003c3c0       ?Demo_CIIRV3@@YAXXZ        0043d3c0 f   PSINS_Demo.obj
 0001:0003c5a0       ?Demo_CMaxMin@@YAXXZ       0043d5a0 f   PSINS_Demo.obj
 0001:0003c710       ?Demo_CVAR@@YAXXZ          0043d710 f   PSINS_Demo.obj
 0001:0003c860       ?Demo_CVARn@@YAXXZ         0043d860 f   PSINS_Demo.obj
 0001:0003c9d0       ?Demo_CRAvar@@YAXXZ        0043d9d0 f   PSINS_Demo.obj
 0001:0003cb60       ?Demo_CSINS_static@@YAXXZ  0043db60 f   PSINS_Demo.obj
 0001:0003ced0       ?Demo_CSINS_Error@@YAXXZ   0043ded0 f   PSINS_Demo.obj
 0001:0003d670       ?Demo_CSINS_toLCEF@@YAXXZ  0043e670 f   PSINS_Demo.obj
 0001:0003d9a0       ?Demo_Extern_C_example@@YAXXZ 0043e9a0 f   PSINS_Demo.obj
 0001:0003d9c0       ?Demo_CAlignsv@@YAXXZ      0043e9c0 f   PSINS_Demo.obj
 0001:0003db80       ??1CFileIMU6@@QAE@XZ       0043eb80 f i PSINS_Demo.obj
 0001:0003dbc0       ?Demo_CAlignNoLat@@YAXXZ   0043ebc0 f   PSINS_Demo.obj
 0001:0003ddd0       ?Demo_CAligntf@@YAXXZ      0043edd0 f   PSINS_Demo.obj
 0001:0003e090       ?Demo_CAlign_CSINS@@YAXXZ  0043f090 f   PSINS_Demo.obj
 0001:0003e320       ?Demo_CSINSGNSS@@YAXXZ     0043f320 f   PSINS_Demo.obj
 0001:0003e830       ??1CFileIMUGNSS@@QAE@XZ    0043f830 f i PSINS_Demo.obj
 0001:0003e870       ?Demo_CSINSGNSSDR@@YAXXZ   0043f870 f   PSINS_Demo.obj
 0001:0003eb50       ??1CFileRdSr49@@QAE@XZ     0043fb50 f i PSINS_Demo.obj
 0001:0003eb90       ?Demo_SINSOD@@YAXXZ        0043fb90 f   PSINS_Demo.obj
 0001:0003ee20       ?Demo_POS618@@YAXXZ        0043fe20 f   PSINS_Demo.obj
 0001:0003ef30       ?Demo_CNS_PrecNut@@YAXXZ   0043ff30 f   PSINS_Demo.obj
 0001:0003f110       ?Demo_SINSCNS@@YAXXZ       00440110 f   PSINS_Demo.obj
 0001:0003f460       ?Demo_IMUTempCompensate@@YAXXZ 00440460 f   PSINS_Demo.obj
 0001:0003f550       ?Demo_CVCFileFind@@YAXXZ   00440550 f   PSINS_Demo.obj
 0001:0003f570       ?Demo_DSP_main@@YAXXZ      00440570 f   PSINS_Demo.obj
 0001:0003f590       ?Demo_CONSOLE_UART@@YAXXZ  00440590 f   PSINS_Demo.obj
 0001:0003f960       ??1CConUart@@QAE@XZ        00440960 f i PSINS_Demo.obj
 0001:0003f9e0       ?Demo_COMMON_UART@@YAXXZ   004409e0 f   PSINS_Demo.obj
 0001:0003fb00       ??1CComUart@@QAE@XZ        00440b00 f i PSINS_Demo.obj
 0001:0003fb80       ?Demo_Cfg@@YAXXZ           00440b80 f   PSINS_Demo.obj
 0001:0003fd80       ?Demo_CPolyfit@@YAXXZ      00440d80 f   PSINS_Demo.obj
 0001:0003fff0       ?Demo_CAligni0@@YAXXZ      00440ff0 f   PSINS_Demo.obj
 0001:000402b0       ?Demo_SysClbt@@YAXXZ       004412b0 f   PSINS_Demo.obj
 0001:00040730       ?Demo_GKP@@YAXXZ           00441730 f   PSINS_Demo.obj
 0001:00040910       ?Demo_CIMUInc@@YAXXZ       00441910 f   PSINS_Demo.obj
 0001:00040a90       ?Demo_Extract_Txt_File@@YAXXZ 00441a90 f   PSINS_Demo.obj
 0001:00040c10       ?Demo_Extract_Txt_File_bin@@YAXXZ 00441c10 f   PSINS_Demo.obj
 0001:00040d80       ?Demo_operator_pointer_run_time@@YAXXZ 00441d80 f   PSINS_Demo.obj
 0001:00040fd0       ??0CFileIMU6@@QAE@PBD@Z    00441fd0 f i PSINS_Demo.obj
 0001:00041270       ?load@CFileIMU6@@QAEHHH@Z  00442270 f i PSINS_Demo.obj
 0001:00041380       ??0CFileIMUGNSS@@QAE@PBD@Z 00442380 f i PSINS_Demo.obj
 0001:00041580       ?load@CFileIMUGNSS@@QAEHH@Z 00442580 f i PSINS_Demo.obj
 0001:000415f0       ??0CFileRdSr49@@QAE@PBD@Z  004425f0 f i PSINS_Demo.obj
 0001:000416f0       ?load@CFileRdSr49@@QAEHH@Z 004426f0 f i PSINS_Demo.obj
 0001:000418b0       ?waitforgps@CFileRdSr49@@QAEHXZ 004428b0 f i PSINS_Demo.obj
 0001:00041920       ??0DataSensor49@@QAE@XZ    00442920 f i PSINS_Demo.obj
 0001:00041a30       ?getRegKeyValues@@YA_NV?$basic_string@DU?$char_traits@D@std@@V?$allocator@D@2@@std@@AAV?$list@V?$basic_string@DU?$char_traits@D@std@@V?$allocator@D@2@@std@@V?$allocator@V?$basic_string@DU?$char_traits@D@std@@V?$allocator@D@2@@std@@@2@@2@@Z 00442a30 f   SerialPort.obj
 0001:00041d40       ??0CSerialPort@itas109@@QAE@XZ 00442d40 f   SerialPort.obj
 0001:00041e90       ??1CSerialPort@itas109@@UAE@XZ 00442e90 f   SerialPort.obj
 0001:00041f80       ?InitPort@CSerialPort@itas109@@QAEHPAUHWND__@@IIDIIKIKKKKK@Z 00442f80 f   SerialPort.obj
 0001:00042520       ?CommThread@CSerialPort@itas109@@KGKPAX@Z 00443520 f   SerialPort.obj
 0001:00042980       ?StartMonitoring@CSerialPort@itas109@@QAEHXZ 00443980 f   SerialPort.obj
 0001:000429f0       ?ResumeMonitoring@CSerialPort@itas109@@QAEHXZ 004439f0 f   SerialPort.obj
 0001:00042a40       ?SuspendMonitoring@CSerialPort@itas109@@QAEHXZ 00443a40 f   SerialPort.obj
 0001:00042a90       ?IsThreadSuspend@CSerialPort@itas109@@QAEHPAX@Z 00443a90 f   SerialPort.obj
 0001:00042b00       ?ProcessErrorMessage@CSerialPort@itas109@@IAEXPAD@Z 00443b00 f   SerialPort.obj
 0001:00042bc0       ?WriteChar@CSerialPort@itas109@@KAXPAV12@@Z 00443bc0 f   SerialPort.obj
 0001:00042ef0       ?ReceiveChar@CSerialPort@itas109@@KAXPAV12@@Z 00443ef0 f   SerialPort.obj
 0001:000431b0       ?ReceiveStr@CSerialPort@itas109@@KAXPAV12@@Z 004441b0 f   SerialPort.obj
 0001:000434d0       ?GetDCB@CSerialPort@itas109@@QAE?AU_DCB@@XZ 004444d0 f   SerialPort.obj
 0001:00043510       ?GetCommEvents@CSerialPort@itas109@@QAEKXZ 00444510 f   SerialPort.obj
 0001:00043540       ?GetWriteBufferSize@CSerialPort@itas109@@QAEKXZ 00444540 f   SerialPort.obj
 0001:00043570       ?IsOpened@CSerialPort@itas109@@QAEHXZ 00444570 f   SerialPort.obj
 0001:000435b0       ?ClosePort@CSerialPort@itas109@@QAEXXZ 004445b0 f   SerialPort.obj
 0001:00043770       ?WriteToPort@CSerialPort@itas109@@QAEXPADI@Z 00444770 f   SerialPort.obj
 0001:00043860       ?WriteToPort@CSerialPort@itas109@@QAEXPAEI@Z 00444860 f   SerialPort.obj
 0001:00043950       ?GetVersion@CSerialPort@itas109@@QAE?AV?$basic_string@DU?$char_traits@D@std@@V?$allocator@D@2@@std@@XZ 00444950 f   SerialPort.obj
 0001:000439f0       ??0CSerialPortInfo@itas109@@QAE@XZ 004449f0 f   SerialPort.obj
 0001:00043a20       ??1CSerialPortInfo@itas109@@QAE@XZ 00444a20 f   SerialPort.obj
 0001:00043a50       ?availablePorts@CSerialPortInfo@itas109@@SA?AV?$list@V?$basic_string@DU?$char_traits@D@std@@V?$allocator@D@2@@std@@V?$allocator@V?$basic_string@DU?$char_traits@D@std@@V?$allocator@D@2@@std@@@2@@std@@XZ 00444a50 f   SerialPort.obj
 0001:00043b20       ??0?$basic_string@DU?$char_traits@D@std@@V?$allocator@D@2@@std@@QAE@ABV?$allocator@D@1@@Z 00444b20 f i SerialPort.obj
 0001:00043b70       ??0?$basic_string@DU?$char_traits@D@std@@V?$allocator@D@2@@std@@QAE@ABV01@@Z 00444b70 f i SerialPort.obj
 0001:00043bd0       ??0?$basic_string@DU?$char_traits@D@std@@V?$allocator@D@2@@std@@QAE@PBDABV?$allocator@D@1@@Z 00444bd0 f i SerialPort.obj
 0001:00043c30       ??1?$basic_string@DU?$char_traits@D@std@@V?$allocator@D@2@@std@@QAE@XZ 00444c30 f i SerialPort.obj
 0001:00043c70       ??4?$basic_string@DU?$char_traits@D@std@@V?$allocator@D@2@@std@@QAEAAV01@ABV01@@Z 00444c70 f i SerialPort.obj
 0001:00043cb0       ?c_str@?$basic_string@DU?$char_traits@D@std@@V?$allocator@D@2@@std@@QBEPBDXZ 00444cb0 f i SerialPort.obj
 0001:00043d00       ??0?$list@UserialPortBuffer@@V?$allocator@UserialPortBuffer@@@std@@@std@@QAE@ABV?$allocator@UserialPortBuffer@@@1@@Z 00444d00 f i SerialPort.obj
 0001:00043d60       ??1?$list@UserialPortBuffer@@V?$allocator@UserialPortBuffer@@@std@@@std@@QAE@XZ 00444d60 f i SerialPort.obj
 0001:00043de0       ?size@?$list@UserialPortBuffer@@V?$allocator@UserialPortBuffer@@@std@@@std@@QBEIXZ 00444de0 f i SerialPort.obj
 0001:00043e10       ?push_back@?$list@UserialPortBuffer@@V?$allocator@UserialPortBuffer@@@std@@@std@@QAEXABUserialPortBuffer@@@Z 00444e10 f i SerialPort.obj
 0001:00043e60       ??0iterator@?$list@UserialPortBuffer@@V?$allocator@UserialPortBuffer@@@std@@@std@@QAE@XZ 00444e60 f i SerialPort.obj
 0001:00043ea0       ??0?$list@V?$basic_string@DU?$char_traits@D@std@@V?$allocator@D@2@@std@@V?$allocator@V?$basic_string@DU?$char_traits@D@std@@V?$allocator@D@2@@std@@@2@@std@@QAE@ABV?$allocator@V?$basic_string@DU?$char_traits@D@std@@V?$allocator@D@2@@std@@@1@@Z 00444ea0 f i SerialPort.obj
 0001:00043f00       ??0?$list@V?$basic_string@DU?$char_traits@D@std@@V?$allocator@D@2@@std@@V?$allocator@V?$basic_string@DU?$char_traits@D@std@@V?$allocator@D@2@@std@@@2@@std@@QAE@ABV01@@Z 00444f00 f i SerialPort.obj
 0001:00043f90       ??1?$list@V?$basic_string@DU?$char_traits@D@std@@V?$allocator@D@2@@std@@V?$allocator@V?$basic_string@DU?$char_traits@D@std@@V?$allocator@D@2@@std@@@2@@std@@QAE@XZ 00444f90 f i SerialPort.obj
 0001:00044010       ?empty@?$list@V?$basic_string@DU?$char_traits@D@std@@V?$allocator@D@2@@std@@V?$allocator@V?$basic_string@DU?$char_traits@D@std@@V?$allocator@D@2@@std@@@2@@std@@QBE_NXZ 00445010 f i SerialPort.obj
 0001:00044050       ?push_back@?$list@V?$basic_string@DU?$char_traits@D@std@@V?$allocator@D@2@@std@@V?$allocator@V?$basic_string@DU?$char_traits@D@std@@V?$allocator@D@2@@std@@@2@@std@@QAEXABV?$basic_string@DU?$char_traits@D@std@@V?$allocator@D@2@@2@@Z 00445050 f i SerialPort.obj
 0001:000440a0       ?clear@?$list@V?$basic_string@DU?$char_traits@D@std@@V?$allocator@D@2@@std@@V?$allocator@V?$basic_string@DU?$char_traits@D@std@@V?$allocator@D@2@@std@@@2@@std@@QAEXXZ 004450a0 f i SerialPort.obj
 0001:00044100       ?assign@?$basic_string@DU?$char_traits@D@std@@V?$allocator@D@2@@std@@QAEAAV12@ABV12@@Z 00445100 f i SerialPort.obj
 0001:00044150       ?assign@?$basic_string@DU?$char_traits@D@std@@V?$allocator@D@2@@std@@QAEAAV12@ABV12@II@Z 00445150 f i SerialPort.obj
 0001:000442d0       ?copy@?$char_traits@D@std@@SAPADPADPBDI@Z 004452d0 f i SerialPort.obj
 0001:00044310       ?size@?$basic_string@DU?$char_traits@D@std@@V?$allocator@D@2@@std@@QBEIXZ 00445310 f i SerialPort.obj
 0001:00044340       ?assign@?$basic_string@DU?$char_traits@D@std@@V?$allocator@D@2@@std@@QAEAAV12@PBD@Z 00445340 f i SerialPort.obj
 0001:00044390       ?length@?$char_traits@D@std@@SAIPBD@Z 00445390 f i SerialPort.obj
 0001:000443d0       ?_Nullstr@?$basic_string@DU?$char_traits@D@std@@V?$allocator@D@2@@std@@CAPBDXZ 004453d0 f i SerialPort.obj
 0001:00044400       ?_Tidy@?$basic_string@DU?$char_traits@D@std@@V?$allocator@D@2@@std@@AAEX_N@Z 00445400 f i SerialPort.obj
 0001:000444e0       ??0const_iterator@?$list@UserialPortBuffer@@V?$allocator@UserialPortBuffer@@@std@@@std@@QAE@XZ 004454e0 f i SerialPort.obj
 0001:00044510       ?begin@?$list@V?$basic_string@DU?$char_traits@D@std@@V?$allocator@D@2@@std@@V?$allocator@V?$basic_string@DU?$char_traits@D@std@@V?$allocator@D@2@@std@@@2@@std@@QAE?AViterator@12@XZ 00445510 f i SerialPort.obj
 0001:00044570       ?begin@?$list@V?$basic_string@DU?$char_traits@D@std@@V?$allocator@D@2@@std@@V?$allocator@V?$basic_string@DU?$char_traits@D@std@@V?$allocator@D@2@@std@@@2@@std@@QBE?AVconst_iterator@12@XZ 00445570 f i SerialPort.obj
 0001:000445d0       ?end@?$list@V?$basic_string@DU?$char_traits@D@std@@V?$allocator@D@2@@std@@V?$allocator@V?$basic_string@DU?$char_traits@D@std@@V?$allocator@D@2@@std@@@2@@std@@QAE?AViterator@12@XZ 004455d0 f i SerialPort.obj
[...]
FIXUPS: 5cd85 8c 14 26f 19 1c 13 2a 3a 10 13 16 26 1e 41 93 20 68 82 10
FIXUPS: 5d3db 10 30 10 fffff3a6 21 21 1d1b 37 fffffc5f 2bf 2d 2f fffffaff
FIXUPS: 5e007 19 2c fffffd2e 85 69 33 8c 34 fffffd06 72 13 24 17 fffffdcd
FIXUPS: 5db19 fffffd4d 2a 44 4b fffffe4d 2a 44 4b ffffff11 1c05 52 35 140
FIXUPS: 5f07e 5f fffffbaa 4d 40 40 43 4d 40 43 50 50 4d 65 60 fffffb20
FIXUPS: 5e614 2a0 5a 34 37 60 21 20 1d 11 15 15 1ef7 2d 9b 32 43 c 10 c
FIXUPS: 5fe2a 14d eb 1c8 8c 152 6d 238 13 fffff1f7 21 35 35 13a c 10 c
FIXUPS: 5facb 6c fffffc80 1d fffffe7b fffffb63 48 2c4c c 21 fffff822 19
FIXUPS: 61787 13f 9e fffff9e4 70 4f 1df fffffa1f a7 fffffc9d 73 1c 1f 49
FIXUPS: 60e51 71 5f 1d c 47 fffffd4f 43 ffffff4b fffffba4 43 33 24 fffe645d
FIXUPS: 46d0e 5 16 50 fffffb2f 1be6e fffffb6f 79 81 12 42 2f 87 fffffd66
FIXUPS: 61fb6 fffffaae 45 29 3a 40 3e 33 4b 59 5a c 19 42 3c a7 19 fffe4ba3
FIXUPS: 469cf 44 f 1c4f2 b fffe3b2c 13 21 4e 16 1c451 b fffe3be5 1d e 1c
FIXUPS: 46b7e 21 49 13 e 1c34b b fffe3cd0 35 1d e 1c 13 21 25 fffbb6cd
FIXUPS: 23dc 10 c c 27 3c d 2e 10 37 18 71 10 4f 13 13 56 16 13 13 13 4424c
FIXUPS: 468fb e 1c5cb b fffe3a65 19 1c597 b fffe3a9f fffbb6ff 44 11 11
FIXUPS: 2114 f 8 c 15 11 d 1b 14 10 3f 17 36 17 f 1a 2f 10 30 1a 37 17
FIXUPS: 2387 7 c e b 10 fffff640 20 25 18 34 10 30 1a 37 17 35 c 12 b e
FIXUPS: 1bb9 b 15 c 1b 17 cd 10 b1 10 31 10 64 10 35 38 162 fffff296 85
FIXUPS: 1399 30 ba 13 e3 5 d 73 10 149 6d 3b 1c f f b 10 31 e 17 3b e 17
FIXUPS: 1948 17 34 c 11 11 f ea8 7 7 7 7 7 31 ca 2a 44 7 12 2b 17 f 12
FIXUPS: 2a9a 5fcec fffa03cb d 2b 5 d 33 10 39 1a ffffe3fe 19 3f b8 d3 3c0bc
FIXUPS: 3d2de fffc5430 74 a a a a a a a a a a a a a a a 7 7 7 7 5 7 7 7
FIXUPS: 2855 7 7 7 7 3a309 15 48 25 d ef 19e 7c 89 22 35 13 36 13 120 12
FIXUPS: 3d192 12 12 12 12 12 12 12 12 12 17 a d 27 5 d ffffdbfd 3a8 10
FIXUPS: 3b3eb 1e 2c 16 11c 1c 3f 10 be 34 42 39 21 1f e 1c 49 93 30 2d
FIXUPS: 3b92c 2a 13 2d 75 30 b6f 1b8 3ff ffffd612 12 a e 23 f 18 10 42
FIXUPS: 3a262 10 1e 36 16 10 8b f a 81 b7 280 d 2c 13 3b 29 1c d 55 2b
FIXUPS: 3a8ae 54d ffffedb3 e 1f 51 7e 16 49 1c 4e e 15 11 2a 28b99 b fffd7474
FIXUPS: 39e11 20 a 40 43 10 bf 8b 29 a 23 54 10 38 1d 3d fffff46e 49 f
FIXUPS: 3963c a e a 3f 3c 20 f c 1e 1b 31 16 8 10 5f 3d 88 55 c7 61 25
FIXUPS: 39a94 26 23 10 59 2b d ffffefbd 4d 1e 10b a1 17 55 52 7 9 32 2e
FIXUPS: 3908c 27 184 3b 100 3b 54 22 37 d 4c e 15 11 2a 29439 b fffd6bd4
FIXUPS: 39560 55 fffff022 18 18 17 28 41 1f 19 10 43 28 1a 1e 13 2c 15
FIXUPS: 387dc 10 1e a d 21 10 85 7 7 7 7 7 7 7 d fffff61b 17 b8 ae af 85
FIXUPS: 38231 1f 31 27 c9 16 3c 14 14 19 d 43 19 1c 16 16 16 16 16 26 a
FIXUPS: 3853a 10 46 18 18 fffff3fe 2e 23 26 9 3c 2aeab c fffd51af 26 13
FIXUPS: 37b5f 4f ac 9 43 30 80 13 30 e e 29 9 13 45 e e 15 10 3d 5c fffff1b5
FIXUPS: 37192 f5 31 1f 31 2a 6f 67 3a 30 2f 1e 1d 24 b 86 24 35 c0 4a 2f
FIXUPS: 37751 1a 19 35 1a 26 40 1a 3a 10 ffffefde a7 9c 72 a7 4b 1f 31
FIXUPS: 36b99 a5 45 46 1e 3d 42 43 c 26 20 24 29 21 30 e 66 9 13 44 12
FIXUPS: 36f9e 1f 1f fffff3e8 38 b3 19 17 7 7 7 7 1f 48 2a 3b 1d 1c 31 e
FIXUPS: 3664d 19 13 30 e e 29 9 13 45 e e 15 10 3b fffff74c 19 43 10 49
FIXUPS: 3607b 23 57 1c 6 b 29 6 3a 22 6a 7 10 7 4c 7 10 7 18 21 d 10 4a
FIXUPS: 3634c 33 10 a fffff7ab a 2b 51 7 7 d 40 22 1b 21 18 a 7 7 1b 16
FIXUPS: 35cf7 25 13 35 4d 27 13 48 7 7 c 2f 2a 3c 1f fffff7bc 2f 2a 3c
FIXUPS: 35771 16 19 43 10 49 af 23 4d 7 10 7 4b 7 10 7 18 21 d 10 3e d
FIXUPS: 35a93 10 a 4a d 30 fffff742 2b b b b b b e e e e e 2c e e c 10
FIXUPS: 353c8 b4 65 d 10 10 5d 4a 20 4c 27 13 48 7 7 fffff76c e4 19 3d
FIXUPS: 34f67 3c a6 10 44 d 10 10 a 40 10 a 7 38 34 b b b b b e e e e e
FIXUPS: 3524a e e fffff67a 2c e e e e 14 10 4a 12d 1f 5c 1e 2b 2d 59 d
FIXUPS: 34c6a a 10 31 3d c 23 24 7 9 16 2b 2c 16 2f fffff665 10 4d 9 1c
FIXUPS: 345c1 d 9a f 2f 5e 10 28 22 7 28 22 7 25 3b 2e b b b b e e e e
FIXUPS: 348b6 e e fffff569 22c 13 f 15 15 15 93 75 74 13 22 46 1f 36 b
FIXUPS: 3432a b b e 2c e 18 10 34 b b b b e 2c e fffff367 28 11 2c 32 49
FIXUPS: 338a5 f d 47 18 4c 24 2ef47 c d c fffd1109 27 17 2eec4 b fffd116b
FIXUPS: 33c79 a5 2f 35 1d 27 2f 14 18 fffff205 10 2da 15 4a e e 23 29 3d
FIXUPS: 33472 2f413 c fffd0c2e 22 3c 19 c 3b 16 15 27 37 29 50 40 28 f
FIXUPS: 33769 2f13e c b fffd01b4 1d 2fda6 b fffd02b3 9 11 e 37 1d 2fcf6
FIXUPS: 62870 fffd0338 2b 9 14 4f 2b 70 f 15 7a 1e 1b 3c 10 df 19 5e 2c
FIXUPS: 32f94 1d fffff45f 3d 13 3d 13 3d 13 3d 13 48 13 4a 27 49 28 48
FIXUPS: 3270a 4b 43 4d 1e 2b 53 1e 2b 51 1e 2e ac 9 11 e fffff43c 31 29
FIXUPS: 31ee4 13 7b 1d 15 72 31 20 15 13 55 1a 88 1a 3f c 1a 17 17 1c 4b
FIXUPS: 322af 1a 58 3c 13 3d 13 3d fffff42a 52 d 10 5b d 10 6e d 10 75
FIXUPS: 31a1d 10 68 34 34 d 10 ac 15 14 10 57 29 19 6e 21 1d 15 77 31 45
FIXUPS: 3135c 27 6a 58 16 6f 40 c 2f 11 1d 10 32 13 23 43 c 1a 22 10 28
FIXUPS: 316d3 d 1f 46 d 10 43 d 10 48 d fffff531 7 7 7 1d 42 13 3d 13 3d
FIXUPS: 30e6f 3d 13 4b 13 4d 13 e4 13 14 3d 13 14 28 21 d 13 37 21 1a 56
FIXUPS: 31241 fffff7c9 7 7 7 d 47 13 46 c 7 7 d 4c 20 c 7 7 7 10 67 a 11
FIXUPS: 30c1e 7 7 7 10 44 13 8b 15 7 fffff968 7 7 7 d 63 12 5f 12 54 7
FIXUPS: 30813 d 79 7 7 7 7 7 45 7 7 7 7 7 d 46 c 7 7 d 65 fffff77a 8d 11
FIXUPS: 30258 44 13 3d 13 3d 13 3d 13 4b 13 4d 13 49 13 dd 7 7 7 7 7 7
FIXUPS: 305d5 4e 7 7 7 d 58 fffff161 64 5e 26 23 3c 100 f2 1b3 40 5a 25
FIXUPS: 2fe24 30 15 e 1a 26 13 53 25 32 21 e 1d 48 4b 11 10 59 2a 76 fffff028
FIXUPS: 2f1b4 13 29 1c 31 18 32 1c 2a 18 32 1c 2a 20 10 75 15 13 42 19
FIXUPS: 2f4c0 73 27 13 15 1d 2a 2e 2d 20 11f fffff474 59 a 41 7 d 12 ae
FIXUPS: 2ed7c 9 27 ce 7 d 10 1f 7 19 63 7 d 10 1f 7 19 43 48 90 54 38 c
FIXUPS: 2f176 fffff0bb 7d 4b 2c 20 28 3b3 12 f 8 f 1b 25 45 e e 1d 10 119
FIXUPS: 2e96c 19 19 19 f 10 98 1c bc 1d 37 20 d fffff048 b 26 57 34 37
FIXUPS: 2dd33 22 15 32 a 49 21 7 2a f 2c a 38 44 a 29 10 d f 13 167 40
FIXUPS: 2e129 16 4e 58 fffff11b 144 27 d 15c 1c4 27 a 35 6 46 30 a 45 30
FIXUPS: 2d903 36 2a 37 b e e 10 51 4e 7 35 8d 3a 84 8 8 fffff21a 10 3e
FIXUPS: 2ce8e 2b 28 d 25 22 37 10 16 1f 22 2a a 13 1b f f 26 129 1c 40
FIXUPS: 2d216 18 e e e 10 58 33 fffff806 28 a 7 2b 25 16 d a 38 55 19 1c
FIXUPS: 2cc97 10 a 7 d 2e 19 38 2d b b b b 10 34 b b b b fffff613 65 10
FIXUPS: 2c4b9 19 b8 2a 25 a 7 32 f0 36 2e 23 1c 25 36 28 3d 1c 24 28 a
FIXUPS: 2c8e8 38 c5 1d 29 41 4b 1e fffff2b6 56 7 138 a d a 22 3c 14 8 37
FIXUPS: 2c011 43 25 23 f 12 25 12 18 2f 1f 3a e e e e 16 10 e4 128 fffff362
FIXUPS: 2b7b4 27 16 61 a 25 2b 2a 5d 72 10 a2 13 13 35 1b 33 a 30 16 22
FIXUPS: 2bbb2 a d a 7 28 2b 32 10 6f fffff528 30 12 12 3c f d 47 9 d 8b
FIXUPS: 2b3f0 7 1e 42 5f 28 27 2f 33 103 d 5b e e e e e e e e e fffff2e3
FIXUPS: 2aa64 16 1c c3 19 31 37 10 31 10 1c 4e 38 58 61 ff 4c 59 38 10
FIXUPS: 2afc9 2b 28 33 d 27 7 2d 13 b7 63 fffff317 10 c7 1b 13 7 32 16
FIXUPS: 2a671 19 27 25 4f 30 7 13 7 36 16 2f d 19 d 25 b7 19 30 3b 16 37
FIXUPS: 2a9e7 36 fffff219 16 30 58 a d a 7 32 32 a 32 16 2d 13 16 3b 44
FIXUPS: 29e91 d a 7 28 2b 2a 34 430 5b 77 45 1e f fffff2e4 a 32 16 2d 13
FIXUPS: 29860 3b 19 28 2a 2b 34 39 22 27 7 32 27 7 2f 16 2a 16 2d 20 32
FIXUPS: 29b82 16 32 32 a fffff0ec d 256 13 9 c 20 1d a d8 62 4c d0 11 16
FIXUPS: 29251 2ca 22 27 7 32 26 7 39 1d 2f 4c 33 a 4a 30 33 fffff35f e
FIXUPS: 28b00 e e e e e e e e e e e e e e e e e e e e e e e e 14 14 1c
FIXUPS: 28ca4 42 fffffbe0 e e e 14 14 1d c 10 51 e e e e e e e e e e e
FIXUPS: 28a4a e e e e e e e e e e fffffc30 e e e e e e e e e e e e e e
FIXUPS: 287d8 e e e e e e e e e e e e e e e e fffffc1e e e e e e e e e
FIXUPS: 28554 e e 14 14 29 a c 10 5b e e e e e e e e e e e e e fffffc1e
FIXUPS: 28324 e e e e e e e e e e e e e e e e e e e e e e e e e e e e e
FIXUPS: 284c8 fffffa85 4f d 15 d a 32 21 7 3c 7 d a 16 5f 7 13 21 1e 7
FIXUPS: 2816b 15 d a 42 99 50 e e e e e fffff56d 10 2dc 96 b b b b b e
FIXUPS: 27c4a e e 2c 72 10 36 4a 5f 36 7 16 38 7 28 7 f 10 40 d 19 7 fffff4eb
FIXUPS: 27436 6c 18 18 15 16 16 14 30 a 29 a d a 1c 16 17 16 17 16 17 16
FIXUPS: 27696 46 1c 44 1c 4f 1c 54 1c fffff729 2e 7 c 15 15 15 15 18 17
FIXUPS: 2706c 27 27 1c 54 de 6a 14 10 4d 16 10 10 3a 7 39 a 7 1c 19 2c
FIXUPS: 27418 fffff74f 45 42 42 7 3a 10 1e a 1a 2e 1d 1d c 30 1d 1d c 30
FIXUPS: 26dfa 1d c 30 26 26 7 7 27 19 18 e 2b fffff2d2 ea 2f 59 c 29 c
FIXUPS: 263df 1c 5b 1c 1d 16 2f 25 7 35 a 16 7 68 f 50 3ac 24 2d 2d 37
FIXUPS: 26a9e 19 c 98 fffff05c 3c 10 26 23 23 27 2d 30 2d 2d 30 2d 2d 30
FIXUPS: 25e2c 69 33 67 4d c 15 15 f d1 3d 69 4a 25 7 33 28 ffffee7c e e
FIXUPS: 250af e e e e e e e e e e e e e e e e e e e e e e e e e 15 3f0
FIXUPS: 25ba7 ffffebc2 e 20 10 9e 6b d 5a 44 18 43 415 73 7 1c 92 4d 33
FIXUPS: 24f91 1b 1c 29 b b e e e e e e e e ffffea0d 37 1af 9b 28 5e af
FIXUPS: 23e66 1e2 1f aa 1c 2c 5d 5e 2de 1f 4b 41 10 47 3c 41 10 47 3f e
FIXUPS: 24723 e e e e ffffedab 4a 2a 2a 1d 4c 1a 1a d 45 1c 1d d 40 c d
FIXUPS: 2379f 1c 63 1c 81 1c 48 13 a 1b 16 1f 16 1f 40 10 fffff61c 34 3a
FIXUPS: 23106 38 1b 24 7 7 22 3a 8 17 1f 2d 26 10 38 12 7 29 22 30 2a 10
FIXUPS: 233c6 12 7 aa 13 45 18 fffff3c0 19 4b 67 4d 34 25 28 10 2f 19 45
FIXUPS: 22b08 41 b1 bc 81 33 31 d 3b d 71 2e a 19 43 4c 34 1c 25 12 fffff0c3
FIXUPS: 220db 13 41 20 1a 27 1c 10 43 113 11c 10e a5 75 38 31 29 18 10
FIXUPS: 22743 26 18 38 1b 1f 16 d 16 10 45 2e ffffefe1 71 2e a 19 43 ec
FIXUPS: 21a8e 51 6a 1e 31 47 31 a 25 26 10 13 13 16 22 10 224 38 1c 30
FIXUPS: 21fb7 7 7 5c 62 fffff0ca e 19 6b e e e 88 17 17 12 1f 1c 12 1b
FIXUPS: 21354 19 42 32 b7 c8 bd 81 b8 3b 31 2c 20 27 a 10 34 fffff5b7 1d
FIXUPS: 20e69 27 10 19 f 1f 52 2e 10 10 8c 74 7 7 7 7 7 7 7 7 7 7 7 7 7
FIXUPS: 210e9 7 d 34 e fffff310 e e e 71 73 d 4e 41 2b 24 ff 1b 5f d 44
FIXUPS: 20a3e 43 7 16 80 a d 10 6d b9 d0 34 61 26 f 26 fffff37e 30 16 16
FIXUPS: 2022a 37 e e e e e e e e e e e e e e 19 77 e e e e e e e e e e
FIXUPS: 1fd0f 42 2e a 19 4b 10 60 21 d 47 2c 1a 1e 15 21 13 28 1a 1e 17
FIXUPS: 20021 2b 27 2f 1d 10 50 25 13 13 29 fffff34a 19 a 13 11 16 12 20
FIXUPS: 1f5af 17 12 35 78 d1 e7 d8 8c 8e 38 31 27 a2 16 42 a4 f 12 25 19
FIXUPS: 1fccc 23 10 fffff326 16 4e 2b 26 d 4a 13 19 22 85 1c 19 21 10 42
FIXUPS: 1f2d2 36 18 10 31 e e e e 19 73 e e e e 5c fffff543 8 10 10 14
FIXUPS: 1ea54 12 1a 43d87 b fffbc29f e e 19 39 e e 20 12 31 10 4f 26 18
FIXUPS: 1ec4b 42 c3 c6 80 63 38 31 fffff023 a6 58 137 87 12 3a 18 34 13
FIXUPS: 1e305 19 b4 175 77 36 12 16 2e 70 34 3a 18 56 28 2a 8c 2c 11 55
FIXUPS: 1e96d 7f ffffef2d 30 3b 30 65 24 20 44d6a d e e c fffbb27d 4f 10
FIXUPS: 1db72 12 1f 44 9 cd ca e 7e 51 38 31 2a 15 10 3d 13 fffff3da 47
FIXUPS: 1d3d4 47 47 47 29 2f 13 13 3a 13 13 3a 13 13 57 14 2a c d 55 1f
FIXUPS: 1d739 1f 2d 59 28 c 2f 69 5a fffff407 34 33 16 85 7d 7f 3f 36 29
FIXUPS: 1cfcf 29 10 29 e 5a 61 e 32 47 1e b 39 22 2f 22 42 46 454b7 b b
FIXUPS: 627b7 fffba1cc 18 2b 37 58 53 20 5b 34 1f 7 7 7 7 7 7 7 7 38 1f
FIXUPS: 1cc2a 10 7 7 7 7 7 7 7 7 10 60 fffff7d7 38 b8 10 13 16 13 27 2b
FIXUPS: 1c672 13 16 13 18 24 1f 1f 10 16 1d 4b 18 18 17 18 16 15 25 9b
FIXUPS: 1c91c 36 1a fffff400 2c 10 16 29 11 15 10 7b e 12 191 3b 10 16
FIXUPS: 1c0d7 192 3e 10 16 25 4b 2b 2a 10 13 18 10 13 44 16 36 ffffeda6
FIXUPS: 1b263 80 27 85 8a 8b 10 31 e e e 44 33 2f 10 74 32 9 43 2e 78 1f
FIXUPS: 1b797 19 21 16f 174 cd 33 17a 2d ffffee4b d a0 17 a9 17 122 45
FIXUPS: 1aeb3 46 1e 1a 10 aa 7 7 7 7 7 7 7 7 7 7 d 64 29 54 34 33 3d 32
FIXUPS: 1a3c6 3f 1f 1a 18 17 18 18 80 e4 18 81 1c 156 1c 92 15 2a a5 1c
FIXUPS: 1a9dc 40 2f 1a 1e 13 2f 1a 1e 17 33 2c fffff096 28 f 111 16 e3
FIXUPS: 19e60 35 28 e3 16 f 43 39 39 36 31 39 38 bf 10 4d 19 2a 1f 16 13
FIXUPS: 1a30f 24 22 16 10 ffffea2a 2a 3f d 3f 41 163 157 15f 169 154 c0
FIXUPS: 1978e 45 38 31 2a 151 16 40 2c 15 13 2c 19 22 19 18 3a 40 43 22
FIXUPS: 18032 10 28f e e 19 33 e e a5 51 d1 1f 1f 1f 1f 1f 3f 19 11 10
FIXUPS: 1866b 1f 12 2d 155 168 154 c1 15c 45 38 ffffee25 4e 19 2f 7 31
FIXUPS: 17c6e 41 38 f 16 19 f 10 3c 17 26 43 17 26 1c 38 17 24 28 2b 2a
FIXUPS: 17f77 2f 33 35 10 ffffed77 3d 39 233 53 2c 14 1b 1f1 99 61 da 35
FIXUPS: 1756f 19 2b 2b 1fe d1 8e 19 f 72 f 42 26 5c 23 f 34 3b 2e ffffecba
FIXUPS: 1683f e e e e e e e 21 19 36 e e e e e e e e 21 19 3e 20 61 32
FIXUPS: 16acb ac a7 66 d c8 ffffe7d7 8 e 33 16 629 6 13 57 71 17c 128 ab
FIXUPS: 163b3 18 18 22 5c 112 35 4c 2c 11 10 da a d 34 39 10 44 10 ffffe6e5
FIXUPS: 14f07 5c 12 1f 1f 1f ad d 157 d 19 25 b b 14 8d 22 19 2c 7 26 22
FIXUPS: 153a2 52 2c 50 2f f 13 16 f fffff3e6 33 22 12b 37 40 1b 1b d 3d
FIXUPS: 14b5e 1b d 13 25 38 20 7 24 2e 27 7 26 f 29 a1 72 12 1f 1f 59 12
FIXUPS: 141f2 1c 10 10 1b 63 45 32 30 60 47 28 47 47 2b 28 2e 5a 2e 2e
FIXUPS: 14628 8f 1c 1c 1c 1c 73 57 18 10 5c 26 fffff78f e e e e e e e e
FIXUPS: 140a8 e e e e e e e e e e e e e e e e e e e e e e fffffc50 e e
FIXUPS: 13e56 e e e e e e e e e e e e e e e e e e e e e 16 19 39 e e e
FIXUPS: 1401c fffff97a 1a 1b 1b 1a 1b 1b 1a 1b 1b 1a 1b 1b 22 10e 46 46
FIXUPS: 13cd8 46 33 33 e e e e e e e e e e e fffff7b2 18 1b 1a 1b 1b 1f
FIXUPS: 136b0 18 1b 1a 1b 1b 1a 1b 1b 1f 3e 18 1b 1a 1b 1b 1a 1b 1b 1a
FIXUPS: 138e8 1b 1f 41 18 ffffeb00 10 1ed 59 88 d 3d4 d 15e a6 a3 93 81
FIXUPS: 12f3d 10 16f d 225 18 10 31 d 47 4f 5d 19 64 3a 42 18 1b 1f ffffe155
FIXUPS: 116f5 e e 17 3e 44 25 43 1f 18 e 35 285 f c1 f 26e f 78 f 60 16
FIXUPS: 12239 2f e9 11 10 46 2a 1a 61 ffffddfa 30 10 30 10 997 20d 9e 86
FIXUPS: 110a1 17 19 41 18 4b 43 a8 47 c 3c 19 12 99 9 54 c 22 233 e e e
FIXUPS: 116ab ffffd3b4 1e d a 30 1e d a 33 25d 64 94 275 13 43e 11f 13
FIXUPS: f6ab 171 6d 6e 72 6e 50 91 140 13 237 b1 12f d6 14f ffffe4fe 14
FIXUPS: e781 17 13 22 22 1a 10 39 7 13 d 21 43 7 7 7 13 10 2f a 7 10 2f
FIXUPS: e99e 7 10 16 23 1b 2b fffff7f3 10 41 97 1a 2c 82 12 28 4f 19 80
FIXUPS: e504 2c 2f 2b 32 6 24 43 7 d a 13 10 36 a 7 10 2f a 10 ffffe242
FIXUPS: cad9 2d b1 67a 7c d0 7e 4a8 7c 4d 1e 1e d 3e a1 ee 9e 19 71 fc
FIXUPS: df55 20 d 17 34 96 16 34 93 a7 10 ffffd6a7 57 5d 5e 236 13 83 2b
FIXUPS: be7d 28 d 17 32 1a5 19 29 13 19 1c 48 10b 1c 32 af af 32 af 1f
FIXUPS: c55b 8f 27f 2d ffffe614 1f 39 ff 31 15f f1 8 10 40 10 24 1d 9 17
FIXUPS: b360 ba 1e 16 138 46 26 2d a 7 7 20 76 e2 66 19 25 ffffec69 34
FIXUPS: a4fa 7 1c 35 b b b 1d 289 32 22 35 30 b b b 1d 18d 32 22 35 2c
FIXUPS: ac7b 3f 4e 1f 45 1c 62 1f fffff120 1f bb 21 b 2f 2f 26 c3 9b 39
FIXUPS: a262 f f 11 27 10 a d 35 36 1b a d 2f 46 21 e 21 11 1f 44 fffff409
FIXUPS: 9901 25 26 1a 21 24 b 25 3c d 22 26 1b 27 b 20 23 3b d 22 2d 1a
FIXUPS: 9bf0 61 7 1f 5d 8d 8d 72 77 fffff4a0 13 e 7c 49 1f 3b 13 13 13
FIXUPS: 9503 13 e a4 4b 22 34 15 16 16 16 16 e 9c 37 d 22 26 1e b 24 24
FIXUPS: 87c0 1c 61 1c 3e 13 5a 6b 56 1f 2d 13 4b 1c d6 81 81 81 81 31 232
FIXUPS: 8fe7 b0 1c 2f a5 11d 2e 59 13 13 13 ffffe851 c 21 a d 22 3b 46
FIXUPS: 7ca8 3f 10 22 34 47 22 e 1c 37 38 5a b6 1f 96 1f 34 19d 33 a5 1db
FIXUPS: 855c c1 1f fffff23e 19 12 18 14 f 52 d 10 3b 43 1f 1f 1f 1f 1e
FIXUPS: 7a81 1a 1a 1a 29 15 a 15 a 15 c b 15 a 15 a fffff03a 3f 1c 37 1f
FIXUPS: 6caa 66 1c 35 8 14e 45 28 1f 60 50 2f 68 23 4b 7 1f 39 10 a 22
FIXUPS: 71c4 10 1f 34 30 22 fffff1e8 29 e 1f 52 18 c 17 2d 31 7 1f 32 14
FIXUPS: 66bb 1e1 d 1f 1f 45 1f 1f 3d d 10 49 1d 14 51 7 1f 2c fffff52e
FIXUPS: 601c 10 a 1f 1f 20 10 e 21 d a 1f 46 26 1b 14 14 d 2c 20 b 21 d
FIXUPS: 6265 a d 22 96 1c 3a ab fffff2a7 30 e 42 42 42 32 27 29 29 27 1c8
FIXUPS: 5a80 10 125 12 b 21 13 12 b 1c 33 8 242 3e 20 6 5d 7 10 2f fffff202
FIXUPS: 51d4 19 4e 18 a 2f 56 31 29 13 13 5f 3e 13 13 23 33 1f 3c 15 16
FIXUPS: 5517 23 5c 1f 32 10 1f 26 e 42 fffff619 19 13 4b 1f 3c d 22 81
FIXUPS: 4e46 33 15 16 16 69 1f 60 15 2e 52 41 1f 37 d 1f 4e 11 6 18 1a
FIXUPS: 51b0 6 ffffec1b 307 1c 51 1c 13d 1f 37 13 12 b 1c ac cb 2d 13 12
FIXUPS: 4514 1c 82 8 1c7 54 10 28 41 189 10 169 1c 64 1c ffffe658 3a d6
FIXUPS: 3376 4e 22 34 22 25 22 2b 19 37 32 13 30 d 436 13 6c 1c 64 1c 8c
FIXUPS: 3b79 64 1c be 1c 5a 1c 6c fffff076 2e 11 d 22 d 34 11 24 10 2a
FIXUPS: 2f56 2c d 2a 5 d 51 d 35 10 30 d 2e 5 d 33 d 33 10 30 d 3f5ba 55
FIXUPS: 428a6 49 1c 36 b b e e e e 10 2a 5 d 33 10 fffc023b d 2c 11 19
FIXUPS: 2ce1 23 1b 2a d 3b d 2b d 3f3a1 20 46 7 77 20b29 b fffdf508 da
FIXUPS: 423bc 15 e 53 5c 52 20 11 5b 20838 b fffdf7f8 35 50 15 4a 1e 15
FIXUPS: 426e2 206e2 b fffdf948 2b fffff59f 20 42 11 c 13 4e a 22 17 8 8
FIXUPS: 41e40 3e 1d 1e b 49 1e 7 1a 74 52 15 e e e e c 20 37 43 fffff5e8
FIXUPS: 416ff 1a 2163e c c b fffde9ec 22 b4 10 25 71 1d 51 26 1f 87 52
FIXUPS: 41a86 3b 22 18 4c 28 26 2e 23 f 13 6c 15 fffff645 28 15 19 16 2a
FIXUPS: 4139c 1a 1e d 29 2f 35 b 14 1c 36 2a 38 12 12 24 a 43 40 35 24
FIXUPS: 41681 2b 13 10 f fffff8b1 1e 18 1a 21d28 b fffde2fc 24 13 19 1a
FIXUPS: 41087 f 3a b5 2a 37 17 f 7 7 7 7 7 7 2b 17 12 1a 21a83 c b fffddee7
FIXUPS: 40c51 27 7 7 7 7 7 7 7 12 37 27 7 7 7 7 7 7 7 12 1a 21f61 c b fffde0d0
FIXUPS: 40dd3 6c 20 d3 2f 27 fffff9cc 222f3 c b fffddd45 15 17 222ab b
FIXUPS: 409fe 24 1b 19 c e 17 21 11 23 1a 221a1 b fffddea1 15 17 2214b
FIXUPS: 62cc5 fffddef2 8 b 12 28 fffff9e4 8 7 16 c b 8 35 7 32 c 15 12
FIXUPS: 406ee 25 15 68 7 7 7 74 7 7 7 2e 3f 13 21 1b 27 17 12 fffff8c9
FIXUPS: 4022f 2c 43 7 c c 3a 34 20 22 1e 22 24 2b 17 f 12 1a 227c9 c c
FIXUPS: 62c3a fffdd84b 15 12 29 15 49 14 67 24 22601 c b fffdd254 21 21
FIXUPS: 3fea2 2b 7 10 12 12 1a 22cd5 b fffdd357 11 69 20 13 10 25 10 8c
FIXUPS: 400e8 13 33 21 15 19 16 61 fffff913 f 12 1a 23055 c c b fffdcfb7
FIXUPS: 3fb7e 30 21 15 19 16 1f 15 3f c 1f 3a 41 29 13 7 24 2b 17 f 12
FIXUPS: 3fe10 22db7 fffdcbf1 17 f f 12 1a 2333e c c c b fffdcccb d 30 21
FIXUPS: 3f8c2 19 16 1b 15 4d c c 38 47 3f 5a 7 7 7 12 2b fffff78f f 7 2b
FIXUPS: 3f2d7 f 12 1a 23815 c c b fffdc7f4 21 13 19 16 26 49 15 1b 24 c
FIXUPS: 3f5d0 be 3e 28 29 3e 7 7 24 fffff771 c 3a 33 31 30 7 7 7 12 2b
FIXUPS: 3f041 f 12 1a 23a7b c c b fffdc594 24 13 19 16 2d c 1e 44 51 25
FIXUPS: 3f237 27 fffff950 30 24 13 19 13 10 3a 33 2a 2f 17 f 7 7 7 2b 17
FIXUPS: 3eda6 1a 23d07 c b fffdc310 24 15 19 16 1f 60 7 16 fffff952 c 1c
FIXUPS: 3e8c0 45 20 7 2b 1a 1a 240ec b fffdbf5c 24 13 19 29 3e 24 21 f
FIXUPS: 3eaf0 2b 17 f 12 1a 23f2a c c b fffdc0e7 fffff83f 15 22 25 15 22
FIXUPS: 3e4f2 7 7 49 7 4e 27 32 7 7 2b 1a 1a 243f3 b fffdbc2c 24 15 3e
FIXUPS: 3e74c 24 15 2f 64 7 1b fffff6b4 21 15 24 2f 35 33 1b 31 7 38 35
FIXUPS: 3e0df 7 40 7 3a 7 4b 38 58 38 38 38 38 2e 1a 22 a c c 1e fffff718
FIXUPS: 3dafe 1c 7 17 1a 24ec5 b fffdb15c 24 15 44 3e 24 15 2f 64 7 1b
FIXUPS: 3dd31 c b 18 2a 19 63 50 38 1a 1a 24b75 b ffffff70 fffdad9c 15
FIXUPS: 3d77b 3b 24 3b 7 7 17 1a 25173 b fffdaecc 15 16 3f 23 48 7 7 14
FIXUPS: 3d9a7 1a 25026 c b fffdb010 15 16 2c 3b 8c9b 33 10 ffff6bc0 20
FIXUPS: 3d383 1c 19 cf 15 28 3a 2b 28 7 17 1a 253fe b fffdac4c 15 18 38
FIXUPS: 3d661 4f 7 7 7 7 17 1a 252aa fffe389b 23 22 4c 16 1b 2e 17 1cb5d
FIXUPS: 46391 17 1f c d 32 10 72 1a 76 10 c0 1f 30 1c876 e fffe37c7 d 36
FIXUPS: 466e4 13 32 5 fffff639 7 c e b 10 e b 10 c c 27 c9 10 2e 10 34
FIXUPS: 45f66 6e 10 30 1a 37 17 69 10 34 18 34 17 35 2b fffff6f4 37 d 33
FIXUPS: 45974 f 10 36 8 49 1d 15 10 39 10 74 10 68 a 18 17 21 1a 13 24
FIXUPS: 45c51 2f c 25 f 62 10 fffff811 17 3b e 17 3e 17 39 17 62 c 12 b
FIXUPS: 456f8 11 b 15 c 1b 17 3c c 11 11 f 35 17 f 1a 2e 20 25 fffff8a9
FIXUPS: 4517b 8 31 e 17 11 9 19 16 8 e e 15 20 15 10 f 10 36 10 5d 10 d
FIXUPS: 453ad 10 82 17 28 11 3a 6c fffff86e f 21 66 f d 2c 10 3e 20 40
FIXUPS: 44f4b f f b 10 31 f f f 21 2e 12 36 f d 30 f f d 3d d 1dd11 b fffe1c36
FIXUPS: 44aa4 19 8 f 15 c 1a 1e355 9 17 b fffe1cbe 10 40 14 10 3c c 10
FIXUPS: 44c53 d 35 d 35 1e 3a 20 36 f fffff85e 1f 25 23 17 13 1a 1f 29
FIXUPS: 44704 1f 21 1d 4b 13 1b 14 3f 16 d 4c 13 1b 14 3f 16 d 56 13 15
FIXUPS: 449d8 1e45c fffe1129 1e 19 21 31 1c 98 50 f 39 16 16 31 15 5a 1f
FIXUPS: 4423b 19 20 3c 33 1c 98 50 f 39 16 16 2e 15 1f 11b fffff4a9 3b
FIXUPS: 43adc 16 67 15 1f 16 10 35 1f 2b 8 15 1a 9 15 e 3b 29 1c 9f 50
FIXUPS: 43e13 30 16 21 23 18 1b 10 5e fffff52f 15 18 1b 16 15 ae 21 1c
FIXUPS: 4366a 50 19 20 2f 60 47 25 e 22 1c 14 e 37 34 34 37 37 50 25 41
FIXUPS: 43a31 3e fffff4c4 16 15 17 1fea5 b fffe01a3 23 b 33 19 4d 1c 28
FIXUPS: 430f2 1c 5c 90 28 22 52 3a 15 18 19 6f 22 25 61 13 f f fffff5f0
FIXUPS: 42ac8 17 1f d 29 63 e 11 9c 1d 28 f f d 2c 1b f 20 200ac c c b
FIXUPS: 42d6b 8a 1d 1d 40 10 57 1f 1f
